Archive member included to satisfy reference by file (symbol)

c:/program files/microchip/xc32/v3.01/bin/bin/../../lib/gcc/pic32mx/8.3.1\libgcc.a(floatunsidf.o)
                              build/default/production/ProjectSource/PIC32_SPI_HAL.o (__floatunsidf)
c:/program files/microchip/xc32/v3.01/bin/bin/../../lib/gcc/pic32mx/8.3.1/../../../../pic32mx/lib\libpic32.a(default-bootstrap-exception-handler.o)
                              C:\Users\DELL\AppData\Local\Temp\ccuSrMuY.o (_bootstrap_exception_handler)
c:/program files/microchip/xc32/v3.01/bin/bin/../../lib/gcc/pic32mx/8.3.1/../../../../pic32mx/lib\libpic32.a(default-on-reset.o)
                              C:\Users\DELL\AppData\Local\Temp\ccuSrMuY.o (_on_reset)
c:/program files/microchip/xc32/v3.01/bin/bin/../../lib/gcc/pic32mx/8.3.1/../../../../pic32mx/lib\libpic32.a(default-on-bootstrap.o)
                              C:\Users\DELL\AppData\Local\Temp\ccuSrMuY.o (_on_bootstrap)
c:/program files/microchip/xc32/v3.01/bin/bin/../../lib/gcc/pic32mx/8.3.1/../../../../pic32mx/lib\libpic32.a(default-nmi-handler.o)
                              C:\Users\DELL\AppData\Local\Temp\ccuSrMuY.o (_nmi_handler)
c:/program files/microchip/xc32/v3.01/bin/bin/../../lib/gcc/pic32mx/8.3.1/../../../../pic32mx/lib\libpic32.a(xc32_uart.o)
                              build/default/production/FrameworkSource/terminal.o (__XC_UART)
c:/program files/microchip/xc32/v3.01/bin/bin/../../lib/gcc/pic32mx/8.3.1/../../../../pic32mx/lib\libpic32.a(pic32_data_init.o)
                              C:\Users\DELL\AppData\Local\Temp\ccuSrMuY.o (__pic32_data_init)
c:/program files/microchip/xc32/v3.01/bin/bin/../../lib/gcc/pic32mx/8.3.1/../../../../pic32mx/lib\libpic32.a(general-exception.o)
                              C:\Users\DELL\AppData\Local\Temp\ccuSrMuY.o (_general_exception_context)
c:/program files/microchip/xc32/v3.01/bin/bin/../../lib/gcc/pic32mx/8.3.1/../../../../pic32mx/lib\libpic32.a(vector1.o)
                              C:\Users\DELL\AppData\Local\Temp\cc6ygaQB.o (__vector_dispatch_1)
c:/program files/microchip/xc32/v3.01/bin/bin/../../lib/gcc/pic32mx/8.3.1/../../../../pic32mx/lib\libpic32.a(vector2.o)
                              C:\Users\DELL\AppData\Local\Temp\cc6ygaQB.o (__vector_dispatch_2)
c:/program files/microchip/xc32/v3.01/bin/bin/../../lib/gcc/pic32mx/8.3.1/../../../../pic32mx/lib\libpic32.a(vector3.o)
                              C:\Users\DELL\AppData\Local\Temp\cc6ygaQB.o (__vector_dispatch_3)
c:/program files/microchip/xc32/v3.01/bin/bin/../../lib/gcc/pic32mx/8.3.1/../../../../pic32mx/lib\libpic32.a(vector4.o)
                              C:\Users\DELL\AppData\Local\Temp\cc6ygaQB.o (__vector_dispatch_4)
c:/program files/microchip/xc32/v3.01/bin/bin/../../lib/gcc/pic32mx/8.3.1/../../../../pic32mx/lib\libpic32.a(vector5.o)
                              C:\Users\DELL\AppData\Local\Temp\cc6ygaQB.o (__vector_dispatch_5)
c:/program files/microchip/xc32/v3.01/bin/bin/../../lib/gcc/pic32mx/8.3.1/../../../../pic32mx/lib\libpic32.a(vector6.o)
                              C:\Users\DELL\AppData\Local\Temp\cc6ygaQB.o (__vector_dispatch_6)
c:/program files/microchip/xc32/v3.01/bin/bin/../../lib/gcc/pic32mx/8.3.1/../../../../pic32mx/lib\libpic32.a(vector7.o)
                              C:\Users\DELL\AppData\Local\Temp\cc6ygaQB.o (__vector_dispatch_7)
c:/program files/microchip/xc32/v3.01/bin/bin/../../lib/gcc/pic32mx/8.3.1/../../../../pic32mx/lib\libpic32.a(vector8.o)
                              C:\Users\DELL\AppData\Local\Temp\cc6ygaQB.o (__vector_dispatch_8)
c:/program files/microchip/xc32/v3.01/bin/bin/../../lib/gcc/pic32mx/8.3.1/../../../../pic32mx/lib\libpic32.a(vector9.o)
                              C:\Users\DELL\AppData\Local\Temp\cc6ygaQB.o (__vector_dispatch_9)
c:/program files/microchip/xc32/v3.01/bin/bin/../../lib/gcc/pic32mx/8.3.1/../../../../pic32mx/lib\libpic32.a(vector10.o)
                              C:\Users\DELL\AppData\Local\Temp\cc6ygaQB.o (__vector_dispatch_10)
c:/program files/microchip/xc32/v3.01/bin/bin/../../lib/gcc/pic32mx/8.3.1/../../../../pic32mx/lib\libpic32.a(vector11.o)
                              C:\Users\DELL\AppData\Local\Temp\cc6ygaQB.o (__vector_dispatch_11)
c:/program files/microchip/xc32/v3.01/bin/bin/../../lib/gcc/pic32mx/8.3.1/../../../../pic32mx/lib\libpic32.a(vector12.o)
                              C:\Users\DELL\AppData\Local\Temp\cc6ygaQB.o (__vector_dispatch_12)
c:/program files/microchip/xc32/v3.01/bin/bin/../../lib/gcc/pic32mx/8.3.1/../../../../pic32mx/lib\libpic32.a(vector13.o)
                              C:\Users\DELL\AppData\Local\Temp\cc6ygaQB.o (__vector_dispatch_13)
c:/program files/microchip/xc32/v3.01/bin/bin/../../lib/gcc/pic32mx/8.3.1/../../../../pic32mx/lib\libpic32.a(vector14.o)
                              C:\Users\DELL\AppData\Local\Temp\cc6ygaQB.o (__vector_dispatch_14)
c:/program files/microchip/xc32/v3.01/bin/bin/../../lib/gcc/pic32mx/8.3.1/../../../../pic32mx/lib\libpic32.a(vector15.o)
[...]
Memory Configuration

Name             Origin             Length             Attributes
kseg0_program_mem 0x000000009d000000 0x000000000003f000 xr
exception_mem    0x000000009d03f000 0x0000000000001000
debug_exec_mem   0x000000009fc00490 0x0000000000000760
kseg0_boot_mem   0x000000009fc00490 0x0000000000000000
kseg1_boot_mem   0x00000000bfc00000 0x0000000000000490
config3          0x00000000bfc00bf0 0x0000000000000004
config2          0x00000000bfc00bf4 0x0000000000000004
config1          0x00000000bfc00bf8 0x0000000000000004
config0          0x00000000bfc00bfc 0x0000000000000004
kseg1_data_mem   0x00000000a0000000 0x0000000000010000 w !x
sfrs             0x00000000bf800000 0x0000000000100000
configsfrs       0x00000000bfc00bf0 0x0000000000000010
*default*        0x0000000000000000 0xffffffffffffffff

Linker script and memory map

LOAD c:/program files/microchip/xc32/v3.01/bin/bin/../../lib/gcc/pic32mx/8.3.1/../../../../pic32mx/lib\debug-exception-return.o
LOAD build/default/production/FrameworkSource/ES_CheckEvents.o
LOAD build/default/production/FrameworkSource/ES_DeferRecall.o
LOAD build/default/production/FrameworkSource/ES_Framework.o
LOAD build/default/production/FrameworkSource/ES_LookupTables.o
LOAD build/default/production/FrameworkSource/ES_Port.o
LOAD build/default/production/FrameworkSource/ES_PostList.o
LOAD build/default/production/FrameworkSource/ES_Queue.o
LOAD build/default/production/FrameworkSource/ES_Timers.o
LOAD build/default/production/FrameworkSource/terminal.o
LOAD build/default/production/FrameworkSource/circular_buffer_no_modulo_threadsafe.o
LOAD build/default/production/FrameworkSource/dbprintf.o
LOAD build/default/production/ProjectSource/EventCheckers.o
LOAD build/default/production/ProjectSource/main.o
LOAD build/default/production/FrameworkHeaders/ThrottleService.o
LOAD build/default/production/FrameworkHeaders/LEDMatrixService.o
LOAD build/default/production/ProjectSource/DM_DisplayStarter.o
LOAD build/default/production/ProjectSource/FontStuff.o
LOAD build/default/production/ProjectSource/PIC32_AD_Lib.o
LOAD build/default/production/ProjectSource/PIC32_PORT_HAL.o
LOAD build/default/production/ProjectSource/PIC32_SPI_HAL.o
                0x0000000000000001                __MPLAB_BUILD = 0x1
LOAD C:\Users\DELL\AppData\Local\Temp\ccuSrMuY.o
LOAD C:\Users\DELL\AppData\Local\Temp\ccj0Cn50.o
LOAD C:\Users\DELL\AppData\Local\Temp\cc6ygaQB.o
LOAD c:/program files/microchip/xc32/v3.01/bin/bin/../../lib/gcc/pic32mx/8.3.1/../../../../pic32mx/lib\pic32_software_reset.o
LOAD c:/program files/microchip/xc32/v3.01/bin/bin/../../lib/gcc/pic32mx/8.3.1\libgcc.a
START GROUP
LOAD c:/program files/microchip/xc32/v3.01/bin/bin/../../lib/gcc/pic32mx/8.3.1/../../../../pic32mx/lib\libpic32.a
LOAD c:/program files/microchip/xc32/v3.01/bin/bin/../../lib/gcc/pic32mx/8.3.1/../../../../pic32mx/lib\libdebug.a
LOAD c:/program files/microchip/xc32/v3.01/bin/bin/../../lib/gcc/pic32mx/8.3.1/../../../../pic32mx/lib\librcfops.a
LOAD c:/program files/microchip/xc32/v3.01/bin/bin/../../lib/gcc/pic32mx/8.3.1/../../../../pic32mx/lib\liblega-c.a
LOAD c:/program files/microchip/xc32/v3.01/bin/bin/../../lib/gcc/pic32mx/8.3.1/../../../../pic32mx/lib\libm.a
LOAD c:/program files/microchip/xc32/v3.01/bin/bin/../../lib/gcc/pic32mx/8.3.1/../../../../pic32mx/lib\libe.a
LOAD c:/program files/microchip/xc32/v3.01/bin/bin/../../lib/gcc/pic32mx/8.3.1/../../../../pic32mx/lib\libdsp.a
LOAD c:/program files/microchip/xc32/v3.01/bin/bin/../../lib/gcc/pic32mx/8.3.1\libgcc.a
LOAD c:/program files/microchip/xc32/v3.01/bin/bin/../../lib/gcc/pic32mx/8.3.1/../../../../pic32mx/lib\libpic32.a
END GROUP
LOAD c:/program files/microchip/xc32/v3.01/bin/bin/../../lib/gcc/pic32mx/8.3.1\libgcc.a
                0x0000000000000400                PROVIDE (_min_stack_size = 0x400)
START GROUP
LOAD libmchp_peripheral.a
END GROUP
START GROUP
LOAD libmchp_peripheral_32MX170F256B.a
END GROUP
                0x0000000000000001                PROVIDE (_vector_spacing = 0x1)
                0x000000009d03f000                PROVIDE (_ebase_address = 0x9d03f000)
                0x00000000bfc00000                _RESET_ADDR = 0xbfc00000
                0x00000000bfc00380                _BEV_EXCPT_ADDR = 0xbfc00380
                0x00000000bfc00480                _DBG_EXCPT_ADDR = 0xbfc00480
                0x000000009fc00490                _DBG_CODE_ADDR = 0x9fc00490
                0x0000000000000760                _DBG_CODE_SIZE = 0x760
                0x000000009d03f180                _GEN_EXCPT_ADDR = (_ebase_address + 0x180)

.config_BFC00BF0
                0x00000000bfc00bf0        0x4
 *(.config_BFC00BF0)
 .config_BFC00BF0
                0x00000000bfc00bf0        0x4 build/default/production/FrameworkSource/ES_Port.o
                0x00000000bfc00bf0                __config_BFC00BF0

.config_BFC00BF4
                0x00000000bfc00bf4        0x4
 *(.config_BFC00BF4)
 .config_BFC00BF4
                0x00000000bfc00bf4        0x4 build/default/production/FrameworkSource/ES_Port.o
                0x00000000bfc00bf4                __config_BFC00BF4

.config_BFC00BF8
                0x00000000bfc00bf8        0x4
 *(.config_BFC00BF8)
 .config_BFC00BF8
                0x00000000bfc00bf8        0x4 build/default/production/FrameworkSource/ES_Port.o
                0x00000000bfc00bf8                __config_BFC00BF8

.config_BFC00BFC
                0x00000000bfc00bfc        0x4
 *(.config_BFC00BFC)
 .config_BFC00BFC
                0x00000000bfc00bfc        0x4 build/default/production/FrameworkSource/ES_Port.o
                0x00000000bfc00bfc                __config_BFC00BFC

.reset          0x00000000bfc00000      0x178
 *(.reset)
 .reset         0x00000000bfc00000        0x8 C:\Users\DELL\AppData\Local\Temp\ccuSrMuY.o
                0x00000000bfc00000                _reset
 *(.reset.startup)
 .reset.startup
                0x00000000bfc00008      0x170 C:\Users\DELL\AppData\Local\Temp\ccuSrMuY.o
                0x00000000bfc00008                _startup

.bev_excpt      0x00000000bfc00380       0x10
 *(.bev_handler)
 .bev_handler   0x00000000bfc00380       0x10 C:\Users\DELL\AppData\Local\Temp\ccuSrMuY.o

.dbg_excpt      0x00000000bfc00480        0x0
                0x00000000bfc00480                . = (. + DEFINED (_DEBUGGER)?0x8:0x0)

.dbg_code       0x000000009fc00490        0x0
                0x000000009fc00490                . = (. + DEFINED (_DEBUGGER)?_DBG_CODE_SIZE:0x0)

.app_excpt      0x000000009d03f180       0x10
 *(.gen_handler)
 .gen_handler   0x000000009d03f180       0x10 C:\Users\DELL\AppData\Local\Temp\ccuSrMuY.o

.vector_0       0x000000009d03f200        0x8
 *(.vector_0)
 .vector_0      0x000000009d03f200        0x8 build/default/production/FrameworkSource/ES_Port.o
                0x000000009d03f200                __vector_dispatch_0
                0x0000000000000001                ASSERT (((_vector_spacing == 0x0) || (SIZEOF (.vector_0) <= (_vector_spacing << 0x5))), function at exception vector 0 too large)

.vector_1       0x000000009d03f220        0x8
 *(.vector_1)
 .vector_1      0x000000009d03f220        0x8 c:/program files/microchip/xc32/v3.01/bin/bin/../../lib/gcc/pic32mx/8.3.1/../../../../pic32mx/lib\libpic32.a(vector1.o)
                0x000000009d03f220                __vector_dispatch_1
                0x0000000000000001                ASSERT (((_vector_spacing == 0x0) || (SIZEOF (.vector_1) <= (_vector_spacing << 0x5))), function at exception vector 1 too large)

.vector_2       0x000000009d03f240        0x8
 *(.vector_2)
 .vector_2      0x000000009d03f240        0x8 c:/program files/microchip/xc32/v3.01/bin/bin/../../lib/gcc/pic32mx/8.3.1/../../../../pic32mx/lib\libpic32.a(vector2.o)
                0x000000009d03f240                __vector_dispatch_2
                0x0000000000000001                ASSERT (((_vector_spacing == 0x0) || (SIZEOF (.vector_2) <= (_vector_spacing << 0x5))), function at exception vector 2 too large)

.vector_3       0x000000009d03f260        0x8
 *(.vector_3)
 .vector_3      0x000000009d03f260        0x8 c:/program files/microchip/xc32/v3.01/bin/bin/../../lib/gcc/pic32mx/8.3.1/../../../../pic32mx/lib\libpic32.a(vector3.o)
                0x000000009d03f260                __vector_dispatch_3
                0x0000000000000001                ASSERT (((_vector_spacing == 0x0) || (SIZEOF (.vector_3) <= (_vector_spacing << 0x5))), function at exception vector 3 too large)

.vector_4       0x000000009d03f280        0x8
 *(.vector_4)
 .vector_4      0x000000009d03f280        0x8 c:/program files/microchip/xc32/v3.01/bin/bin/../../lib/gcc/pic32mx/8.3.1/../../../../pic32mx/lib\libpic32.a(vector4.o)
                0x000000009d03f280                __vector_dispatch_4
                0x0000000000000001                ASSERT (((_vector_spacing == 0x0) || (SIZEOF (.vector_4) <= (_vector_spacing << 0x5))), function at exception vector 4 too large)

.vector_5       0x000000009d03f2a0        0x8
 *(.vector_5)
 .vector_5      0x000000009d03f2a0        0x8 c:/program files/microchip/xc32/v3.01/bin/bin/../../lib/gcc/pic32mx/8.3.1/../../../../pic32mx/lib\libpic32.a(vector5.o)
                0x000000009d03f2a0                __vector_dispatch_5
                0x0000000000000001                ASSERT (((_vector_spacing == 0x0) || (SIZEOF (.vector_5) <= (_vector_spacing << 0x5))), function at exception vector 5 too large)

.vector_6       0x000000009d03f2c0        0x8
 *(.vector_6)
 .vector_6      0x000000009d03f2c0        0x8 c:/program files/microchip/xc32/v3.01/bin/bin/../../lib/gcc/pic32mx/8.3.1/../../../../pic32mx/lib\libpic32.a(vector6.o)
                0x000000009d03f2c0                __vector_dispatch_6
                0x0000000000000001                ASSERT (((_vector_spacing == 0x0) || (SIZEOF (.vector_6) <= (_vector_spacing << 0x5))), function at exception vector 6 too large)

.vector_7       0x000000009d03f2e0        0x8
 *(.vector_7)
 .vector_7      0x000000009d03f2e0        0x8 c:/program files/microchip/xc32/v3.01/bin/bin/../../lib/gcc/pic32mx/8.3.1/../../../../pic32mx/lib\libpic32.a(vector7.o)
                0x000000009d03f2e0                __vector_dispatch_7
                0x0000000000000001                ASSERT (((_vector_spacing == 0x0) || (SIZEOF (.vector_7) <= (_vector_spacing << 0x5))), function at exception vector 7 too large)

.vector_8       0x000000009d03f300        0x8
 *(.vector_8)
 .vector_8      0x000000009d03f300        0x8 c:/program files/microchip/xc32/v3.01/bin/bin/../../lib/gcc/pic32mx/8.3.1/../../../../pic32mx/lib\libpic32.a(vector8.o)
                0x000000009d03f300                __vector_dispatch_8
                0x0000000000000001                ASSERT (((_vector_spacing == 0x0) || (SIZEOF (.vector_8) <= (_vector_spacing << 0x5))), function at exception vector 8 too large)

.vector_9       0x000000009d03f320        0x8
 *(.vector_9)
 .vector_9      0x000000009d03f320        0x8 c:/program files/microchip/xc32/v3.01/bin/bin/../../lib/gcc/pic32mx/8.3.1/../../../../pic32mx/lib\libpic32.a(vector9.o)
                0x000000009d03f320                __vector_dispatch_9
                0x0000000000000001                ASSERT (((_vector_spacing == 0x0) || (SIZEOF (.vector_9) <= (_vector_spacing << 0x5))), function at exception vector 9 too large)

.vector_10      0x000000009d03f340        0x8
 *(.vector_10)
 .vector_10     0x000000009d03f340        0x8 c:/program files/microchip/xc32/v3.01/bin/bin/../../lib/gcc/pic32mx/8.3.1/../../../../pic32mx/lib\libpic32.a(vector10.o)
                0x000000009d03f340                __vector_dispatch_10
                0x0000000000000001                ASSERT (((_vector_spacing == 0x0) || (SIZEOF (.vector_10) <= (_vector_spacing << 0x5))), function at exception vector 10 too large)

.vector_11      0x000000009d03f360        0x8
 *(.vector_11)
 .vector_11     0x000000009d03f360        0x8 c:/program files/microchip/xc32/v3.01/bin/bin/../../lib/gcc/pic32mx/8.3.1/../../../../pic32mx/lib\libpic32.a(vector11.o)
                0x000000009d03f360                __vector_dispatch_11
                0x0000000000000001                ASSERT (((_vector_spacing == 0x0) || (SIZEOF (.vector_11) <= (_vector_spacing << 0x5))), function at exception vector 11 too large)

.vector_12      0x000000009d03f380        0x8
 *(.vector_12)
 .vector_12     0x000000009d03f380        0x8 c:/program files/microchip/xc32/v3.01/bin/bin/../../lib/gcc/pic32mx/8.3.1/../../../../pic32mx/lib\libpic32.a(vector12.o)
                0x000000009d03f380                __vector_dispatch_12
                0x0000000000000001                ASSERT (((_vector_spacing == 0x0) || (SIZEOF (.vector_12) <= (_vector_spacing << 0x5))), function at exception vector 12 too large)

.vector_13      0x000000009d03f3a0        0x8
 *(.vector_13)
 .vector_13     0x000000009d03f3a0        0x8 c:/program files/microchip/xc32/v3.01/bin/bin/../../lib/gcc/pic32mx/8.3.1/../../../../pic32mx/lib\libpic32.a(vector13.o)
                0x000000009d03f3a0                __vector_dispatch_13
                0x0000000000000001                ASSERT (((_vector_spacing == 0x0) || (SIZEOF (.vector_13) <= (_vector_spacing << 0x5))), function at exception vector 13 too large)

.vector_14      0x000000009d03f3c0        0x8
 *(.vector_14)
 .vector_14     0x000000009d03f3c0        0x8 c:/program files/microchip/xc32/v3.01/bin/bin/../../lib/gcc/pic32mx/8.3.1/../../../../pic32mx/lib\libpic32.a(vector14.o)
                0x000000009d03f3c0                __vector_dispatch_14
                0x0000000000000001                ASSERT (((_vector_spacing == 0x0) || (SIZEOF (.vector_14) <= (_vector_spacing << 0x5))), function at exception vector 14 too large)

.vector_15      0x000000009d03f3e0        0x8
 *(.vector_15)
 .vector_15     0x000000009d03f3e0        0x8 c:/program files/microchip/xc32/v3.01/bin/bin/../../lib/gcc/pic32mx/8.3.1/../../../../pic32mx/lib\libpic32.a(vector15.o)
                0x000000009d03f3e0                __vector_dispatch_15
                0x0000000000000001                ASSERT (((_vector_spacing == 0x0) || (SIZEOF (.vector_15) <= (_vector_spacing << 0x5))), function at exception vector 15 too large)

.vector_16      0x000000009d03f400        0x8
 *(.vector_16)
 .vector_16     0x000000009d03f400        0x8 c:/program files/microchip/xc32/v3.01/bin/bin/../../lib/gcc/pic32mx/8.3.1/../../../../pic32mx/lib\libpic32.a(vector16.o)
                0x000000009d03f400                __vector_dispatch_16
                0x0000000000000001                ASSERT (((_vector_spacing == 0x0) || (SIZEOF (.vector_16) <= (_vector_spacing << 0x5))), function at exception vector 16 too large)

.vector_17      0x000000009d03f420        0x8
 *(.vector_17)
 .vector_17     0x000000009d03f420        0x8 c:/program files/microchip/xc32/v3.01/bin/bin/../../lib/gcc/pic32mx/8.3.1/../../../../pic32mx/lib\libpic32.a(vector17.o)
                0x000000009d03f420                __vector_dispatch_17
                0x0000000000000001                ASSERT (((_vector_spacing == 0x0) || (SIZEOF (.vector_17) <= (_vector_spacing << 0x5))), function at exception vector 17 too large)

.vector_18      0x000000009d03f440        0x8
 *(.vector_18)
 .vector_18     0x000000009d03f440        0x8 c:/program files/microchip/xc32/v3.01/bin/bin/../../lib/gcc/pic32mx/8.3.1/../../../../pic32mx/lib\libpic32.a(vector18.o)
                0x000000009d03f440                __vector_dispatch_18
                0x0000000000000001                ASSERT (((_vector_spacing == 0x0) || (SIZEOF (.vector_18) <= (_vector_spacing << 0x5))), function at exception vector 18 too large)

.vector_19      0x000000009d03f460        0x8
 *(.vector_19)
 .vector_19     0x000000009d03f460        0x8 c:/program files/microchip/xc32/v3.01/bin/bin/../../lib/gcc/pic32mx/8.3.1/../../../../pic32mx/lib\libpic32.a(vector19.o)
                0x000000009d03f460                __vector_dispatch_19
                0x0000000000000001                ASSERT (((_vector_spacing == 0x0) || (SIZEOF (.vector_19) <= (_vector_spacing << 0x5))), function at exception vector 19 too large)

.vector_20      0x000000009d03f480        0x8
 *(.vector_20)
 .vector_20     0x000000009d03f480        0x8 c:/program files/microchip/xc32/v3.01/bin/bin/../../lib/gcc/pic32mx/8.3.1/../../../../pic32mx/lib\libpic32.a(vector20.o)
                0x000000009d03f480                __vector_dispatch_20
                0x0000000000000001                ASSERT (((_vector_spacing == 0x0) || (SIZEOF (.vector_20) <= (_vector_spacing << 0x5))), function at exception vector 20 too large)

.vector_21      0x000000009d03f4a0        0x8
 *(.vector_21)
 .vector_21     0x000000009d03f4a0        0x8 c:/program files/microchip/xc32/v3.01/bin/bin/../../lib/gcc/pic32mx/8.3.1/../../../../pic32mx/lib\libpic32.a(vector21.o)
                0x000000009d03f4a0                __vector_dispatch_21
                0x0000000000000001                ASSERT (((_vector_spacing == 0x0) || (SIZEOF (.vector_21) <= (_vector_spacing << 0x5))), function at exception vector 21 too large)

.vector_22      0x000000009d03f4c0        0x8
 *(.vector_22)
 .vector_22     0x000000009d03f4c0        0x8 c:/program files/microchip/xc32/v3.01/bin/bin/../../lib/gcc/pic32mx/8.3.1/../../../../pic32mx/lib\libpic32.a(vector22.o)
                0x000000009d03f4c0                __vector_dispatch_22
                0x0000000000000001                ASSERT (((_vector_spacing == 0x0) || (SIZEOF (.vector_22) <= (_vector_spacing << 0x5))), function at exception vector 22 too large)

.vector_23      0x000000009d03f4e0        0x8
 *(.vector_23)
 .vector_23     0x000000009d03f4e0        0x8 c:/program files/microchip/xc32/v3.01/bin/bin/../../lib/gcc/pic32mx/8.3.1/../../../../pic32mx/lib\libpic32.a(vector23.o)
                0x000000009d03f4e0                __vector_dispatch_23
                0x0000000000000001                ASSERT (((_vector_spacing == 0x0) || (SIZEOF (.vector_23) <= (_vector_spacing << 0x5))), function at exception vector 23 too large)

.vector_24      0x000000009d03f500        0x8
 *(.vector_24)
 .vector_24     0x000000009d03f500        0x8 c:/program files/microchip/xc32/v3.01/bin/bin/../../lib/gcc/pic32mx/8.3.1/../../../../pic32mx/lib\libpic32.a(vector24.o)
                0x000000009d03f500                __vector_dispatch_24
                0x0000000000000001                ASSERT (((_vector_spacing == 0x0) || (SIZEOF (.vector_24) <= (_vector_spacing << 0x5))), function at exception vector 24 too large)

.vector_25      0x000000009d03f520        0x8
 *(.vector_25)
 .vector_25     0x000000009d03f520        0x8 c:/program files/microchip/xc32/v3.01/bin/bin/../../lib/gcc/pic32mx/8.3.1/../../../../pic32mx/lib\libpic32.a(vector25.o)
                0x000000009d03f520                __vector_dispatch_25
                0x0000000000000001                ASSERT (((_vector_spacing == 0x0) || (SIZEOF (.vector_25) <= (_vector_spacing << 0x5))), function at exception vector 25 too large)

.vector_26      0x000000009d03f540        0x8
 *(.vector_26)
 .vector_26     0x000000009d03f540        0x8 c:/program files/microchip/xc32/v3.01/bin/bin/../../lib/gcc/pic32mx/8.3.1/../../../../pic32mx/lib\libpic32.a(vector26.o)
                0x000000009d03f540                __vector_dispatch_26
                0x0000000000000001                ASSERT (((_vector_spacing == 0x0) || (SIZEOF (.vector_26) <= (_vector_spacing << 0x5))), function at exception vector 26 too large)

.vector_27      0x000000009d03f560        0x8
 *(.vector_27)
 .vector_27     0x000000009d03f560        0x8 c:/program files/microchip/xc32/v3.01/bin/bin/../../lib/gcc/pic32mx/8.3.1/../../../../pic32mx/lib\libpic32.a(vector27.o)
                0x000000009d03f560                __vector_dispatch_27
                0x0000000000000001                ASSERT (((_vector_spacing == 0x0) || (SIZEOF (.vector_27) <= (_vector_spacing << 0x5))), function at exception vector 27 too large)

.vector_28      0x000000009d03f580        0x8
 *(.vector_28)
 .vector_28     0x000000009d03f580        0x8 c:/program files/microchip/xc32/v3.01/bin/bin/../../lib/gcc/pic32mx/8.3.1/../../../../pic32mx/lib\libpic32.a(vector28.o)
                0x000000009d03f580                __vector_dispatch_28
                0x0000000000000001                ASSERT (((_vector_spacing == 0x0) || (SIZEOF (.vector_28) <= (_vector_spacing << 0x5))), function at exception vector 28 too large)

.vector_29      0x000000009d03f5a0        0x8
 *(.vector_29)
 .vector_29     0x000000009d03f5a0        0x8 c:/program files/microchip/xc32/v3.01/bin/bin/../../lib/gcc/pic32mx/8.3.1/../../../../pic32mx/lib\libpic32.a(vector29.o)
                0x000000009d03f5a0                __vector_dispatch_29
                0x0000000000000001                ASSERT (((_vector_spacing == 0x0) || (SIZEOF (.vector_29) <= (_vector_spacing << 0x5))), function at exception vector 29 too large)

.vector_30      0x000000009d03f5c0        0x8
 *(.vector_30)
 .vector_30     0x000000009d03f5c0        0x8 c:/program files/microchip/xc32/v3.01/bin/bin/../../lib/gcc/pic32mx/8.3.1/../../../../pic32mx/lib\libpic32.a(vector30.o)
                0x000000009d03f5c0                __vector_dispatch_30
                0x0000000000000001                ASSERT (((_vector_spacing == 0x0) || (SIZEOF (.vector_30) <= (_vector_spacing << 0x5))), function at exception vector 30 too large)

.vector_31      0x000000009d03f5e0        0x8
 *(.vector_31)
 .vector_31     0x000000009d03f5e0        0x8 c:/program files/microchip/xc32/v3.01/bin/bin/../../lib/gcc/pic32mx/8.3.1/../../../../pic32mx/lib\libpic32.a(vector31.o)
                0x000000009d03f5e0                __vector_dispatch_31
                0x0000000000000001                ASSERT (((_vector_spacing == 0x0) || (SIZEOF (.vector_31) <= (_vector_spacing << 0x5))), function at exception vector 31 too large)

.vector_32      0x000000009d03f600        0x8
 *(.vector_32)
 .vector_32     0x000000009d03f600        0x8 c:/program files/microchip/xc32/v3.01/bin/bin/../../lib/gcc/pic32mx/8.3.1/../../../../pic32mx/lib\libpic32.a(vector32.o)
                0x000000009d03f600                __vector_dispatch_32
                0x0000000000000001                ASSERT (((_vector_spacing == 0x0) || (SIZEOF (.vector_32) <= (_vector_spacing << 0x5))), function at exception vector 32 too large)

.vector_33      0x000000009d03f620        0x8
 *(.vector_33)
 .vector_33     0x000000009d03f620        0x8 c:/program files/microchip/xc32/v3.01/bin/bin/../../lib/gcc/pic32mx/8.3.1/../../../../pic32mx/lib\libpic32.a(vector33.o)
                0x000000009d03f620                __vector_dispatch_33
                0x0000000000000001                ASSERT (((_vector_spacing == 0x0) || (SIZEOF (.vector_33) <= (_vector_spacing << 0x5))), function at exception vector 33 too large)

.vector_34      0x000000009d03f640        0x8
 *(.vector_34)
 .vector_34     0x000000009d03f640        0x8 c:/program files/microchip/xc32/v3.01/bin/bin/../../lib/gcc/pic32mx/8.3.1/../../../../pic32mx/lib\libpic32.a(vector34.o)
                0x000000009d03f640                __vector_dispatch_34
                0x0000000000000001                ASSERT (((_vector_spacing == 0x0) || (SIZEOF (.vector_34) <= (_vector_spacing << 0x5))), function at exception vector 34 too large)

.vector_35      0x000000009d03f660        0x8
 *(.vector_35)
 .vector_35     0x000000009d03f660        0x8 c:/program files/microchip/xc32/v3.01/bin/bin/../../lib/gcc/pic32mx/8.3.1/../../../../pic32mx/lib\libpic32.a(vector35.o)
                0x000000009d03f660                __vector_dispatch_35
                0x0000000000000001                ASSERT (((_vector_spacing == 0x0) || (SIZEOF (.vector_35) <= (_vector_spacing << 0x5))), function at exception vector 35 too large)

.vector_36      0x000000009d03f680        0x8
 *(.vector_36)
 .vector_36     0x000000009d03f680        0x8 c:/program files/microchip/xc32/v3.01/bin/bin/../../lib/gcc/pic32mx/8.3.1/../../../../pic32mx/lib\libpic32.a(vector36.o)
                0x000000009d03f680                __vector_dispatch_36
                0x0000000000000001                ASSERT (((_vector_spacing == 0x0) || (SIZEOF (.vector_36) <= (_vector_spacing << 0x5))), function at exception vector 36 too large)

.vector_37      0x000000009d03f6a0        0x8
 *(.vector_37)
 .vector_37     0x000000009d03f6a0        0x8 c:/program files/microchip/xc32/v3.01/bin/bin/../../lib/gcc/pic32mx/8.3.1/../../../../pic32mx/lib\libpic32.a(vector37.o)
                0x000000009d03f6a0                __vector_dispatch_37
                0x0000000000000001                ASSERT (((_vector_spacing == 0x0) || (SIZEOF (.vector_37) <= (_vector_spacing << 0x5))), function at exception vector 37 too large)

.vector_38      0x000000009d03f6c0        0x8
 *(.vector_38)
 .vector_38     0x000000009d03f6c0        0x8 c:/program files/microchip/xc32/v3.01/bin/bin/../../lib/gcc/pic32mx/8.3.1/../../../../pic32mx/lib\libpic32.a(vector38.o)
                0x000000009d03f6c0                __vector_dispatch_38
                0x0000000000000001                ASSERT (((_vector_spacing == 0x0) || (SIZEOF (.vector_38) <= (_vector_spacing << 0x5))), function at exception vector 38 too large)

.vector_39      0x000000009d03f6e0        0x8
 *(.vector_39)
 .vector_39     0x000000009d03f6e0        0x8 c:/program files/microchip/xc32/v3.01/bin/bin/../../lib/gcc/pic32mx/8.3.1/../../../../pic32mx/lib\libpic32.a(vector39.o)
                0x000000009d03f6e0                __vector_dispatch_39
                0x0000000000000001                ASSERT (((_vector_spacing == 0x0) || (SIZEOF (.vector_39) <= (_vector_spacing << 0x5))), function at exception vector 39 too large)

.vector_40      0x000000009d03f700        0x8
 *(.vector_40)
 .vector_40     0x000000009d03f700        0x8 c:/program files/microchip/xc32/v3.01/bin/bin/../../lib/gcc/pic32mx/8.3.1/../../../../pic32mx/lib\libpic32.a(vector40.o)
                0x000000009d03f700                __vector_dispatch_40
                0x0000000000000001                ASSERT (((_vector_spacing == 0x0) || (SIZEOF (.vector_40) <= (_vector_spacing << 0x5))), function at exception vector 40 too large)

.vector_41      0x000000009d03f720        0x8
 *(.vector_41)
 .vector_41     0x000000009d03f720        0x8 c:/program files/microchip/xc32/v3.01/bin/bin/../../lib/gcc/pic32mx/8.3.1/../../../../pic32mx/lib\libpic32.a(vector41.o)
                0x000000009d03f720                __vector_dispatch_41
                0x0000000000000001                ASSERT (((_vector_spacing == 0x0) || (SIZEOF (.vector_41) <= (_vector_spacing << 0x5))), function at exception vector 41 too large)

.vector_42      0x000000009d03f740        0x8
 *(.vector_42)
 .vector_42     0x000000009d03f740        0x8 c:/program files/microchip/xc32/v3.01/bin/bin/../../lib/gcc/pic32mx/8.3.1/../../../../pic32mx/lib\libpic32.a(vector42.o)
                0x000000009d03f740                __vector_dispatch_42
                0x0000000000000001                ASSERT (((_vector_spacing == 0x0) || (SIZEOF (.vector_42) <= (_vector_spacing << 0x5))), function at exception vector 42 too large)

.vector_43      0x000000009d03f760        0x8
 *(.vector_43)
 .vector_43     0x000000009d03f760        0x8 c:/program files/microchip/xc32/v3.01/bin/bin/../../lib/gcc/pic32mx/8.3.1/../../../../pic32mx/lib\libpic32.a(vector43.o)
                0x000000009d03f760                __vector_dispatch_43
                0x0000000000000001                ASSERT (((_vector_spacing == 0x0) || (SIZEOF (.vector_43) <= (_vector_spacing << 0x5))), function at exception vector 43 too large)

.vector_44      0x000000009d03f780        0x0
 *(.vector_44)
                0x0000000000000001                ASSERT (((_vector_spacing == 0x0) || (SIZEOF (.vector_44) <= (_vector_spacing << 0x5))), function at exception vector 44 too large)

.vector_45      0x000000009d03f7a0        0x0
 *(.vector_45)
                0x0000000000000001                ASSERT (((_vector_spacing == 0x0) || (SIZEOF (.vector_45) <= (_vector_spacing << 0x5))), function at exception vector 45 too large)

.vector_46      0x000000009d03f7c0        0x0
 *(.vector_46)
                0x0000000000000001                ASSERT (((_vector_spacing == 0x0) || (SIZEOF (.vector_46) <= (_vector_spacing << 0x5))), function at exception vector 46 too large)

.vector_47      0x000000009d03f7e0        0x0
 *(.vector_47)
                0x0000000000000001                ASSERT (((_vector_spacing == 0x0) || (SIZEOF (.vector_47) <= (_vector_spacing << 0x5))), function at exception vector 47 too large)

.vector_48      0x000000009d03f800        0x0
 *(.vector_48)
                0x0000000000000001                ASSERT (((_vector_spacing == 0x0) || (SIZEOF (.vector_48) <= (_vector_spacing << 0x5))), function at exception vector 48 too large)

.vector_49      0x000000009d03f820        0x0
 *(.vector_49)
                0x0000000000000001                ASSERT (((_vector_spacing == 0x0) || (SIZEOF (.vector_49) <= (_vector_spacing << 0x5))), function at exception vector 49 too large)

.vector_50      0x000000009d03f840        0x0
 *(.vector_50)
                0x0000000000000001                ASSERT (((_vector_spacing == 0x0) || (SIZEOF (.vector_50) <= (_vector_spacing << 0x5))), function at exception vector 50 too large)

.vector_51      0x000000009d03f860        0x0
 *(.vector_51)
                0x0000000000000001                ASSERT (((_vector_spacing == 0x0) || (SIZEOF (.vector_51) <= (_vector_spacing << 0x5))), function at exception vector 51 too large)

.vector_52      0x000000009d03f880        0x0
 *(.vector_52)
                0x0000000000000001                ASSERT (((_vector_spacing == 0x0) || (SIZEOF (.vector_52) <= (_vector_spacing << 0x5))), function at exception vector 52 too large)

.vector_53      0x000000009d03f8a0        0x0
 *(.vector_53)
                0x0000000000000001                ASSERT (((_vector_spacing == 0x0) || (SIZEOF (.vector_53) <= (_vector_spacing << 0x5))), function at exception vector 53 too large)

.vector_54      0x000000009d03f8c0        0x0
 *(.vector_54)
                0x0000000000000001                ASSERT (((_vector_spacing == 0x0) || (SIZEOF (.vector_54) <= (_vector_spacing << 0x5))), function at exception vector 54 too large)

.vector_55      0x000000009d03f8e0        0x0
 *(.vector_55)
                0x0000000000000001                ASSERT (((_vector_spacing == 0x0) || (SIZEOF (.vector_55) <= (_vector_spacing << 0x5))), function at exception vector 55 too large)

.vector_56      0x000000009d03f900        0x0
 *(.vector_56)
                0x0000000000000001                ASSERT (((_vector_spacing == 0x0) || (SIZEOF (.vector_56) <= (_vector_spacing << 0x5))), function at exception vector 56 too large)

.vector_57      0x000000009d03f920        0x0
 *(.vector_57)
                0x0000000000000001                ASSERT (((_vector_spacing == 0x0) || (SIZEOF (.vector_57) <= (_vector_spacing << 0x5))), function at exception vector 57 too large)

.vector_58      0x000000009d03f940        0x0
 *(.vector_58)
                0x0000000000000001                ASSERT (((_vector_spacing == 0x0) || (SIZEOF (.vector_58) <= (_vector_spacing << 0x5))), function at exception vector 58 too large)

.vector_59      0x000000009d03f960        0x0
 *(.vector_59)
                0x0000000000000001                ASSERT (((_vector_spacing == 0x0) || (SIZEOF (.vector_59) <= (_vector_spacing << 0x5))), function at exception vector 59 too large)

.vector_60      0x000000009d03f980        0x0
 *(.vector_60)
                0x0000000000000001                ASSERT (((_vector_spacing == 0x0) || (SIZEOF (.vector_60) <= (_vector_spacing << 0x5))), function at exception vector 60 too large)

.vector_61      0x000000009d03f9a0        0x0
 *(.vector_61)
                0x0000000000000001                ASSERT (((_vector_spacing == 0x0) || (SIZEOF (.vector_61) <= (_vector_spacing << 0x5))), function at exception vector 61 too large)

.vector_62      0x000000009d03f9c0        0x0
 *(.vector_62)
                0x0000000000000001                ASSERT (((_vector_spacing == 0x0) || (SIZEOF (.vector_62) <= (_vector_spacing << 0x5))), function at exception vector 62 too large)

.vector_63      0x000000009d03f9e0        0x0
 *(.vector_63)
                0x0000000000000001                ASSERT (((_vector_spacing == 0x0) || (SIZEOF (.vector_63) <= (_vector_spacing << 0x5))), function at exception vector 63 too large)

.startup
 *(.startup)

.text           0x000000009d000000        0x0
 *(.stub .gnu.linkonce.t.*)
 *(.text.*personality*)
 *(.mips16.fn.*)
 *(.mips16.call.*)
 *(.gnu.warning)
                0x000000009d000000                . = ALIGN (0x4)

.init           0x000000009d000000        0x0
 *crti.o(.init)
 *crtbegin.o(.init)
 *(EXCLUDE_FILE(*crtn.o *crtend?.o *crtend.o) .init)
 *crtend.o(.init)
 *crtn.o(.init)
                0x000000009d000000                . = ALIGN (0x4)

.fini           0x000000009d000000        0x0
 *(.fini)
                0x000000009d000000                . = ALIGN (0x4)

.preinit_array  0x000000009d000000        0x0
                [!provide]                        PROVIDE (__preinit_array_start = .)
 *(.preinit_array)
                [!provide]                        PROVIDE (__preinit_array_end = .)
                0x000000009d000000                . = ALIGN (0x4)

.init_array     0x000000009d000000        0x0
                [!provide]                        PROVIDE (__init_array_start = .)
 *(SORT_BY_NAME(.init_array.*))
 *(.init_array)
                [!provide]                        PROVIDE (__init_array_end = .)
                0x000000009d000000                . = ALIGN (0x4)

.fini_array     0x000000009d000000        0x0
                [!provide]                        PROVIDE (__fini_array_start = .)
 *(SORT_BY_NAME(.fini_array.*))
 *(.fini_array)
                [!provide]                        PROVIDE (__fini_array_end = .)
                0x000000009d000000                . = ALIGN (0x4)

.ctors          0x000000009d000000        0x0
 *crtbegin.o(.ctors)
 *crtbegin?.o(.ctors)
 *(EXCLUDE_FILE(*crtend?.o *crtend.o) .ctors)
 *(SORT_BY_NAME(.ctors.*))
 *(.ctors)
                0x000000009d000000                . = ALIGN (0x4)

.dtors          0x000000009d000000        0x0
 *crtbegin.o(.dtors)
 *crtbegin?.o(.dtors)
 *(EXCLUDE_FILE(*crtend?.o *crtend.o) .dtors)
 *(SORT_BY_NAME(.dtors.*))
 *(.dtors)
                0x000000009d000000                . = ALIGN (0x4)

.rodata         0x000000009d000000        0x0
 *(.gnu.linkonce.r.*)
 *(.rodata1)
                0x000000009d000000                . = ALIGN (0x4)

.sdata2         0x000000009d000000        0x0
 *(.sdata2 .sdata2.* .gnu.linkonce.s2.*)
                0x000000009d000000                . = ALIGN (0x4)

.sbss2          0x000000009d000000        0x0
 *(.sbss2 .sbss2.* .gnu.linkonce.sb2.*)
                0x000000009d000000                . = ALIGN (0x4)

.eh_frame_hdr
 *(.eh_frame_hdr)
                0x000000009d000000                . = ALIGN (0x4)

.eh_frame
 *(.eh_frame)
                0x000000009d000000                . = ALIGN (0x4)

.gcc_except_table
 *(.gcc_except_table .gcc_except_table.*)
                0x000000009d000000                . = ALIGN (0x4)

.dbg_data       0x00000000a0000000        0x0
                0x00000000a0000000                . = (. + DEFINED (_DEBUGGER)?0x200:0x0)

.jcr            0x00000000a0000000        0x0
 *(.jcr)
                0x00000000a0000000                . = ALIGN (0x4)

.eh_frame
 *(.eh_frame)
                0x00000000a0000000                . = ALIGN (0x4)

.gcc_except_table
 *(.gcc_except_table .gcc_except_table.*)
                0x00000000a0000000                . = ALIGN (0x4)

.persist        0x00000000a0000000        0x0
                0x00000000a0000000                _persist_begin = .
 *(.persist .persist.*)
                0x00000000a0000000                . = ALIGN (0x4)
                0x00000000a0000000                _persist_end = .

.data           0x00000000a0000000        0x0
 *(.gnu.linkonce.d.*)
 *(.data1)
                0x00000000a0000000                . = ALIGN (0x4)
                0x00000000a0000000                . = .
                0x00000000a0007ff0                _gp = (ALIGN (0x10) + 0x7ff0)

.got            0x00000000a0000000        0x0
 *(.got.plt)
 *(.got)
                0x00000000a0000000                . = ALIGN (0x4)

.sdata          0x00000000a0000000        0xc
                0x00000000a0000000                _sdata_begin = .
 *(.sdata .sdata.* .gnu.linkonce.s.*)
 .sdata         0x00000000a0000000        0x4 build/default/production/FrameworkHeaders/LEDMatrixService.o
                0x00000000a0000000                fuel
 .sdata         0x00000000a0000004        0x4 c:/program files/microchip/xc32/v3.01/bin/bin/../../lib/gcc/pic32mx/8.3.1/../../../../pic32mx/lib\libpic32.a(xc32_uart.o)
                0x00000000a0000004                __XC_UART
 .sdata         0x00000000a0000008        0x4 c:/program files/microchip/xc32/v3.01/bin/bin/../../lib/gcc/pic32mx/8.3.1/../../../../pic32mx/lib\liblega-c.a(_iobdata.o)
                0x00000000a0000008                _libc_data
                0x00000000a000000c                . = ALIGN (0x4)
                0x00000000a000000c                _sdata_end = .

.lit8
 *(.lit8)

.lit4
 *(.lit4)
                0x00000000a000000c                . = ALIGN (0x4)
                0x00000000a000000c                _data_end = .
                0x00000000a000000c                _bss_begin = .

.sbss           0x00000000a000000c       0x6c
                0x00000000a000000c                _sbss_begin = .
 *(.dynsbss)
 *(.sbss .sbss.* .gnu.linkonce.sb.*)
 .sbss          0x00000000a000000c        0xc build/default/production/FrameworkSource/ES_Framework.o
                0x00000000a000000c                Ready
 .sbss          0x00000000a0000018        0xd build/default/production/FrameworkSource/ES_Port.o
 *fill*         0x00000000a0000025        0x3 
 .sbss          0x00000000a0000028       0x10 build/default/production/FrameworkSource/ES_Timers.o
 .sbss          0x00000000a0000038        0x4 build/default/production/FrameworkSource/terminal.o
 .sbss          0x00000000a000003c        0x1 build/default/production/FrameworkSource/circular_buffer_no_modulo_threadsafe.o
                0x00000000a000003c                numBuffersAllocated
 *fill*         0x00000000a000003d        0x3 
 .sbss          0x00000000a0000040        0x8 build/default/production/FrameworkHeaders/ThrottleService.o
                0x00000000a0000044                LastPostedThrottleValue
 .sbss          0x00000000a0000048       0x14 build/default/production/FrameworkHeaders/LEDMatrixService.o
                0x00000000a000004c                clrLEDs
                0x00000000a0000050                prev_rows
                0x00000000a0000054                new_rows
 .sbss          0x00000000a000005c        0x6 build/default/production/ProjectSource/DM_DisplayStarter.o
 .sbss          0x00000000a0000062        0x1 build/default/production/ProjectSource/PIC32_AD_Lib.o
                0x00000000a0000062                numChanInSet
 *fill*         0x00000000a0000063        0x1 
 .sbss          0x00000000a0000064       0x10 build/default/production/ProjectSource/PIC32_SPI_HAL.o
 .sbss          0x00000000a0000074        0x4 c:/program files/microchip/xc32/v3.01/bin/bin/../../lib/gcc/pic32mx/8.3.1/../../../../pic32mx/lib\liblega-c.a(errno.o)
                0x00000000a0000074                errno
 *(.scommon)
                0x00000000a0000078                _sbss_end = .
                0x00000000a0000078                . = ALIGN (0x4)

.bss            0x00000000a0000078        0x0
 *(.dynbss)
 *(COMMON)
                0x00000000a0000078                . = ALIGN ((. != 0x0)?0x4:0x1)
                0x00000000a0000078                . = ALIGN (0x4)
                0x00000000a0000078                _end = .
                0x00000000a0000078                _bss_end = .
                0x0000000000010000                _bmxdudba_address = LENGTH (kseg1_data_mem)
                0x0000000000010000                _bmxdupba_address = LENGTH (kseg1_data_mem)

/DISCARD/
 *(.pdr)
 *(.rel.dyn)
 *(.note.GNU-stack)
 *(.note.GNU-stack)
 *(.gnu_debuglink)
 *(.gnu.lto_*)
 *(.discard)

.gptab.sdata
 *(.gptab.data)
 *(.gptab.sdata)

.gptab.sbss
 *(.gptab.bss)
 *(.gptab.sbss)

.mdebug.abi32   0x0000000000000000        0x0
 *(.mdebug.abi32)
 .mdebug.abi32  0x0000000000000000        0x0 build/default/production/FrameworkSource/ES_CheckEvents.o
 .mdebug.abi32  0x0000000000000000        0x0 build/default/production/FrameworkSource/ES_DeferRecall.o
 .mdebug.abi32  0x0000000000000000        0x0 build/default/production/FrameworkSource/ES_Framework.o
 .mdebug.abi32  0x0000000000000000        0x0 build/default/production/FrameworkSource/ES_LookupTables.o
 .mdebug.abi32  0x0000000000000000        0x0 build/default/production/FrameworkSource/ES_Port.o
 .mdebug.abi32  0x0000000000000000        0x0 build/default/production/FrameworkSource/ES_PostList.o
 .mdebug.abi32  0x0000000000000000        0x0 build/default/production/FrameworkSource/ES_Queue.o
 .mdebug.abi32  0x0000000000000000        0x0 build/default/production/FrameworkSource/ES_Timers.o
 .mdebug.abi32  0x0000000000000000        0x0 build/default/production/FrameworkSource/terminal.o
 .mdebug.abi32  0x0000000000000000        0x0 build/default/production/FrameworkSource/circular_buffer_no_modulo_threadsafe.o
 .mdebug.abi32  0x0000000000000000        0x0 build/default/production/FrameworkSource/dbprintf.o
 .mdebug.abi32  0x0000000000000000        0x0 build/default/production/ProjectSource/EventCheckers.o
 .mdebug.abi32  0x0000000000000000        0x0 build/default/production/ProjectSource/main.o
 .mdebug.abi32  0x0000000000000000        0x0 build/default/production/FrameworkHeaders/ThrottleService.o
 .mdebug.abi32  0x0000000000000000        0x0 build/default/production/FrameworkHeaders/LEDMatrixService.o
 .mdebug.abi32  0x0000000000000000        0x0 build/default/production/ProjectSource/DM_DisplayStarter.o
 .mdebug.abi32  0x0000000000000000        0x0 build/default/production/ProjectSource/FontStuff.o
 .mdebug.abi32  0x0000000000000000        0x0 build/default/production/ProjectSource/PIC32_AD_Lib.o
 .mdebug.abi32  0x0000000000000000        0x0 build/default/production/ProjectSource/PIC32_PORT_HAL.o
 .mdebug.abi32  0x0000000000000000        0x0 build/default/production/ProjectSource/PIC32_SPI_HAL.o
 .mdebug.abi32  0x0000000000000000        0x0 c:/program files/microchip/xc32/v3.01/bin/bin/../../lib/gcc/pic32mx/8.3.1\libgcc.a(floatunsidf.o)
 .mdebug.abi32  0x0000000000000000        0x0 c:/program files/microchip/xc32/v3.01/bin/bin/../../lib/gcc/pic32mx/8.3.1/../../../../pic32mx/lib\libpic32.a(default-bootstrap-exception-handler.o)
 .mdebug.abi32  0x0000000000000000        0x0 c:/program files/microchip/xc32/v3.01/bin/bin/../../lib/gcc/pic32mx/8.3.1/../../../../pic32mx/lib\libpic32.a(default-on-reset.o)
 .mdebug.abi32  0x0000000000000000        0x0 c:/program files/microchip/xc32/v3.01/bin/bin/../../lib/gcc/pic32mx/8.3.1/../../../../pic32mx/lib\libpic32.a(default-on-bootstrap.o)
 .mdebug.abi32  0x0000000000000000        0x0 c:/program files/microchip/xc32/v3.01/bin/bin/../../lib/gcc/pic32mx/8.3.1/../../../../pic32mx/lib\libpic32.a(xc32_uart.o)
 .mdebug.abi32  0x0000000000000000        0x0 c:/program files/microchip/xc32/v3.01/bin/bin/../../lib/gcc/pic32mx/8.3.1/../../../../pic32mx/lib\libpic32.a(default-general-exception-handler.o)
 .mdebug.abi32  0x0000000000000000        0x0 c:/program files/microchip/xc32/v3.01/bin/bin/../../lib/gcc/pic32mx/8.3.1/../../../../pic32mx/lib\libpic32.a(defaultinterrupt.o)
 .mdebug.abi32  0x0000000000000000        0x0 c:/program files/microchip/xc32/v3.01/bin/bin/../../lib/gcc/pic32mx/8.3.1/../../../../pic32mx/lib\liblega-c.a(_iobdata.o)
 .mdebug.abi32  0x0000000000000000        0x0 c:/program files/microchip/xc32/v3.01/bin/bin/../../lib/gcc/pic32mx/8.3.1/../../../../pic32mx/lib\liblega-c.a(_iobfuncs.o)
 .mdebug.abi32  0x0000000000000000        0x0 c:/program files/microchip/xc32/v3.01/bin/bin/../../lib/gcc/pic32mx/8.3.1/../../../../pic32mx/lib\liblega-c.a(fputc.o)
 .mdebug.abi32  0x0000000000000000        0x0 c:/program files/microchip/xc32/v3.01/bin/bin/../../lib/gcc/pic32mx/8.3.1/../../../../pic32mx/lib\liblega-c.a(errno.o)
 .mdebug.abi32  0x0000000000000000        0x0 c:/program files/microchip/xc32/v3.01/bin/bin/../../lib/gcc/pic32mx/8.3.1/../../../../pic32mx/lib\libpic32.a(_mon_getc.o)
 .mdebug.abi32  0x0000000000000000        0x0 c:/program files/microchip/xc32/v3.01/bin/bin/../../lib/gcc/pic32mx/8.3.1/../../../../pic32mx/lib\libpic32.a(_mon_write.o)

.mdebug.abiN32
 *(.mdebug.abiN32)

.mdebug.abi64
 *(.mdebug.abi64)

.mdebug.abiO64
 *(.mdebug.abiO64)

.mdebug.eabi32
 *(.mdebug.eabi32)

.mdebug.eabi64
 *(.mdebug.eabi64)

.gcc_compiled_long32
 *(.gcc_compiled_long32)

.gcc_compiled_long64
 *(.gcc_compiled_long64)

.stab
 *(.stab)

.stabstr
 *(.stabstr)

.stab.excl
 *(.stab.excl)

.stab.exclstr
 *(.stab.exclstr)

.stab.index
 *(.stab.index)

.stab.indexstr
 *(.stab.indexstr)

.comment        0x0000000000000000      0x198
 *(.comment)
 .comment       0x0000000000000000       0x53 build/default/production/FrameworkSource/ES_CheckEvents.o
                                         0x54 (size before relaxing)
 .comment       0x0000000000000053       0x54 build/default/production/FrameworkSource/ES_DeferRecall.o
 .comment       0x0000000000000053       0x54 build/default/production/FrameworkSource/ES_Framework.o
 .comment       0x0000000000000053       0x54 build/default/production/FrameworkSource/ES_LookupTables.o
 .comment       0x0000000000000053       0x54 build/default/production/FrameworkSource/ES_Port.o
 .comment       0x0000000000000053       0x54 build/default/production/FrameworkSource/ES_PostList.o
 .comment       0x0000000000000053       0x54 build/default/production/FrameworkSource/ES_Queue.o
 .comment       0x0000000000000053       0x54 build/default/production/FrameworkSource/ES_Timers.o
 .comment       0x0000000000000053       0x54 build/default/production/FrameworkSource/terminal.o
 .comment       0x0000000000000053       0x54 build/default/production/FrameworkSource/circular_buffer_no_modulo_threadsafe.o
 .comment       0x0000000000000053       0x54 build/default/production/FrameworkSource/dbprintf.o
 .comment       0x0000000000000053       0x54 build/default/production/ProjectSource/EventCheckers.o
 .comment       0x0000000000000053       0x54 build/default/production/ProjectSource/main.o
 .comment       0x0000000000000053       0x54 build/default/production/FrameworkHeaders/ThrottleService.o
 .comment       0x0000000000000053       0x54 build/default/production/FrameworkHeaders/LEDMatrixService.o
 .comment       0x0000000000000053       0x54 build/default/production/ProjectSource/DM_DisplayStarter.o
 .comment       0x0000000000000053       0x54 build/default/production/ProjectSource/FontStuff.o
 .comment       0x0000000000000053       0x54 build/default/production/ProjectSource/PIC32_AD_Lib.o
 .comment       0x0000000000000053       0x54 build/default/production/ProjectSource/PIC32_PORT_HAL.o
 .comment       0x0000000000000053       0x54 build/default/production/ProjectSource/PIC32_SPI_HAL.o
 .comment       0x0000000000000053       0x54 c:/program files/microchip/xc32/v3.01/bin/bin/../../lib/gcc/pic32mx/8.3.1\libgcc.a(floatunsidf.o)
 .comment       0x0000000000000053       0x54 c:/program files/microchip/xc32/v3.01/bin/bin/../../lib/gcc/pic32mx/8.3.1/../../../../pic32mx/lib\libpic32.a(default-bootstrap-exception-handler.o)
 .comment       0x0000000000000053       0x54 c:/program files/microchip/xc32/v3.01/bin/bin/../../lib/gcc/pic32mx/8.3.1/../../../../pic32mx/lib\libpic32.a(default-on-reset.o)
 .comment       0x0000000000000053       0x54 c:/program files/microchip/xc32/v3.01/bin/bin/../../lib/gcc/pic32mx/8.3.1/../../../../pic32mx/lib\libpic32.a(default-on-bootstrap.o)
 .comment       0x0000000000000053       0x54 c:/program files/microchip/xc32/v3.01/bin/bin/../../lib/gcc/pic32mx/8.3.1/../../../../pic32mx/lib\libpic32.a(xc32_uart.o)
 .comment       0x0000000000000053       0x54 c:/program files/microchip/xc32/v3.01/bin/bin/../../lib/gcc/pic32mx/8.3.1/../../../../pic32mx/lib\libpic32.a(default-general-exception-handler.o)
 .comment       0x0000000000000053       0x54 c:/program files/microchip/xc32/v3.01/bin/bin/../../lib/gcc/pic32mx/8.3.1/../../../../pic32mx/lib\libpic32.a(defaultinterrupt.o)
 .comment       0x0000000000000053       0x53 c:/program files/microchip/xc32/v3.01/bin/bin/../../lib/gcc/pic32mx/8.3.1/../../../../pic32mx/lib\liblega-c.a(_iobdata.o)
                                         0xa7 (size before relaxing)
 .comment       0x00000000000000a6       0x54 c:/program files/microchip/xc32/v3.01/bin/bin/../../lib/gcc/pic32mx/8.3.1/../../../../pic32mx/lib\liblega-c.a(_iobfuncs.o)
                                         0xa8 (size before relaxing)
 .comment       0x00000000000000fa       0x50 c:/program files/microchip/xc32/v3.01/bin/bin/../../lib/gcc/pic32mx/8.3.1/../../../../pic32mx/lib\liblega-c.a(fputc.o)
                                         0xa4 (size before relaxing)
 .comment       0x000000000000014a       0x4e c:/program files/microchip/xc32/v3.01/bin/bin/../../lib/gcc/pic32mx/8.3.1/../../../../pic32mx/lib\liblega-c.a(errno.o)
                                         0xa2 (size before relaxing)
 .comment       0x0000000000000198       0x54 c:/program files/microchip/xc32/v3.01/bin/bin/../../lib/gcc/pic32mx/8.3.1/../../../../pic32mx/lib\libpic32.a(_mon_getc.o)
 .comment       0x0000000000000198       0x54 c:/program files/microchip/xc32/v3.01/bin/bin/../../lib/gcc/pic32mx/8.3.1/../../../../pic32mx/lib\libpic32.a(_mon_write.o)

.debug
 *.elf(.debug)
 *(.debug)

.line
 *.elf(.line)
 *(.line)

.debug_srcinfo
 *.elf(.debug_srcinfo)
 *(.debug_srcinfo)

.debug_sfnames
 *.elf(.debug_sfnames)
 *(.debug_sfnames)

.debug_aranges  0x0000000000000000      0x378
 *.elf(.debug_aranges)
 *(.debug_aranges)
 .debug_aranges
                0x0000000000000000       0x20 build/default/production/FrameworkSource/ES_CheckEvents.o
 .debug_aranges
                0x0000000000000020       0x20 build/default/production/FrameworkSource/ES_DeferRecall.o
 .debug_aranges
                0x0000000000000040       0x20 build/default/production/FrameworkSource/ES_Framework.o
 .debug_aranges
                0x0000000000000060       0x20 build/default/production/FrameworkSource/ES_LookupTables.o
 .debug_aranges
                0x0000000000000080       0x20 build/default/production/FrameworkSource/ES_Port.o
 .debug_aranges
                0x00000000000000a0       0x18 build/default/production/FrameworkSource/ES_PostList.o
 .debug_aranges
                0x00000000000000b8       0x20 build/default/production/FrameworkSource/ES_Queue.o
 .debug_aranges
                0x00000000000000d8       0x20 build/default/production/FrameworkSource/ES_Timers.o
 .debug_aranges
                0x00000000000000f8       0x20 build/default/production/FrameworkSource/terminal.o
 .debug_aranges
                0x0000000000000118       0x20 build/default/production/FrameworkSource/circular_buffer_no_modulo_threadsafe.o
 .debug_aranges
                0x0000000000000138       0x20 build/default/production/FrameworkSource/dbprintf.o
 .debug_aranges
                0x0000000000000158       0x20 build/default/production/ProjectSource/EventCheckers.o
 .debug_aranges
                0x0000000000000178       0x20 build/default/production/ProjectSource/main.o
 .debug_aranges
                0x0000000000000198       0x20 build/default/production/FrameworkHeaders/ThrottleService.o
 .debug_aranges
                0x00000000000001b8       0x20 build/default/production/FrameworkHeaders/LEDMatrixService.o
 .debug_aranges
                0x00000000000001d8       0x20 build/default/production/ProjectSource/DM_DisplayStarter.o
 .debug_aranges
                0x00000000000001f8       0x20 build/default/production/ProjectSource/FontStuff.o
 .debug_aranges
                0x0000000000000218       0x20 build/default/production/ProjectSource/PIC32_AD_Lib.o
 .debug_aranges
                0x0000000000000238       0x20 build/default/production/ProjectSource/PIC32_PORT_HAL.o
 .debug_aranges
                0x0000000000000258       0x20 build/default/production/ProjectSource/PIC32_SPI_HAL.o
 .debug_aranges
                0x0000000000000278       0x20 c:/program files/microchip/xc32/v3.01/bin/bin/../../lib/gcc/pic32mx/8.3.1\libgcc.a(floatunsidf.o)
 .debug_aranges
                0x0000000000000298       0x20 c:/program files/microchip/xc32/v3.01/bin/bin/../../lib/gcc/pic32mx/8.3.1/../../../../pic32mx/lib\libpic32.a(default-bootstrap-exception-handler.o)
 .debug_aranges
                0x00000000000002b8       0x20 c:/program files/microchip/xc32/v3.01/bin/bin/../../lib/gcc/pic32mx/8.3.1/../../../../pic32mx/lib\libpic32.a(default-on-reset.o)
 .debug_aranges
                0x00000000000002d8       0x20 c:/program files/microchip/xc32/v3.01/bin/bin/../../lib/gcc/pic32mx/8.3.1/../../../../pic32mx/lib\libpic32.a(default-on-bootstrap.o)
 .debug_aranges
                0x00000000000002f8       0x20 c:/program files/microchip/xc32/v3.01/bin/bin/../../lib/gcc/pic32mx/8.3.1/../../../../pic32mx/lib\libpic32.a(default-general-exception-handler.o)
 .debug_aranges
                0x0000000000000318       0x20 c:/program files/microchip/xc32/v3.01/bin/bin/../../lib/gcc/pic32mx/8.3.1/../../../../pic32mx/lib\libpic32.a(defaultinterrupt.o)
 .debug_aranges
                0x0000000000000338       0x20 c:/program files/microchip/xc32/v3.01/bin/bin/../../lib/gcc/pic32mx/8.3.1/../../../../pic32mx/lib\libpic32.a(_mon_getc.o)
 .debug_aranges
                0x0000000000000358       0x20 c:/program files/microchip/xc32/v3.01/bin/bin/../../lib/gcc/pic32mx/8.3.1/../../../../pic32mx/lib\libpic32.a(_mon_write.o)

.debug_pubnames
 *.elf(.debug_pubnames)
 *(.debug_pubnames)

.debug_info     0x0000000000000000   0x135ceb
 *.elf(.debug_info .gnu.linkonce.wi.*)
 *(.debug_info .gnu.linkonce.wi.*)
 .debug_info    0x0000000000000000       0xdc build/default/production/FrameworkSource/ES_CheckEvents.o
 .debug_info    0x00000000000000dc    0x11266 build/default/production/FrameworkSource/ES_DeferRecall.o
 .debug_info    0x0000000000011342    0x1158d build/default/production/FrameworkSource/ES_Framework.o
 .debug_info    0x00000000000228cf    0x1121f build/default/production/FrameworkSource/ES_LookupTables.o
 .debug_info    0x0000000000033aee    0x112db build/default/production/FrameworkSource/ES_Port.o
 .debug_info    0x0000000000044dc9    0x11156 build/default/production/FrameworkSource/ES_PostList.o
 .debug_info    0x0000000000055f1f    0x113d4 build/default/production/FrameworkSource/ES_Queue.o
 .debug_info    0x00000000000672f3    0x114d7 build/default/production/FrameworkSource/ES_Timers.o
 .debug_info    0x00000000000787ca    0x112d9 build/default/production/FrameworkSource/terminal.o
 .debug_info    0x0000000000089aa3      0x38b build/default/production/FrameworkSource/circular_buffer_no_modulo_threadsafe.o
 .debug_info    0x0000000000089e2e    0x11287 build/default/production/FrameworkSource/dbprintf.o
 .debug_info    0x000000000009b0b5    0x11239 build/default/production/ProjectSource/EventCheckers.o
 .debug_info    0x00000000000ac2ee    0x1122d build/default/production/ProjectSource/main.o
 .debug_info    0x00000000000bd51b    0x113a8 build/default/production/FrameworkHeaders/ThrottleService.o
 .debug_info    0x00000000000ce8c3    0x1168e build/default/production/FrameworkHeaders/LEDMatrixService.o
 .debug_info    0x00000000000dff51    0x1123f build/default/production/ProjectSource/DM_DisplayStarter.o
 .debug_info    0x00000000000f1190    0x10f2c build/default/production/ProjectSource/FontStuff.o
 .debug_info    0x00000000001020bc    0x10f56 build/default/production/ProjectSource/PIC32_AD_Lib.o
 .debug_info    0x0000000000113012    0x11267 build/default/production/ProjectSource/PIC32_PORT_HAL.o
 .debug_info    0x0000000000124279    0x117f9 build/default/production/ProjectSource/PIC32_SPI_HAL.o
 .debug_info    0x0000000000135a72       0xaf c:/program files/microchip/xc32/v3.01/bin/bin/../../lib/gcc/pic32mx/8.3.1\libgcc.a(floatunsidf.o)
 .debug_info    0x0000000000135b21       0x41 c:/program files/microchip/xc32/v3.01/bin/bin/../../lib/gcc/pic32mx/8.3.1/../../../../pic32mx/lib\libpic32.a(default-bootstrap-exception-handler.o)
 .debug_info    0x0000000000135b62       0x3f c:/program files/microchip/xc32/v3.01/bin/bin/../../lib/gcc/pic32mx/8.3.1/../../../../pic32mx/lib\libpic32.a(default-on-reset.o)
 .debug_info    0x0000000000135ba1       0x3f c:/program files/microchip/xc32/v3.01/bin/bin/../../lib/gcc/pic32mx/8.3.1/../../../../pic32mx/lib\libpic32.a(default-on-bootstrap.o)
 .debug_info    0x0000000000135be0       0x41 c:/program files/microchip/xc32/v3.01/bin/bin/../../lib/gcc/pic32mx/8.3.1/../../../../pic32mx/lib\libpic32.a(default-general-exception-handler.o)
 .debug_info    0x0000000000135c21       0x40 c:/program files/microchip/xc32/v3.01/bin/bin/../../lib/gcc/pic32mx/8.3.1/../../../../pic32mx/lib\libpic32.a(defaultinterrupt.o)
 .debug_info    0x0000000000135c61       0x40 c:/program files/microchip/xc32/v3.01/bin/bin/../../lib/gcc/pic32mx/8.3.1/../../../../pic32mx/lib\libpic32.a(_mon_getc.o)
 .debug_info    0x0000000000135ca1       0x4a c:/program files/microchip/xc32/v3.01/bin/bin/../../lib/gcc/pic32mx/8.3.1/../../../../pic32mx/lib\libpic32.a(_mon_write.o)

.debug_abbrev   0x0000000000000000     0x3157
 *.elf(.debug_abbrev)
 *(.debug_abbrev)
 .debug_abbrev  0x0000000000000000       0xa2 build/default/production/FrameworkSource/ES_CheckEvents.o
 .debug_abbrev  0x00000000000000a2      0x253 build/default/production/FrameworkSource/ES_DeferRecall.o
 .debug_abbrev  0x00000000000002f5      0x2c8 build/default/production/FrameworkSource/ES_Framework.o
 .debug_abbrev  0x00000000000005bd      0x248 build/default/production/FrameworkSource/ES_LookupTables.o
 .debug_abbrev  0x0000000000000805      0x2d8 build/default/production/FrameworkSource/ES_Port.o
 .debug_abbrev  0x0000000000000add      0x1f3 build/default/production/FrameworkSource/ES_PostList.o
 .debug_abbrev  0x0000000000000cd0      0x26f build/default/production/FrameworkSource/ES_Queue.o
 .debug_abbrev  0x0000000000000f3f      0x2f4 build/default/production/FrameworkSource/ES_Timers.o
 .debug_abbrev  0x0000000000001233      0x2c9 build/default/production/FrameworkSource/terminal.o
 .debug_abbrev  0x00000000000014fc      0x173 build/default/production/FrameworkSource/circular_buffer_no_modulo_threadsafe.o
 .debug_abbrev  0x000000000000166f      0x286 build/default/production/FrameworkSource/dbprintf.o
 .debug_abbrev  0x00000000000018f5      0x249 build/default/production/ProjectSource/EventCheckers.o
 .debug_abbrev  0x0000000000001b3e      0x25f build/default/production/ProjectSource/main.o
 .debug_abbrev  0x0000000000001d9d      0x294 build/default/production/FrameworkHeaders/ThrottleService.o
 .debug_abbrev  0x0000000000002031      0x32a build/default/production/FrameworkHeaders/LEDMatrixService.o
 .debug_abbrev  0x000000000000235b      0x315 build/default/production/ProjectSource/DM_DisplayStarter.o
 .debug_abbrev  0x0000000000002670      0x1d0 build/default/production/ProjectSource/FontStuff.o
 .debug_abbrev  0x0000000000002840      0x1eb build/default/production/ProjectSource/PIC32_AD_Lib.o
 .debug_abbrev  0x0000000000002a2b      0x23b build/default/production/ProjectSource/PIC32_PORT_HAL.o
 .debug_abbrev  0x0000000000002c66      0x320 build/default/production/ProjectSource/PIC32_SPI_HAL.o
 .debug_abbrev  0x0000000000002f86       0x7d c:/program files/microchip/xc32/v3.01/bin/bin/../../lib/gcc/pic32mx/8.3.1\libgcc.a(floatunsidf.o)
 .debug_abbrev  0x0000000000003003       0x31 c:/program files/microchip/xc32/v3.01/bin/bin/../../lib/gcc/pic32mx/8.3.1/../../../../pic32mx/lib\libpic32.a(default-bootstrap-exception-handler.o)
 .debug_abbrev  0x0000000000003034       0x2e c:/program files/microchip/xc32/v3.01/bin/bin/../../lib/gcc/pic32mx/8.3.1/../../../../pic32mx/lib\libpic32.a(default-on-reset.o)
 .debug_abbrev  0x0000000000003062       0x2e c:/program files/microchip/xc32/v3.01/bin/bin/../../lib/gcc/pic32mx/8.3.1/../../../../pic32mx/lib\libpic32.a(default-on-bootstrap.o)
 .debug_abbrev  0x0000000000003090       0x31 c:/program files/microchip/xc32/v3.01/bin/bin/../../lib/gcc/pic32mx/8.3.1/../../../../pic32mx/lib\libpic32.a(default-general-exception-handler.o)
 .debug_abbrev  0x00000000000030c1       0x31 c:/program files/microchip/xc32/v3.01/bin/bin/../../lib/gcc/pic32mx/8.3.1/../../../../pic32mx/lib\libpic32.a(defaultinterrupt.o)
 .debug_abbrev  0x00000000000030f2       0x2e c:/program files/microchip/xc32/v3.01/bin/bin/../../lib/gcc/pic32mx/8.3.1/../../../../pic32mx/lib\libpic32.a(_mon_getc.o)
 .debug_abbrev  0x0000000000003120       0x37 c:/program files/microchip/xc32/v3.01/bin/bin/../../lib/gcc/pic32mx/8.3.1/../../../../pic32mx/lib\libpic32.a(_mon_write.o)

.debug_line     0x0000000000000000     0x4b51
 *.elf(.debug_line)
 *(.debug_line)
 .debug_line    0x0000000000000000      0x1bd build/default/production/FrameworkSource/ES_CheckEvents.o
 .debug_line    0x00000000000001bd      0x308 build/default/production/FrameworkSource/ES_DeferRecall.o
 .debug_line    0x00000000000004c5      0x411 build/default/production/FrameworkSource/ES_Framework.o
 .debug_line    0x00000000000008d6      0x304 build/default/production/FrameworkSource/ES_LookupTables.o
 .debug_line    0x0000000000000bda      0x36b build/default/production/FrameworkSource/ES_Port.o
 .debug_line    0x0000000000000f45      0x22a build/default/production/FrameworkSource/ES_PostList.o
 .debug_line    0x000000000000116f      0x3d3 build/default/production/FrameworkSource/ES_Queue.o
 .debug_line    0x0000000000001542      0x3f8 build/default/production/FrameworkSource/ES_Timers.o
 .debug_line    0x000000000000193a      0x382 build/default/production/FrameworkSource/terminal.o
 .debug_line    0x0000000000001cbc      0x338 build/default/production/FrameworkSource/circular_buffer_no_modulo_threadsafe.o
 .debug_line    0x0000000000001ff4      0x43b build/default/production/FrameworkSource/dbprintf.o
 .debug_line    0x000000000000242f      0x300 build/default/production/ProjectSource/EventCheckers.o
 .debug_line    0x000000000000272f      0x30b build/default/production/ProjectSource/main.o
 .debug_line    0x0000000000002a3a      0x384 build/default/production/FrameworkHeaders/ThrottleService.o
 .debug_line    0x0000000000002dbe      0x4c9 build/default/production/FrameworkHeaders/LEDMatrixService.o
 .debug_line    0x0000000000003287      0x357 build/default/production/ProjectSource/DM_DisplayStarter.o
 .debug_line    0x00000000000035de      0x22d build/default/production/ProjectSource/FontStuff.o
 .debug_line    0x000000000000380b      0x24b build/default/production/ProjectSource/PIC32_AD_Lib.o
 .debug_line    0x0000000000003a56      0x457 build/default/production/ProjectSource/PIC32_PORT_HAL.o
 .debug_line    0x0000000000003ead      0x65e build/default/production/ProjectSource/PIC32_SPI_HAL.o
 .debug_line    0x000000000000450b       0xbe c:/program files/microchip/xc32/v3.01/bin/bin/../../lib/gcc/pic32mx/8.3.1\libgcc.a(floatunsidf.o)
 .debug_line    0x00000000000045c9       0xca c:/program files/microchip/xc32/v3.01/bin/bin/../../lib/gcc/pic32mx/8.3.1/../../../../pic32mx/lib\libpic32.a(default-bootstrap-exception-handler.o)
 .debug_line    0x0000000000004693       0xa6 c:/program files/microchip/xc32/v3.01/bin/bin/../../lib/gcc/pic32mx/8.3.1/../../../../pic32mx/lib\libpic32.a(default-on-reset.o)
 .debug_line    0x0000000000004739       0xaa c:/program files/microchip/xc32/v3.01/bin/bin/../../lib/gcc/pic32mx/8.3.1/../../../../pic32mx/lib\libpic32.a(default-on-bootstrap.o)
 .debug_line    0x00000000000047e3        0x0 c:/program files/microchip/xc32/v3.01/bin/bin/../../lib/gcc/pic32mx/8.3.1/../../../../pic32mx/lib\libpic32.a(xc32_uart.o)
 .debug_line    0x00000000000047e3       0xc8 c:/program files/microchip/xc32/v3.01/bin/bin/../../lib/gcc/pic32mx/8.3.1/../../../../pic32mx/lib\libpic32.a(default-general-exception-handler.o)
 .debug_line    0x00000000000048ab       0xc9 c:/program files/microchip/xc32/v3.01/bin/bin/../../lib/gcc/pic32mx/8.3.1/../../../../pic32mx/lib\libpic32.a(defaultinterrupt.o)
 .debug_line    0x0000000000004974      0x12d c:/program files/microchip/xc32/v3.01/bin/bin/../../lib/gcc/pic32mx/8.3.1/../../../../pic32mx/lib\libpic32.a(_mon_getc.o)
 .debug_line    0x0000000000004aa1       0xb0 c:/program files/microchip/xc32/v3.01/bin/bin/../../lib/gcc/pic32mx/8.3.1/../../../../pic32mx/lib\libpic32.a(_mon_write.o)

.debug_frame    0x0000000000000000     0x1094
 *.elf(.debug_frame)
 *(.debug_frame)
 .debug_frame   0x0000000000000000       0x34 build/default/production/FrameworkSource/ES_CheckEvents.o
 .debug_frame   0x0000000000000034       0x34 build/default/production/FrameworkSource/ES_DeferRecall.o
 .debug_frame   0x0000000000000068       0xc4 build/default/production/FrameworkSource/ES_Framework.o
 .debug_frame   0x000000000000012c       0x30 build/default/production/FrameworkSource/ES_LookupTables.o
 .debug_frame   0x000000000000015c      0x108 build/default/production/FrameworkSource/ES_Port.o
 .debug_frame   0x0000000000000264       0xbc build/default/production/FrameworkSource/ES_Queue.o
 .debug_frame   0x0000000000000320       0xfc build/default/production/FrameworkSource/ES_Timers.o
 .debug_frame   0x000000000000041c       0xfc build/default/production/FrameworkSource/terminal.o
 .debug_frame   0x0000000000000518      0x188 build/default/production/FrameworkSource/circular_buffer_no_modulo_threadsafe.o
 .debug_frame   0x00000000000006a0       0x58 build/default/production/FrameworkSource/dbprintf.o
 .debug_frame   0x00000000000006f8       0x34 build/default/production/ProjectSource/EventCheckers.o
 .debug_frame   0x000000000000072c       0x2c build/default/production/ProjectSource/main.o
 .debug_frame   0x0000000000000758       0x7c build/default/production/FrameworkHeaders/ThrottleService.o
 .debug_frame   0x00000000000007d4       0xe0 build/default/production/FrameworkHeaders/LEDMatrixService.o
 .debug_frame   0x00000000000008b4      0x164 build/default/production/ProjectSource/DM_DisplayStarter.o
 .debug_frame   0x0000000000000a18       0x34 build/default/production/ProjectSource/FontStuff.o
 .debug_frame   0x0000000000000a4c       0x50 build/default/production/ProjectSource/PIC32_AD_Lib.o
 .debug_frame   0x0000000000000a9c      0x100 build/default/production/ProjectSource/PIC32_PORT_HAL.o
 .debug_frame   0x0000000000000b9c      0x3a4 build/default/production/ProjectSource/PIC32_SPI_HAL.o
 .debug_frame   0x0000000000000f40       0x2c c:/program files/microchip/xc32/v3.01/bin/bin/../../lib/gcc/pic32mx/8.3.1\libgcc.a(floatunsidf.o)
 .debug_frame   0x0000000000000f6c       0x2c c:/program files/microchip/xc32/v3.01/bin/bin/../../lib/gcc/pic32mx/8.3.1/../../../../pic32mx/lib\libpic32.a(default-bootstrap-exception-handler.o)
 .debug_frame   0x0000000000000f98       0x20 c:/program files/microchip/xc32/v3.01/bin/bin/../../lib/gcc/pic32mx/8.3.1/../../../../pic32mx/lib\libpic32.a(default-on-reset.o)
 .debug_frame   0x0000000000000fb8       0x20 c:/program files/microchip/xc32/v3.01/bin/bin/../../lib/gcc/pic32mx/8.3.1/../../../../pic32mx/lib\libpic32.a(default-on-bootstrap.o)
 .debug_frame   0x0000000000000fd8       0x2c c:/program files/microchip/xc32/v3.01/bin/bin/../../lib/gcc/pic32mx/8.3.1/../../../../pic32mx/lib\libpic32.a(default-general-exception-handler.o)
 .debug_frame   0x0000000000001004       0x20 c:/program files/microchip/xc32/v3.01/bin/bin/../../lib/gcc/pic32mx/8.3.1/../../../../pic32mx/lib\libpic32.a(defaultinterrupt.o)
 .debug_frame   0x0000000000001024       0x38 c:/program files/microchip/xc32/v3.01/bin/bin/../../lib/gcc/pic32mx/8.3.1/../../../../pic32mx/lib\libpic32.a(_mon_getc.o)
 .debug_frame   0x000000000000105c       0x38 c:/program files/microchip/xc32/v3.01/bin/bin/../../lib/gcc/pic32mx/8.3.1/../../../../pic32mx/lib\libpic32.a(_mon_write.o)

.debug_str      0x0000000000000000    0x6d3cf
 *.elf(.debug_str)
 *(.debug_str)
 .debug_str     0x0000000000000000      0x33d build/default/production/FrameworkSource/ES_CheckEvents.o
 .debug_str     0x000000000000033d     0x5ec6 build/default/production/FrameworkSource/ES_DeferRecall.o
 .debug_str     0x0000000000006203     0x607b build/default/production/FrameworkSource/ES_Framework.o
 .debug_str     0x000000000000c27e     0x5e19 build/default/production/FrameworkSource/ES_LookupTables.o
 .debug_str     0x0000000000012097     0x5ef4 build/default/production/FrameworkSource/ES_Port.o
 .debug_str     0x0000000000017f8b     0x5db0 build/default/production/FrameworkSource/ES_PostList.o
 .debug_str     0x000000000001dd3b     0x5f34 build/default/production/FrameworkSource/ES_Queue.o
 .debug_str     0x0000000000023c6f     0x606d build/default/production/FrameworkSource/ES_Timers.o
 .debug_str     0x0000000000029cdc     0x5e9c build/default/production/FrameworkSource/terminal.o
 .debug_str     0x000000000002fb78      0x475 build/default/production/FrameworkSource/circular_buffer_no_modulo_threadsafe.o
 .debug_str     0x000000000002ffed     0x5e27 build/default/production/FrameworkSource/dbprintf.o
 .debug_str     0x0000000000035e14     0x5e9a build/default/production/ProjectSource/EventCheckers.o
 .debug_str     0x000000000003bcae     0x5e86 build/default/production/ProjectSource/main.o
 .debug_str     0x0000000000041b34     0x5fab build/default/production/FrameworkHeaders/ThrottleService.o
 .debug_str     0x0000000000047adf     0x61af build/default/production/FrameworkHeaders/LEDMatrixService.o
 .debug_str     0x000000000004dc8e     0x5e9d build/default/production/ProjectSource/DM_DisplayStarter.o
 .debug_str     0x0000000000053b2b     0x5c87 build/default/production/ProjectSource/FontStuff.o
 .debug_str     0x00000000000597b2     0x5cc8 build/default/production/ProjectSource/PIC32_AD_Lib.o
 .debug_str     0x000000000005f47a     0x5dfa build/default/production/ProjectSource/PIC32_PORT_HAL.o
 .debug_str     0x0000000000065274     0x6189 build/default/production/ProjectSource/PIC32_SPI_HAL.o
 .debug_str     0x000000000006b3fd      0x31d c:/program files/microchip/xc32/v3.01/bin/bin/../../lib/gcc/pic32mx/8.3.1\libgcc.a(floatunsidf.o)
 .debug_str     0x000000000006b71a      0x3b3 c:/program files/microchip/xc32/v3.01/bin/bin/../../lib/gcc/pic32mx/8.3.1/../../../../pic32mx/lib\libpic32.a(default-bootstrap-exception-handler.o)
 .debug_str     0x000000000006bacd      0x38d c:/program files/microchip/xc32/v3.01/bin/bin/../../lib/gcc/pic32mx/8.3.1/../../../../pic32mx/lib\libpic32.a(default-on-reset.o)
 .debug_str     0x000000000006be5a      0x395 c:/program files/microchip/xc32/v3.01/bin/bin/../../lib/gcc/pic32mx/8.3.1/../../../../pic32mx/lib\libpic32.a(default-on-bootstrap.o)
 .debug_str     0x000000000006c1ef      0x37c c:/program files/microchip/xc32/v3.01/bin/bin/../../lib/gcc/pic32mx/8.3.1/../../../../pic32mx/lib\libpic32.a(xc32_uart.o)
 .debug_str     0x000000000006c56b      0x3af c:/program files/microchip/xc32/v3.01/bin/bin/../../lib/gcc/pic32mx/8.3.1/../../../../pic32mx/lib\libpic32.a(default-general-exception-handler.o)
 .debug_str     0x000000000006c91a      0x3a7 c:/program files/microchip/xc32/v3.01/bin/bin/../../lib/gcc/pic32mx/8.3.1/../../../../pic32mx/lib\libpic32.a(defaultinterrupt.o)
 .debug_str     0x000000000006ccc1      0x386 c:/program files/microchip/xc32/v3.01/bin/bin/../../lib/gcc/pic32mx/8.3.1/../../../../pic32mx/lib\libpic32.a(_mon_getc.o)
 .debug_str     0x000000000006d047      0x388 c:/program files/microchip/xc32/v3.01/bin/bin/../../lib/gcc/pic32mx/8.3.1/../../../../pic32mx/lib\libpic32.a(_mon_write.o)

.debug_loc      0x0000000000000000      0x14c
 *.elf(.debug_loc)
 *(.debug_loc)
 .debug_loc     0x0000000000000000       0x90 c:/program files/microchip/xc32/v3.01/bin/bin/../../lib/gcc/pic32mx/8.3.1\libgcc.a(floatunsidf.o)
 .debug_loc     0x0000000000000090       0x2c c:/program files/microchip/xc32/v3.01/bin/bin/../../lib/gcc/pic32mx/8.3.1/../../../../pic32mx/lib\libpic32.a(default-bootstrap-exception-handler.o)
 .debug_loc     0x00000000000000bc       0x2c c:/program files/microchip/xc32/v3.01/bin/bin/../../lib/gcc/pic32mx/8.3.1/../../../../pic32mx/lib\libpic32.a(default-general-exception-handler.o)
 .debug_loc     0x00000000000000e8       0x38 c:/program files/microchip/xc32/v3.01/bin/bin/../../lib/gcc/pic32mx/8.3.1/../../../../pic32mx/lib\libpic32.a(_mon_getc.o)
 .debug_loc     0x0000000000000120       0x2c c:/program files/microchip/xc32/v3.01/bin/bin/../../lib/gcc/pic32mx/8.3.1/../../../../pic32mx/lib\libpic32.a(_mon_write.o)

.debug_macinfo
 *.elf(.debug_macinfo)
 *(.debug_macinfo)

.debug_weaknames
 *.elf(.debug_weaknames)
 *(.debug_weaknames)

.debug_funcnames
 *.elf(.debug_funcnames)
 *(.debug_funcnames)

.debug_typenames
 *.elf(.debug_typenames)
 *(.debug_typenames)

.debug_varnames
 *.elf(.debug_varnames)
 *(.debug_varnames)

.debug_pubtypes
 *.elf(.debug_pubtypes)
 *(.debug_pubtypes)

.debug_ranges   0x0000000000000000       0x70
 *.elf(.debug_ranges)
 *(.debug_ranges)
 .debug_ranges  0x0000000000000000       0x10 c:/program files/microchip/xc32/v3.01/bin/bin/../../lib/gcc/pic32mx/8.3.1/../../../../pic32mx/lib\libpic32.a(default-bootstrap-exception-handler.o)
 .debug_ranges  0x0000000000000010       0x10 c:/program files/microchip/xc32/v3.01/bin/bin/../../lib/gcc/pic32mx/8.3.1/../../../../pic32mx/lib\libpic32.a(default-on-reset.o)
 .debug_ranges  0x0000000000000020       0x10 c:/program files/microchip/xc32/v3.01/bin/bin/../../lib/gcc/pic32mx/8.3.1/../../../../pic32mx/lib\libpic32.a(default-on-bootstrap.o)
 .debug_ranges  0x0000000000000030       0x10 c:/program files/microchip/xc32/v3.01/bin/bin/../../lib/gcc/pic32mx/8.3.1/../../../../pic32mx/lib\libpic32.a(default-general-exception-handler.o)
 .debug_ranges  0x0000000000000040       0x10 c:/program files/microchip/xc32/v3.01/bin/bin/../../lib/gcc/pic32mx/8.3.1/../../../../pic32mx/lib\libpic32.a(defaultinterrupt.o)
 .debug_ranges  0x0000000000000050       0x10 c:/program files/microchip/xc32/v3.01/bin/bin/../../lib/gcc/pic32mx/8.3.1/../../../../pic32mx/lib\libpic32.a(_mon_getc.o)
 .debug_ranges  0x0000000000000060       0x10 c:/program files/microchip/xc32/v3.01/bin/bin/../../lib/gcc/pic32mx/8.3.1/../../../../pic32mx/lib\libpic32.a(_mon_write.o)

.gnu.attributes
                0x0000000000000000       0x10
 *(.gnu.attributes)
 .gnu.attributes
                0x0000000000000000       0x10 c:/program files/microchip/xc32/v3.01/bin/bin/../../lib/gcc/pic32mx/8.3.1/../../../../pic32mx/lib\debug-exception-return.o
 .gnu.attributes
                0x0000000000000010       0x10 build/default/production/FrameworkSource/ES_CheckEvents.o
 .gnu.attributes
                0x0000000000000020       0x10 build/default/production/FrameworkSource/ES_DeferRecall.o
 .gnu.attributes
                0x0000000000000030       0x10 build/default/production/FrameworkSource/ES_Framework.o
 .gnu.attributes
                0x0000000000000040       0x10 build/default/production/FrameworkSource/ES_LookupTables.o
 .gnu.attributes
                0x0000000000000050       0x10 build/default/production/FrameworkSource/ES_Port.o
 .gnu.attributes
                0x0000000000000060       0x10 build/default/production/FrameworkSource/ES_PostList.o
 .gnu.attributes
                0x0000000000000070       0x10 build/default/production/FrameworkSource/ES_Queue.o
 .gnu.attributes
                0x0000000000000080       0x10 build/default/production/FrameworkSource/ES_Timers.o
 .gnu.attributes
                0x0000000000000090       0x10 build/default/production/FrameworkSource/terminal.o
 .gnu.attributes
                0x00000000000000a0       0x10 build/default/production/FrameworkSource/circular_buffer_no_modulo_threadsafe.o
 .gnu.attributes
                0x00000000000000b0       0x10 build/default/production/FrameworkSource/dbprintf.o
 .gnu.attributes
                0x00000000000000c0       0x10 build/default/production/ProjectSource/EventCheckers.o
 .gnu.attributes
                0x00000000000000d0       0x10 build/default/production/ProjectSource/main.o
 .gnu.attributes
                0x00000000000000e0       0x10 build/default/production/FrameworkHeaders/ThrottleService.o
 .gnu.attributes
                0x00000000000000f0       0x10 build/default/production/FrameworkHeaders/LEDMatrixService.o
 .gnu.attributes
                0x0000000000000100       0x10 build/default/production/ProjectSource/DM_DisplayStarter.o
 .gnu.attributes
                0x0000000000000110       0x10 build/default/production/ProjectSource/FontStuff.o
 .gnu.attributes
                0x0000000000000120       0x10 build/default/production/ProjectSource/PIC32_AD_Lib.o
 .gnu.attributes
                0x0000000000000130       0x10 build/default/production/ProjectSource/PIC32_PORT_HAL.o
 .gnu.attributes
                0x0000000000000140       0x10 build/default/production/ProjectSource/PIC32_SPI_HAL.o
 .gnu.attributes
                0x0000000000000150       0x10 C:\Users\DELL\AppData\Local\Temp\ccuSrMuY.o
 .gnu.attributes
                0x0000000000000160       0x10 C:\Users\DELL\AppData\Local\Temp\ccj0Cn50.o
 .gnu.attributes
                0x0000000000000170       0x10 C:\Users\DELL\AppData\Local\Temp\cc6ygaQB.o
 .gnu.attributes
                0x0000000000000180       0x10 c:/program files/microchip/xc32/v3.01/bin/bin/../../lib/gcc/pic32mx/8.3.1/../../../../pic32mx/lib\pic32_software_reset.o
 .gnu.attributes
                0x0000000000000190       0x10 c:/program files/microchip/xc32/v3.01/bin/bin/../../lib/gcc/pic32mx/8.3.1\libgcc.a(floatunsidf.o)
 .gnu.attributes
                0x00000000000001a0       0x10 c:/program files/microchip/xc32/v3.01/bin/bin/../../lib/gcc/pic32mx/8.3.1/../../../../pic32mx/lib\libpic32.a(default-bootstrap-exception-handler.o)
 .gnu.attributes
                0x00000000000001b0       0x10 c:/program files/microchip/xc32/v3.01/bin/bin/../../lib/gcc/pic32mx/8.3.1/../../../../pic32mx/lib\libpic32.a(default-on-reset.o)
 .gnu.attributes
                0x00000000000001c0       0x10 c:/program files/microchip/xc32/v3.01/bin/bin/../../lib/gcc/pic32mx/8.3.1/../../../../pic32mx/lib\libpic32.a(default-on-bootstrap.o)
 .gnu.attributes
                0x00000000000001d0       0x10 c:/program files/microchip/xc32/v3.01/bin/bin/../../lib/gcc/pic32mx/8.3.1/../../../../pic32mx/lib\libpic32.a(default-nmi-handler.o)
 .gnu.attributes
                0x00000000000001e0       0x10 c:/program files/microchip/xc32/v3.01/bin/bin/../../lib/gcc/pic32mx/8.3.1/../../../../pic32mx/lib\libpic32.a(xc32_uart.o)
 .gnu.attributes
                0x00000000000001f0       0x10 c:/program files/microchip/xc32/v3.01/bin/bin/../../lib/gcc/pic32mx/8.3.1/../../../../pic32mx/lib\libpic32.a(pic32_data_init.o)
 .gnu.attributes
                0x0000000000000200       0x10 c:/program files/microchip/xc32/v3.01/bin/bin/../../lib/gcc/pic32mx/8.3.1/../../../../pic32mx/lib\libpic32.a(general-exception.o)
 .gnu.attributes
                0x0000000000000210       0x10 c:/program files/microchip/xc32/v3.01/bin/bin/../../lib/gcc/pic32mx/8.3.1/../../../../pic32mx/lib\libpic32.a(vector1.o)
 .gnu.attributes
                0x0000000000000220       0x10 c:/program files/microchip/xc32/v3.01/bin/bin/../../lib/gcc/pic32mx/8.3.1/../../../../pic32mx/lib\libpic32.a(vector2.o)
 .gnu.attributes
                0x0000000000000230       0x10 c:/program files/microchip/xc32/v3.01/bin/bin/../../lib/gcc/pic32mx/8.3.1/../../../../pic32mx/lib\libpic32.a(vector3.o)
 .gnu.attributes
                0x0000000000000240       0x10 c:/program files/microchip/xc32/v3.01/bin/bin/../../lib/gcc/pic32mx/8.3.1/../../../../pic32mx/lib\libpic32.a(vector4.o)
 .gnu.attributes
                0x0000000000000250       0x10 c:/program files/microchip/xc32/v3.01/bin/bin/../../lib/gcc/pic32mx/8.3.1/../../../../pic32mx/lib\libpic32.a(vector5.o)
 .gnu.attributes
                0x0000000000000260       0x10 c:/program files/microchip/xc32/v3.01/bin/bin/../../lib/gcc/pic32mx/8.3.1/../../../../pic32mx/lib\libpic32.a(vector6.o)
 .gnu.attributes
                0x0000000000000270       0x10 c:/program files/microchip/xc32/v3.01/bin/bin/../../lib/gcc/pic32mx/8.3.1/../../../../pic32mx/lib\libpic32.a(vector7.o)
 .gnu.attributes
                0x0000000000000280       0x10 c:/program files/microchip/xc32/v3.01/bin/bin/../../lib/gcc/pic32mx/8.3.1/../../../../pic32mx/lib\libpic32.a(vector8.o)
 .gnu.attributes
                0x0000000000000290       0x10 c:/program files/microchip/xc32/v3.01/bin/bin/../../lib/gcc/pic32mx/8.3.1/../../../../pic32mx/lib\libpic32.a(vector9.o)
 .gnu.attributes
                0x00000000000002a0       0x10 c:/program files/microchip/xc32/v3.01/bin/bin/../../lib/gcc/pic32mx/8.3.1/../../../../pic32mx/lib\libpic32.a(vector10.o)
 .gnu.attributes
                0x00000000000002b0       0x10 c:/program files/microchip/xc32/v3.01/bin/bin/../../lib/gcc/pic32mx/8.3.1/../../../../pic32mx/lib\libpic32.a(vector11.o)
 .gnu.attributes
                0x00000000000002c0       0x10 c:/program files/microchip/xc32/v3.01/bin/bin/../../lib/gcc/pic32mx/8.3.1/../../../../pic32mx/lib\libpic32.a(vector12.o)
 .gnu.attributes
                0x00000000000002d0       0x10 c:/program files/microchip/xc32/v3.01/bin/bin/../../lib/gcc/pic32mx/8.3.1/../../../../pic32mx/lib\libpic32.a(vector13.o)
 .gnu.attributes
                0x00000000000002e0       0x10 c:/program files/microchip/xc32/v3.01/bin/bin/../../lib/gcc/pic32mx/8.3.1/../../../../pic32mx/lib\libpic32.a(vector14.o)
 .gnu.attributes
                0x00000000000002f0       0x10 c:/program files/microchip/xc32/v3.01/bin/bin/../../lib/gcc/pic32mx/8.3.1/../../../../pic32mx/lib\libpic32.a(vector15.o)
 .gnu.attributes
                0x0000000000000300       0x10 c:/program files/microchip/xc32/v3.01/bin/bin/../../lib/gcc/pic32mx/8.3.1/../../../../pic32mx/lib\libpic32.a(vector16.o)
 .gnu.attributes
                0x0000000000000310       0x10 c:/program files/microchip/xc32/v3.01/bin/bin/../../lib/gcc/pic32mx/8.3.1/../../../../pic32mx/lib\libpic32.a(vector17.o)
 .gnu.attributes
                0x0000000000000320       0x10 c:/program files/microchip/xc32/v3.01/bin/bin/../../lib/gcc/pic32mx/8.3.1/../../../../pic32mx/lib\libpic32.a(vector18.o)
 .gnu.attributes
                0x0000000000000330       0x10 c:/program files/microchip/xc32/v3.01/bin/bin/../../lib/gcc/pic32mx/8.3.1/../../../../pic32mx/lib\libpic32.a(vector19.o)
 .gnu.attributes
                0x0000000000000340       0x10 c:/program files/microchip/xc32/v3.01/bin/bin/../../lib/gcc/pic32mx/8.3.1/../../../../pic32mx/lib\libpic32.a(vector20.o)
 .gnu.attributes
                0x0000000000000350       0x10 c:/program files/microchip/xc32/v3.01/bin/bin/../../lib/gcc/pic32mx/8.3.1/../../../../pic32mx/lib\libpic32.a(vector21.o)
 .gnu.attributes
                0x0000000000000360       0x10 c:/program files/microchip/xc32/v3.01/bin/bin/../../lib/gcc/pic32mx/8.3.1/../../../../pic32mx/lib\libpic32.a(vector22.o)
 .gnu.attributes
                0x0000000000000370       0x10 c:/program files/microchip/xc32/v3.01/bin/bin/../../lib/gcc/pic32mx/8.3.1/../../../../pic32mx/lib\libpic32.a(vector23.o)
 .gnu.attributes
                0x0000000000000380       0x10 c:/program files/microchip/xc32/v3.01/bin/bin/../../lib/gcc/pic32mx/8.3.1/../../../../pic32mx/lib\libpic32.a(vector24.o)
 .gnu.attributes
                0x0000000000000390       0x10 c:/program files/microchip/xc32/v3.01/bin/bin/../../lib/gcc/pic32mx/8.3.1/../../../../pic32mx/lib\libpic32.a(vector25.o)
 .gnu.attributes
                0x00000000000003a0       0x10 c:/program files/microchip/xc32/v3.01/bin/bin/../../lib/gcc/pic32mx/8.3.1/../../../../pic32mx/lib\libpic32.a(vector26.o)
 .gnu.attributes
                0x00000000000003b0       0x10 c:/program files/microchip/xc32/v3.01/bin/bin/../../lib/gcc/pic32mx/8.3.1/../../../../pic32mx/lib\libpic32.a(vector27.o)
 .gnu.attributes
                0x00000000000003c0       0x10 c:/program files/microchip/xc32/v3.01/bin/bin/../../lib/gcc/pic32mx/8.3.1/../../../../pic32mx/lib\libpic32.a(vector28.o)
 .gnu.attributes
                0x00000000000003d0       0x10 c:/program files/microchip/xc32/v3.01/bin/bin/../../lib/gcc/pic32mx/8.3.1/../../../../pic32mx/lib\libpic32.a(vector29.o)
 .gnu.attributes
                0x00000000000003e0       0x10 c:/program files/microchip/xc32/v3.01/bin/bin/../../lib/gcc/pic32mx/8.3.1/../../../../pic32mx/lib\libpic32.a(vector30.o)
 .gnu.attributes
                0x00000000000003f0       0x10 c:/program files/microchip/xc32/v3.01/bin/bin/../../lib/gcc/pic32mx/8.3.1/../../../../pic32mx/lib\libpic32.a(vector31.o)
 .gnu.attributes
                0x0000000000000400       0x10 c:/program files/microchip/xc32/v3.01/bin/bin/../../lib/gcc/pic32mx/8.3.1/../../../../pic32mx/lib\libpic32.a(vector32.o)
 .gnu.attributes
                0x0000000000000410       0x10 c:/program files/microchip/xc32/v3.01/bin/bin/../../lib/gcc/pic32mx/8.3.1/../../../../pic32mx/lib\libpic32.a(vector33.o)
 .gnu.attributes
                0x0000000000000420       0x10 c:/program files/microchip/xc32/v3.01/bin/bin/../../lib/gcc/pic32mx/8.3.1/../../../../pic32mx/lib\libpic32.a(vector34.o)
 .gnu.attributes
                0x0000000000000430       0x10 c:/program files/microchip/xc32/v3.01/bin/bin/../../lib/gcc/pic32mx/8.3.1/../../../../pic32mx/lib\libpic32.a(vector35.o)
 .gnu.attributes
                0x0000000000000440       0x10 c:/program files/microchip/xc32/v3.01/bin/bin/../../lib/gcc/pic32mx/8.3.1/../../../../pic32mx/lib\libpic32.a(vector36.o)
 .gnu.attributes
                0x0000000000000450       0x10 c:/program files/microchip/xc32/v3.01/bin/bin/../../lib/gcc/pic32mx/8.3.1/../../../../pic32mx/lib\libpic32.a(vector37.o)
 .gnu.attributes
                0x0000000000000460       0x10 c:/program files/microchip/xc32/v3.01/bin/bin/../../lib/gcc/pic32mx/8.3.1/../../../../pic32mx/lib\libpic32.a(vector38.o)
 .gnu.attributes
                0x0000000000000470       0x10 c:/program files/microchip/xc32/v3.01/bin/bin/../../lib/gcc/pic32mx/8.3.1/../../../../pic32mx/lib\libpic32.a(vector39.o)
 .gnu.attributes
                0x0000000000000480       0x10 c:/program files/microchip/xc32/v3.01/bin/bin/../../lib/gcc/pic32mx/8.3.1/../../../../pic32mx/lib\libpic32.a(vector40.o)
 .gnu.attributes
                0x0000000000000490       0x10 c:/program files/microchip/xc32/v3.01/bin/bin/../../lib/gcc/pic32mx/8.3.1/../../../../pic32mx/lib\libpic32.a(vector41.o)
 .gnu.attributes
                0x00000000000004a0       0x10 c:/program files/microchip/xc32/v3.01/bin/bin/../../lib/gcc/pic32mx/8.3.1/../../../../pic32mx/lib\libpic32.a(vector42.o)
 .gnu.attributes
                0x00000000000004b0       0x10 c:/program files/microchip/xc32/v3.01/bin/bin/../../lib/gcc/pic32mx/8.3.1/../../../../pic32mx/lib\libpic32.a(vector43.o)
 .gnu.attributes
                0x00000000000004c0       0x10 c:/program files/microchip/xc32/v3.01/bin/bin/../../lib/gcc/pic32mx/8.3.1/../../../../pic32mx/lib\libpic32.a(default-general-exception-handler.o)
 .gnu.attributes
                0x00000000000004d0       0x10 c:/program files/microchip/xc32/v3.01/bin/bin/../../lib/gcc/pic32mx/8.3.1/../../../../pic32mx/lib\libpic32.a(defaultinterrupt.o)
 .gnu.attributes
                0x00000000000004e0       0x10 c:/program files/microchip/xc32/v3.01/bin/bin/../../lib/gcc/pic32mx/8.3.1/../../../../pic32mx/lib\librcfops.a(dprcadd.o)
 .gnu.attributes
                0x00000000000004f0       0x10 c:/program files/microchip/xc32/v3.01/bin/bin/../../lib/gcc/pic32mx/8.3.1/../../../../pic32mx/lib\librcfops.a(dprcdiv.o)
 .gnu.attributes
                0x0000000000000500       0x10 c:/program files/microchip/xc32/v3.01/bin/bin/../../lib/gcc/pic32mx/8.3.1/../../../../pic32mx/lib\librcfops.a(dprcsubs.o)
 .gnu.attributes
                0x0000000000000510       0x10 c:/program files/microchip/xc32/v3.01/bin/bin/../../lib/gcc/pic32mx/8.3.1/../../../../pic32mx/lib\librcfops.a(sprcadd.o)
 .gnu.attributes
                0x0000000000000520       0x10 c:/program files/microchip/xc32/v3.01/bin/bin/../../lib/gcc/pic32mx/8.3.1/../../../../pic32mx/lib\librcfops.a(sprccmp.o)
 .gnu.attributes
                0x0000000000000530       0x10 c:/program files/microchip/xc32/v3.01/bin/bin/../../lib/gcc/pic32mx/8.3.1/../../../../pic32mx/lib\librcfops.a(sprcdiv.o)
 .gnu.attributes
                0x0000000000000540       0x10 c:/program files/microchip/xc32/v3.01/bin/bin/../../lib/gcc/pic32mx/8.3.1/../../../../pic32mx/lib\librcfops.a(sprcsubs.o)
 .gnu.attributes
                0x0000000000000550       0x10 c:/program files/microchip/xc32/v3.01/bin/bin/../../lib/gcc/pic32mx/8.3.1/../../../../pic32mx/lib\liblega-c.a(_iobdata.o)
 .gnu.attributes
                0x0000000000000560       0x10 c:/program files/microchip/xc32/v3.01/bin/bin/../../lib/gcc/pic32mx/8.3.1/../../../../pic32mx/lib\liblega-c.a(_iobfuncs.o)
 .gnu.attributes
                0x0000000000000570       0x10 c:/program files/microchip/xc32/v3.01/bin/bin/../../lib/gcc/pic32mx/8.3.1/../../../../pic32mx/lib\liblega-c.a(fputc.o)
 .gnu.attributes
                0x0000000000000580       0x10 c:/program files/microchip/xc32/v3.01/bin/bin/../../lib/gcc/pic32mx/8.3.1/../../../../pic32mx/lib\liblega-c.a(errno.o)
 .gnu.attributes
                0x0000000000000590       0x10 c:/program files/microchip/xc32/v3.01/bin/bin/../../lib/gcc/pic32mx/8.3.1/../../../../pic32mx/lib\libm.a(dptoli.o)
 .gnu.attributes
                0x00000000000005a0       0x10 c:/program files/microchip/xc32/v3.01/bin/bin/../../lib/gcc/pic32mx/8.3.1/../../../../pic32mx/lib\libm.a(fptoli.o)
 .gnu.attributes
                0x00000000000005b0       0x10 c:/program files/microchip/xc32/v3.01/bin/bin/../../lib/gcc/pic32mx/8.3.1/../../../../pic32mx/lib\libm.a(litodp.o)
 .gnu.attributes
                0x00000000000005c0       0x10 c:/program files/microchip/xc32/v3.01/bin/bin/../../lib/gcc/pic32mx/8.3.1/../../../../pic32mx/lib\libpic32.a(_mon_getc.o)
 .gnu.attributes
                0x00000000000005d0       0x10 c:/program files/microchip/xc32/v3.01/bin/bin/../../lib/gcc/pic32mx/8.3.1/../../../../pic32mx/lib\libpic32.a(_mon_write.o)
OUTPUT(dist/default/production/ecarryer-framework4pic32_2021-f4ed4efaec20.production.elf elf32-tradlittlemips)
LOAD stack
LOAD data_init

.reginfo        0x0000000000000000       0x18
 .reginfo       0x0000000000000000       0x18 c:/program files/microchip/xc32/v3.01/bin/bin/../../lib/gcc/pic32mx/8.3.1/../../../../pic32mx/lib\debug-exception-return.o

.stack          0x00000000a00006d8      0x400
 .stack         0x00000000a00006d8      0x400 stack

.bss            0x00000000a0000078      0x400
 .bss           0x00000000a0000078      0x400 build/default/production/FrameworkSource/terminal.o

.data           0x00000000a0000478       0xd4
 .data          0x00000000a0000478       0xd4 c:/program files/microchip/xc32/v3.01/bin/bin/../../lib/gcc/pic32mx/8.3.1/../../../../pic32mx/lib\liblega-c.a(_iobdata.o)

.bss            0x00000000a000054c       0xd8
 .bss           0x00000000a000054c       0x88 c:/program files/microchip/xc32/v3.01/bin/bin/../../lib/gcc/pic32mx/8.3.1/../../../../pic32mx/lib\liblega-c.a(_iobdata.o)
 .bss           0x00000000a00005d4       0x50 build/default/production/FrameworkSource/ES_Framework.o

.bss            0x00000000a0000624       0x48
 .bss           0x00000000a0000624       0x28 build/default/production/FrameworkHeaders/LEDMatrixService.o
 .bss           0x00000000a000064c       0x20 build/default/production/FrameworkSource/ES_Timers.o

.bss            0x00000000a000066c       0x40
 .bss           0x00000000a000066c       0x20 build/default/production/FrameworkSource/circular_buffer_no_modulo_threadsafe.o
                0x00000000a000066c                frameworkCircularBuffers
 .bss           0x00000000a000068c       0x20 build/default/production/ProjectSource/DM_DisplayStarter.o

.bss%z1         0x0000000000000000        0x0
 .bss           0x0000000000000000        0x0 c:/program files/microchip/xc32/v3.01/bin/bin/../../lib/gcc/pic32mx/8.3.1/../../../../pic32mx/lib\libpic32.a(_mon_write.o)

.data%z2        0x0000000000000000        0x0
 .data          0x0000000000000000        0x0 c:/program files/microchip/xc32/v3.01/bin/bin/../../lib/gcc/pic32mx/8.3.1/../../../../pic32mx/lib\libpic32.a(_mon_write.o)

.bss%z3         0x0000000000000000        0x0
 .bss           0x0000000000000000        0x0 c:/program files/microchip/xc32/v3.01/bin/bin/../../lib/gcc/pic32mx/8.3.1/../../../../pic32mx/lib\libpic32.a(_mon_getc.o)

.data%z4        0x0000000000000000        0x0
 .data          0x0000000000000000        0x0 c:/program files/microchip/xc32/v3.01/bin/bin/../../lib/gcc/pic32mx/8.3.1/../../../../pic32mx/lib\libpic32.a(_mon_getc.o)

.bss%z5         0x0000000000000000        0x0
 .bss           0x0000000000000000        0x0 c:/program files/microchip/xc32/v3.01/bin/bin/../../lib/gcc/pic32mx/8.3.1/../../../../pic32mx/lib\libm.a(litodp.o)

.data%z6        0x0000000000000000        0x0
 .data          0x0000000000000000        0x0 c:/program files/microchip/xc32/v3.01/bin/bin/../../lib/gcc/pic32mx/8.3.1/../../../../pic32mx/lib\libm.a(litodp.o)

.bss%z7         0x0000000000000000        0x0
 .bss           0x0000000000000000        0x0 c:/program files/microchip/xc32/v3.01/bin/bin/../../lib/gcc/pic32mx/8.3.1/../../../../pic32mx/lib\libm.a(fptoli.o)

.data%z8        0x0000000000000000        0x0
 .data          0x0000000000000000        0x0 c:/program files/microchip/xc32/v3.01/bin/bin/../../lib/gcc/pic32mx/8.3.1/../../../../pic32mx/lib\libm.a(fptoli.o)

.bss%z9         0x0000000000000000        0x0
 .bss           0x0000000000000000        0x0 c:/program files/microchip/xc32/v3.01/bin/bin/../../lib/gcc/pic32mx/8.3.1/../../../../pic32mx/lib\libm.a(dptoli.o)

.data%z10       0x0000000000000000        0x0
 .data          0x0000000000000000        0x0 c:/program files/microchip/xc32/v3.01/bin/bin/../../lib/gcc/pic32mx/8.3.1/../../../../pic32mx/lib\libm.a(dptoli.o)

.bss%z11        0x0000000000000000        0x0
 .bss           0x0000000000000000        0x0 c:/program files/microchip/xc32/v3.01/bin/bin/../../lib/gcc/pic32mx/8.3.1/../../../../pic32mx/lib\liblega-c.a(errno.o)

.data%z12       0x0000000000000000        0x0
 .data          0x0000000000000000        0x0 c:/program files/microchip/xc32/v3.01/bin/bin/../../lib/gcc/pic32mx/8.3.1/../../../../pic32mx/lib\liblega-c.a(errno.o)
