Archive member included to satisfy reference by file (symbol)

c:/program files/microchip/xc32/v3.01/bin/bin/../../lib/gcc/pic32mx/8.3.1\libgcc.a(floatunsidf.o)
                              build/default/debug/ProjectSource/PIC32_SPI_HAL.o (__floatunsidf)
c:/program files/microchip/xc32/v3.01/bin/bin/../../lib/gcc/pic32mx/8.3.1/../../../../pic32mx/lib\libpic32.a(default-bootstrap-exception-handler.o)
                              C:\Users\DELL\AppData\Local\Temp\ccOn6uzn.o (_bootstrap_exception_handler)
c:/program files/microchip/xc32/v3.01/bin/bin/../../lib/gcc/pic32mx/8.3.1/../../../../pic32mx/lib\libpic32.a(default-on-reset.o)
                              C:\Users\DELL\AppData\Local\Temp\ccOn6uzn.o (_on_reset)
c:/program files/microchip/xc32/v3.01/bin/bin/../../lib/gcc/pic32mx/8.3.1/../../../../pic32mx/lib\libpic32.a(default-on-bootstrap.o)
                              C:\Users\DELL\AppData\Local\Temp\ccOn6uzn.o (_on_bootstrap)
c:/program files/microchip/xc32/v3.01/bin/bin/../../lib/gcc/pic32mx/8.3.1/../../../../pic32mx/lib\libpic32.a(default-nmi-handler.o)
                              C:\Users\DELL\AppData\Local\Temp\ccOn6uzn.o (_nmi_handler)
c:/program files/microchip/xc32/v3.01/bin/bin/../../lib/gcc/pic32mx/8.3.1/../../../../pic32mx/lib\libpic32.a(xc32_uart.o)
                              build/default/debug/FrameworkSource/terminal.o (__XC_UART)
c:/program files/microchip/xc32/v3.01/bin/bin/../../lib/gcc/pic32mx/8.3.1/../../../../pic32mx/lib\libpic32.a(pic32_data_init.o)
                              C:\Users\DELL\AppData\Local\Temp\ccOn6uzn.o (__pic32_data_init)
c:/program files/microchip/xc32/v3.01/bin/bin/../../lib/gcc/pic32mx/8.3.1/../../../../pic32mx/lib\libpic32.a(general-exception.o)
                              C:\Users\DELL\AppData\Local\Temp\ccOn6uzn.o (_general_exception_context)
c:/program files/microchip/xc32/v3.01/bin/bin/../../lib/gcc/pic32mx/8.3.1/../../../../pic32mx/lib\libpic32.a(vector1.o)
                              C:\Users\DELL\AppData\Local\Temp\ccSTFQNL.o (__vector_dispatch_1)
c:/program files/microchip/xc32/v3.01/bin/bin/../../lib/gcc/pic32mx/8.3.1/../../../../pic32mx/lib\libpic32.a(vector2.o)
                              C:\Users\DELL\AppData\Local\Temp\ccSTFQNL.o (__vector_dispatch_2)
c:/program files/microchip/xc32/v3.01/bin/bin/../../lib/gcc/pic32mx/8.3.1/../../../../pic32mx/lib\libpic32.a(vector3.o)
                              C:\Users\DELL\AppData\Local\Temp\ccSTFQNL.o (__vector_dispatch_3)
c:/program files/microchip/xc32/v3.01/bin/bin/../../lib/gcc/pic32mx/8.3.1/../../../../pic32mx/lib\libpic32.a(vector4.o)
                              C:\Users\DELL\AppData\Local\Temp\ccSTFQNL.o (__vector_dispatch_4)
c:/program files/microchip/xc32/v3.01/bin/bin/../../lib/gcc/pic32mx/8.3.1/../../../../pic32mx/lib\libpic32.a(vector5.o)
                              C:\Users\DELL\AppData\Local\Temp\ccSTFQNL.o (__vector_dispatch_5)
c:/program files/microchip/xc32/v3.01/bin/bin/../../lib/gcc/pic32mx/8.3.1/../../../../pic32mx/lib\libpic32.a(vector6.o)
                              C:\Users\DELL\AppData\Local\Temp\ccSTFQNL.o (__vector_dispatch_6)
c:/program files/microchip/xc32/v3.01/bin/bin/../../lib/gcc/pic32mx/8.3.1/../../../../pic32mx/lib\libpic32.a(vector7.o)
                              C:\Users\DELL\AppData\Local\Temp\ccSTFQNL.o (__vector_dispatch_7)
c:/program files/microchip/xc32/v3.01/bin/bin/../../lib/gcc/pic32mx/8.3.1/../../../../pic32mx/lib\libpic32.a(vector8.o)
                              C:\Users\DELL\AppData\Local\Temp\ccSTFQNL.o (__vector_dispatch_8)
c:/program files/microchip/xc32/v3.01/bin/bin/../../lib/gcc/pic32mx/8.3.1/../../../../pic32mx/lib\libpic32.a(vector9.o)
                              C:\Users\DELL\AppData\Local\Temp\ccSTFQNL.o (__vector_dispatch_9)
c:/program files/microchip/xc32/v3.01/bin/bin/../../lib/gcc/pic32mx/8.3.1/../../../../pic32mx/lib\libpic32.a(vector10.o)
                              C:\Users\DELL\AppData\Local\Temp\ccSTFQNL.o (__vector_dispatch_10)
c:/program files/microchip/xc32/v3.01/bin/bin/../../lib/gcc/pic32mx/8.3.1/../../../../pic32mx/lib\libpic32.a(vector11.o)
                              C:\Users\DELL\AppData\Local\Temp\ccSTFQNL.o (__vector_dispatch_11)
c:/program files/microchip/xc32/v3.01/bin/bin/../../lib/gcc/pic32mx/8.3.1/../../../../pic32mx/lib\libpic32.a(vector12.o)
                              C:\Users\DELL\AppData\Local\Temp\ccSTFQNL.o (__vector_dispatch_12)
c:/program files/microchip/xc32/v3.01/bin/bin/../../lib/gcc/pic32mx/8.3.1/../../../../pic32mx/lib\libpic32.a(vector13.o)
                              C:\Users\DELL\AppData\Local\Temp\ccSTFQNL.o (__vector_dispatch_13)
c:/program files/microchip/xc32/v3.01/bin/bin/../../lib/gcc/pic32mx/8.3.1/../../../../pic32mx/lib\libpic32.a(vector14.o)
                              C:\Users\DELL\AppData\Local\Temp\ccSTFQNL.o (__vector_dispatch_14)
c:/program files/microchip/xc32/v3.01/bin/bin/../../lib/gcc/pic32mx/8.3.1/../../../../pic32mx/lib\libpic32.a(vector15.o)
[...]
Memory Configuration

Name             Origin             Length             Attributes
kseg0_data_mem   0x0000000080000000 0x0000000000000200
kseg1_data_mem   0x00000000a0000000 0x0000000000010000 w !x
kseg0_boot_mem   0x000000009fc00490 0x0000000000000000
kseg1_boot_mem   0x00000000bfc00000 0x0000000000000490
kseg0_program_mem 0x000000009d000000 0x000000000003f000 xr
exception_mem    0x000000009d03f000 0x0000000000001000
debug_exec_mem   0x000000009fc00490 0x0000000000000760
config3          0x00000000bfc00bf0 0x0000000000000004
config2          0x00000000bfc00bf4 0x0000000000000004
config1          0x00000000bfc00bf8 0x0000000000000004
config0          0x00000000bfc00bfc 0x0000000000000004
sfrs             0x00000000bf800000 0x0000000000100000
configsfrs       0x00000000bfc00bf0 0x0000000000000010
*default*        0x0000000000000000 0xffffffffffffffff

Linker script and memory map


reserve_data_0_kseg0
                0x0000000080000000      0x200
                0x0000000080000000        0x2 SHORT 0x0
                0x00000000000001fd                . = 0x1fd
 *fill*         0x0000000080000002      0x1fb 
                0x0000000080000200                . = ALIGN (0x4)
 *fill*         0x00000000800001fd        0x3 

reserve_data_0_kseg1
                0x00000000a0000000      0x200
                0x00000000a0000000        0x2 SHORT 0x0
                0x00000000000001fd                . = 0x1fd
 *fill*         0x00000000a0000002      0x1fb 
                0x00000000a0000200                . = ALIGN (0x4)
 *fill*         0x00000000a00001fd        0x3 

reserve_boot_0x1fc00490_kseg0
                0x000000009fc00490      0x760
                0x000000009fc00490        0x2 SHORT 0x0
                0x0000000000000760                . = 0x760
 *fill*         0x000000009fc00492      0x75e 
                0x000000009fc00bf0                . = ALIGN (0x4)

reserve_boot_0x1fc00490_kseg1
                0x00000000bfc00490      0x760
                0x00000000bfc00490        0x2 SHORT 0x0
                0x0000000000000760                . = 0x760
 *fill*         0x00000000bfc00492      0x75e 
                0x00000000bfc00bf0                . = ALIGN (0x4)
LOAD c:/program files/microchip/xc32/v3.01/bin/bin/../../lib/gcc/pic32mx/8.3.1/../../../../pic32mx/lib\software-debug-break.o
LOAD build/default/debug/FrameworkSource/ES_CheckEvents.o
LOAD build/default/debug/FrameworkSource/ES_DeferRecall.o
LOAD build/default/debug/FrameworkSource/ES_Framework.o
LOAD build/default/debug/FrameworkSource/ES_LookupTables.o
LOAD build/default/debug/FrameworkSource/ES_Port.o
LOAD build/default/debug/FrameworkSource/ES_PostList.o
LOAD build/default/debug/FrameworkSource/ES_Queue.o
LOAD build/default/debug/FrameworkSource/ES_Timers.o
LOAD build/default/debug/FrameworkSource/terminal.o
LOAD build/default/debug/FrameworkSource/circular_buffer_no_modulo_threadsafe.o
LOAD build/default/debug/FrameworkSource/dbprintf.o
LOAD build/default/debug/ProjectSource/EventCheckers.o
LOAD build/default/debug/ProjectSource/main.o
LOAD build/default/debug/ProjectSource/ServoService.o
LOAD build/default/debug/ProjectSource/PWM_PIC32.o
LOAD build/default/debug/ProjectSource/AudioService.o
LOAD build/default/debug/ProjectSource/GameService.o
LOAD build/default/debug/ProjectSource/DCMotorService.o
LOAD build/default/debug/ProjectSource/DM_DisplayStarter.o
LOAD build/default/debug/ProjectSource/FontStuff.o
LOAD build/default/debug/ProjectSource/IRService.o
LOAD build/default/debug/ProjectSource/LEDMatrixService.o
LOAD build/default/debug/ProjectSource/LEDMissileService.o
LOAD build/default/debug/ProjectSource/PIC32_AD_Lib.o
LOAD build/default/debug/ProjectSource/PIC32_PORT_HAL.o
LOAD build/default/debug/ProjectSource/PIC32_SPI_HAL.o
LOAD build/default/debug/ProjectSource/ThrottleService.o
LOAD build/default/debug/ProjectSource/OptoSensorService.o
                0x0000000000000001                __MPLAB_BUILD = 0x1
                0x0000000000000001                __MPLAB_DEBUG = 0x1
                0x0000000000000001                __DEBUG = 0x1
LOAD C:\Users\DELL\AppData\Local\Temp\ccOn6uzn.o
LOAD C:\Users\DELL\AppData\Local\Temp\ccW34lcM.o
LOAD C:\Users\DELL\AppData\Local\Temp\ccSTFQNL.o
LOAD c:/program files/microchip/xc32/v3.01/bin/bin/../../lib/gcc/pic32mx/8.3.1/../../../../pic32mx/lib\pic32_software_reset.o
LOAD c:/program files/microchip/xc32/v3.01/bin/bin/../../lib/gcc/pic32mx/8.3.1\libgcc.a
START GROUP
LOAD c:/program files/microchip/xc32/v3.01/bin/bin/../../lib/gcc/pic32mx/8.3.1/../../../../pic32mx/lib\libpic32.a
LOAD c:/program files/microchip/xc32/v3.01/bin/bin/../../lib/gcc/pic32mx/8.3.1/../../../../pic32mx/lib\libdebug.a
LOAD c:/program files/microchip/xc32/v3.01/bin/bin/../../lib/gcc/pic32mx/8.3.1/../../../../pic32mx/lib\librcfops.a
LOAD c:/program files/microchip/xc32/v3.01/bin/bin/../../lib/gcc/pic32mx/8.3.1/../../../../pic32mx/lib\liblega-c.a
LOAD c:/program files/microchip/xc32/v3.01/bin/bin/../../lib/gcc/pic32mx/8.3.1/../../../../pic32mx/lib\libm.a
LOAD c:/program files/microchip/xc32/v3.01/bin/bin/../../lib/gcc/pic32mx/8.3.1/../../../../pic32mx/lib\libe.a
LOAD c:/program files/microchip/xc32/v3.01/bin/bin/../../lib/gcc/pic32mx/8.3.1/../../../../pic32mx/lib\libdsp.a
LOAD c:/program files/microchip/xc32/v3.01/bin/bin/../../lib/gcc/pic32mx/8.3.1\libgcc.a
LOAD c:/program files/microchip/xc32/v3.01/bin/bin/../../lib/gcc/pic32mx/8.3.1/../../../../pic32mx/lib\libpic32.a
END GROUP
LOAD c:/program files/microchip/xc32/v3.01/bin/bin/../../lib/gcc/pic32mx/8.3.1\libgcc.a
                0x0000000000000400                PROVIDE (_min_stack_size = 0x400)
START GROUP
LOAD libmchp_peripheral.a
END GROUP
START GROUP
LOAD libmchp_peripheral_32MX170F256B.a
END GROUP
                0x0000000000000001                PROVIDE (_vector_spacing = 0x1)
                0x000000009d03f000                PROVIDE (_ebase_address = 0x9d03f000)
                0x00000000bfc00000                _RESET_ADDR = 0xbfc00000
                0x00000000bfc00380                _BEV_EXCPT_ADDR = 0xbfc00380
                0x00000000bfc00480                _DBG_EXCPT_ADDR = 0xbfc00480
                0x000000009fc00490                _DBG_CODE_ADDR = 0x9fc00490
                0x0000000000000760                _DBG_CODE_SIZE = 0x760
                0x000000009d03f180                _GEN_EXCPT_ADDR = (_ebase_address + 0x180)

.config_BFC00BF0
                0x00000000bfc00bf0        0x4
 *(.config_BFC00BF0)
 .config_BFC00BF0
                0x00000000bfc00bf0        0x4 build/default/debug/FrameworkSource/ES_Port.o
                0x00000000bfc00bf0                __config_BFC00BF0

.config_BFC00BF4
                0x00000000bfc00bf4        0x4
 *(.config_BFC00BF4)
 .config_BFC00BF4
                0x00000000bfc00bf4        0x4 build/default/debug/FrameworkSource/ES_Port.o
                0x00000000bfc00bf4                __config_BFC00BF4

.config_BFC00BF8
                0x00000000bfc00bf8        0x4
 *(.config_BFC00BF8)
 .config_BFC00BF8
                0x00000000bfc00bf8        0x4 build/default/debug/FrameworkSource/ES_Port.o
                0x00000000bfc00bf8                __config_BFC00BF8

.config_BFC00BFC
                0x00000000bfc00bfc        0x4
 *(.config_BFC00BFC)
 .config_BFC00BFC
                0x00000000bfc00bfc        0x4 build/default/debug/FrameworkSource/ES_Port.o
                0x00000000bfc00bfc                __config_BFC00BFC

.reset          0x00000000bfc00000      0x178
 *(.reset)
 .reset         0x00000000bfc00000        0x8 C:\Users\DELL\AppData\Local\Temp\ccOn6uzn.o
                0x00000000bfc00000                _reset
 *(.reset.startup)
 .reset.startup
                0x00000000bfc00008      0x170 C:\Users\DELL\AppData\Local\Temp\ccOn6uzn.o
                0x00000000bfc00008                _startup

.bev_excpt      0x00000000bfc00380       0x10
 *(.bev_handler)
 .bev_handler   0x00000000bfc00380       0x10 C:\Users\DELL\AppData\Local\Temp\ccOn6uzn.o

.dbg_excpt      0x00000000bfc00480        0x0
                0x00000000bfc00480                . = (. + DEFINED (_DEBUGGER)?0x8:0x0)

.dbg_code       0x000000009fc00490        0x0
                0x000000009fc00490                . = (. + DEFINED (_DEBUGGER)?_DBG_CODE_SIZE:0x0)

.app_excpt      0x000000009d03f180       0x10
 *(.gen_handler)
 .gen_handler   0x000000009d03f180       0x10 C:\Users\DELL\AppData\Local\Temp\ccOn6uzn.o

.vector_0       0x000000009d03f200        0x8
 *(.vector_0)
 .vector_0      0x000000009d03f200        0x8 build/default/debug/FrameworkSource/ES_Port.o
                0x000000009d03f200                __vector_dispatch_0
                0x0000000000000001                ASSERT (((_vector_spacing == 0x0) || (SIZEOF (.vector_0) <= (_vector_spacing << 0x5))), function at exception vector 0 too large)

.vector_1       0x000000009d03f220        0x8
 *(.vector_1)
 .vector_1      0x000000009d03f220        0x8 c:/program files/microchip/xc32/v3.01/bin/bin/../../lib/gcc/pic32mx/8.3.1/../../../../pic32mx/lib\libpic32.a(vector1.o)
                0x000000009d03f220                __vector_dispatch_1
                0x0000000000000001                ASSERT (((_vector_spacing == 0x0) || (SIZEOF (.vector_1) <= (_vector_spacing << 0x5))), function at exception vector 1 too large)

.vector_2       0x000000009d03f240        0x8
 *(.vector_2)
 .vector_2      0x000000009d03f240        0x8 c:/program files/microchip/xc32/v3.01/bin/bin/../../lib/gcc/pic32mx/8.3.1/../../../../pic32mx/lib\libpic32.a(vector2.o)
                0x000000009d03f240                __vector_dispatch_2
                0x0000000000000001                ASSERT (((_vector_spacing == 0x0) || (SIZEOF (.vector_2) <= (_vector_spacing << 0x5))), function at exception vector 2 too large)

.vector_3       0x000000009d03f260        0x8
 *(.vector_3)
 .vector_3      0x000000009d03f260        0x8 c:/program files/microchip/xc32/v3.01/bin/bin/../../lib/gcc/pic32mx/8.3.1/../../../../pic32mx/lib\libpic32.a(vector3.o)
                0x000000009d03f260                __vector_dispatch_3
                0x0000000000000001                ASSERT (((_vector_spacing == 0x0) || (SIZEOF (.vector_3) <= (_vector_spacing << 0x5))), function at exception vector 3 too large)

.vector_4       0x000000009d03f280        0x8
 *(.vector_4)
 .vector_4      0x000000009d03f280        0x8 c:/program files/microchip/xc32/v3.01/bin/bin/../../lib/gcc/pic32mx/8.3.1/../../../../pic32mx/lib\libpic32.a(vector4.o)
                0x000000009d03f280                __vector_dispatch_4
                0x0000000000000001                ASSERT (((_vector_spacing == 0x0) || (SIZEOF (.vector_4) <= (_vector_spacing << 0x5))), function at exception vector 4 too large)

.vector_5       0x000000009d03f2a0        0x8
 *(.vector_5)
 .vector_5      0x000000009d03f2a0        0x8 c:/program files/microchip/xc32/v3.01/bin/bin/../../lib/gcc/pic32mx/8.3.1/../../../../pic32mx/lib\libpic32.a(vector5.o)
                0x000000009d03f2a0                __vector_dispatch_5
                0x0000000000000001                ASSERT (((_vector_spacing == 0x0) || (SIZEOF (.vector_5) <= (_vector_spacing << 0x5))), function at exception vector 5 too large)

.vector_6       0x000000009d03f2c0        0x8
 *(.vector_6)
 .vector_6      0x000000009d03f2c0        0x8 c:/program files/microchip/xc32/v3.01/bin/bin/../../lib/gcc/pic32mx/8.3.1/../../../../pic32mx/lib\libpic32.a(vector6.o)
                0x000000009d03f2c0                __vector_dispatch_6
                0x0000000000000001                ASSERT (((_vector_spacing == 0x0) || (SIZEOF (.vector_6) <= (_vector_spacing << 0x5))), function at exception vector 6 too large)

.vector_7       0x000000009d03f2e0        0x8
 *(.vector_7)
 .vector_7      0x000000009d03f2e0        0x8 c:/program files/microchip/xc32/v3.01/bin/bin/../../lib/gcc/pic32mx/8.3.1/../../../../pic32mx/lib\libpic32.a(vector7.o)
                0x000000009d03f2e0                __vector_dispatch_7
                0x0000000000000001                ASSERT (((_vector_spacing == 0x0) || (SIZEOF (.vector_7) <= (_vector_spacing << 0x5))), function at exception vector 7 too large)

.vector_8       0x000000009d03f300        0x8
 *(.vector_8)
 .vector_8      0x000000009d03f300        0x8 c:/program files/microchip/xc32/v3.01/bin/bin/../../lib/gcc/pic32mx/8.3.1/../../../../pic32mx/lib\libpic32.a(vector8.o)
                0x000000009d03f300                __vector_dispatch_8
                0x0000000000000001                ASSERT (((_vector_spacing == 0x0) || (SIZEOF (.vector_8) <= (_vector_spacing << 0x5))), function at exception vector 8 too large)

.vector_9       0x000000009d03f320        0x8
 *(.vector_9)
 .vector_9      0x000000009d03f320        0x8 c:/program files/microchip/xc32/v3.01/bin/bin/../../lib/gcc/pic32mx/8.3.1/../../../../pic32mx/lib\libpic32.a(vector9.o)
                0x000000009d03f320                __vector_dispatch_9
                0x0000000000000001                ASSERT (((_vector_spacing == 0x0) || (SIZEOF (.vector_9) <= (_vector_spacing << 0x5))), function at exception vector 9 too large)

.vector_10      0x000000009d03f340        0x8
 *(.vector_10)
 .vector_10     0x000000009d03f340        0x8 c:/program files/microchip/xc32/v3.01/bin/bin/../../lib/gcc/pic32mx/8.3.1/../../../../pic32mx/lib\libpic32.a(vector10.o)
                0x000000009d03f340                __vector_dispatch_10
                0x0000000000000001                ASSERT (((_vector_spacing == 0x0) || (SIZEOF (.vector_10) <= (_vector_spacing << 0x5))), function at exception vector 10 too large)

.vector_11      0x000000009d03f360        0x8
 *(.vector_11)
 .vector_11     0x000000009d03f360        0x8 c:/program files/microchip/xc32/v3.01/bin/bin/../../lib/gcc/pic32mx/8.3.1/../../../../pic32mx/lib\libpic32.a(vector11.o)
                0x000000009d03f360                __vector_dispatch_11
                0x0000000000000001                ASSERT (((_vector_spacing == 0x0) || (SIZEOF (.vector_11) <= (_vector_spacing << 0x5))), function at exception vector 11 too large)

.vector_12      0x000000009d03f380        0x8
 *(.vector_12)
 .vector_12     0x000000009d03f380        0x8 c:/program files/microchip/xc32/v3.01/bin/bin/../../lib/gcc/pic32mx/8.3.1/../../../../pic32mx/lib\libpic32.a(vector12.o)
                0x000000009d03f380                __vector_dispatch_12
                0x0000000000000001                ASSERT (((_vector_spacing == 0x0) || (SIZEOF (.vector_12) <= (_vector_spacing << 0x5))), function at exception vector 12 too large)

.vector_13      0x000000009d03f3a0        0x8
 *(.vector_13)
 .vector_13     0x000000009d03f3a0        0x8 c:/program files/microchip/xc32/v3.01/bin/bin/../../lib/gcc/pic32mx/8.3.1/../../../../pic32mx/lib\libpic32.a(vector13.o)
                0x000000009d03f3a0                __vector_dispatch_13
                0x0000000000000001                ASSERT (((_vector_spacing == 0x0) || (SIZEOF (.vector_13) <= (_vector_spacing << 0x5))), function at exception vector 13 too large)

.vector_14      0x000000009d03f3c0        0x8
 *(.vector_14)
 .vector_14     0x000000009d03f3c0        0x8 c:/program files/microchip/xc32/v3.01/bin/bin/../../lib/gcc/pic32mx/8.3.1/../../../../pic32mx/lib\libpic32.a(vector14.o)
                0x000000009d03f3c0                __vector_dispatch_14
                0x0000000000000001                ASSERT (((_vector_spacing == 0x0) || (SIZEOF (.vector_14) <= (_vector_spacing << 0x5))), function at exception vector 14 too large)

.vector_15      0x000000009d03f3e0        0x8
 *(.vector_15)
 .vector_15     0x000000009d03f3e0        0x8 c:/program files/microchip/xc32/v3.01/bin/bin/../../lib/gcc/pic32mx/8.3.1/../../../../pic32mx/lib\libpic32.a(vector15.o)
                0x000000009d03f3e0                __vector_dispatch_15
                0x0000000000000001                ASSERT (((_vector_spacing == 0x0) || (SIZEOF (.vector_15) <= (_vector_spacing << 0x5))), function at exception vector 15 too large)

.vector_16      0x000000009d03f400        0x8
 *(.vector_16)
 .vector_16     0x000000009d03f400        0x8 c:/program files/microchip/xc32/v3.01/bin/bin/../../lib/gcc/pic32mx/8.3.1/../../../../pic32mx/lib\libpic32.a(vector16.o)
                0x000000009d03f400                __vector_dispatch_16
                0x0000000000000001                ASSERT (((_vector_spacing == 0x0) || (SIZEOF (.vector_16) <= (_vector_spacing << 0x5))), function at exception vector 16 too large)

.vector_17      0x000000009d03f420        0x8
 *(.vector_17)
 .vector_17     0x000000009d03f420        0x8 c:/program files/microchip/xc32/v3.01/bin/bin/../../lib/gcc/pic32mx/8.3.1/../../../../pic32mx/lib\libpic32.a(vector17.o)
                0x000000009d03f420                __vector_dispatch_17
                0x0000000000000001                ASSERT (((_vector_spacing == 0x0) || (SIZEOF (.vector_17) <= (_vector_spacing << 0x5))), function at exception vector 17 too large)

.vector_18      0x000000009d03f440        0x8
 *(.vector_18)
 .vector_18     0x000000009d03f440        0x8 c:/program files/microchip/xc32/v3.01/bin/bin/../../lib/gcc/pic32mx/8.3.1/../../../../pic32mx/lib\libpic32.a(vector18.o)
                0x000000009d03f440                __vector_dispatch_18
                0x0000000000000001                ASSERT (((_vector_spacing == 0x0) || (SIZEOF (.vector_18) <= (_vector_spacing << 0x5))), function at exception vector 18 too large)

.vector_19      0x000000009d03f460        0x8
 *(.vector_19)
 .vector_19     0x000000009d03f460        0x8 c:/program files/microchip/xc32/v3.01/bin/bin/../../lib/gcc/pic32mx/8.3.1/../../../../pic32mx/lib\libpic32.a(vector19.o)
                0x000000009d03f460                __vector_dispatch_19
                0x0000000000000001                ASSERT (((_vector_spacing == 0x0) || (SIZEOF (.vector_19) <= (_vector_spacing << 0x5))), function at exception vector 19 too large)

.vector_20      0x000000009d03f480        0x8
 *(.vector_20)
 .vector_20     0x000000009d03f480        0x8 c:/program files/microchip/xc32/v3.01/bin/bin/../../lib/gcc/pic32mx/8.3.1/../../../../pic32mx/lib\libpic32.a(vector20.o)
                0x000000009d03f480                __vector_dispatch_20
                0x0000000000000001                ASSERT (((_vector_spacing == 0x0) || (SIZEOF (.vector_20) <= (_vector_spacing << 0x5))), function at exception vector 20 too large)

.vector_21      0x000000009d03f4a0        0x8
 *(.vector_21)
 .vector_21     0x000000009d03f4a0        0x8 c:/program files/microchip/xc32/v3.01/bin/bin/../../lib/gcc/pic32mx/8.3.1/../../../../pic32mx/lib\libpic32.a(vector21.o)
                0x000000009d03f4a0                __vector_dispatch_21
                0x0000000000000001                ASSERT (((_vector_spacing == 0x0) || (SIZEOF (.vector_21) <= (_vector_spacing << 0x5))), function at exception vector 21 too large)

.vector_22      0x000000009d03f4c0        0x8
 *(.vector_22)
 .vector_22     0x000000009d03f4c0        0x8 c:/program files/microchip/xc32/v3.01/bin/bin/../../lib/gcc/pic32mx/8.3.1/../../../../pic32mx/lib\libpic32.a(vector22.o)
                0x000000009d03f4c0                __vector_dispatch_22
                0x0000000000000001                ASSERT (((_vector_spacing == 0x0) || (SIZEOF (.vector_22) <= (_vector_spacing << 0x5))), function at exception vector 22 too large)

.vector_23      0x000000009d03f4e0        0x8
 *(.vector_23)
 .vector_23     0x000000009d03f4e0        0x8 c:/program files/microchip/xc32/v3.01/bin/bin/../../lib/gcc/pic32mx/8.3.1/../../../../pic32mx/lib\libpic32.a(vector23.o)
                0x000000009d03f4e0                __vector_dispatch_23
                0x0000000000000001                ASSERT (((_vector_spacing == 0x0) || (SIZEOF (.vector_23) <= (_vector_spacing << 0x5))), function at exception vector 23 too large)

.vector_24      0x000000009d03f500        0x8
 *(.vector_24)
 .vector_24     0x000000009d03f500        0x8 c:/program files/microchip/xc32/v3.01/bin/bin/../../lib/gcc/pic32mx/8.3.1/../../../../pic32mx/lib\libpic32.a(vector24.o)
                0x000000009d03f500                __vector_dispatch_24
                0x0000000000000001                ASSERT (((_vector_spacing == 0x0) || (SIZEOF (.vector_24) <= (_vector_spacing << 0x5))), function at exception vector 24 too large)

.vector_25      0x000000009d03f520        0x8
 *(.vector_25)
 .vector_25     0x000000009d03f520        0x8 c:/program files/microchip/xc32/v3.01/bin/bin/../../lib/gcc/pic32mx/8.3.1/../../../../pic32mx/lib\libpic32.a(vector25.o)
                0x000000009d03f520                __vector_dispatch_25
                0x0000000000000001                ASSERT (((_vector_spacing == 0x0) || (SIZEOF (.vector_25) <= (_vector_spacing << 0x5))), function at exception vector 25 too large)

.vector_26      0x000000009d03f540        0x8
 *(.vector_26)
 .vector_26     0x000000009d03f540        0x8 c:/program files/microchip/xc32/v3.01/bin/bin/../../lib/gcc/pic32mx/8.3.1/../../../../pic32mx/lib\libpic32.a(vector26.o)
                0x000000009d03f540                __vector_dispatch_26
                0x0000000000000001                ASSERT (((_vector_spacing == 0x0) || (SIZEOF (.vector_26) <= (_vector_spacing << 0x5))), function at exception vector 26 too large)

.vector_27      0x000000009d03f560        0x8
 *(.vector_27)
 .vector_27     0x000000009d03f560        0x8 c:/program files/microchip/xc32/v3.01/bin/bin/../../lib/gcc/pic32mx/8.3.1/../../../../pic32mx/lib\libpic32.a(vector27.o)
                0x000000009d03f560                __vector_dispatch_27
                0x0000000000000001                ASSERT (((_vector_spacing == 0x0) || (SIZEOF (.vector_27) <= (_vector_spacing << 0x5))), function at exception vector 27 too large)

.vector_28      0x000000009d03f580        0x8
 *(.vector_28)
 .vector_28     0x000000009d03f580        0x8 c:/program files/microchip/xc32/v3.01/bin/bin/../../lib/gcc/pic32mx/8.3.1/../../../../pic32mx/lib\libpic32.a(vector28.o)
                0x000000009d03f580                __vector_dispatch_28
                0x0000000000000001                ASSERT (((_vector_spacing == 0x0) || (SIZEOF (.vector_28) <= (_vector_spacing << 0x5))), function at exception vector 28 too large)

.vector_29      0x000000009d03f5a0        0x8
 *(.vector_29)
 .vector_29     0x000000009d03f5a0        0x8 c:/program files/microchip/xc32/v3.01/bin/bin/../../lib/gcc/pic32mx/8.3.1/../../../../pic32mx/lib\libpic32.a(vector29.o)
                0x000000009d03f5a0                __vector_dispatch_29
                0x0000000000000001                ASSERT (((_vector_spacing == 0x0) || (SIZEOF (.vector_29) <= (_vector_spacing << 0x5))), function at exception vector 29 too large)

.vector_30      0x000000009d03f5c0        0x8
 *(.vector_30)
 .vector_30     0x000000009d03f5c0        0x8 c:/program files/microchip/xc32/v3.01/bin/bin/../../lib/gcc/pic32mx/8.3.1/../../../../pic32mx/lib\libpic32.a(vector30.o)
                0x000000009d03f5c0                __vector_dispatch_30
                0x0000000000000001                ASSERT (((_vector_spacing == 0x0) || (SIZEOF (.vector_30) <= (_vector_spacing << 0x5))), function at exception vector 30 too large)

.vector_31      0x000000009d03f5e0        0x8
 *(.vector_31)
 .vector_31     0x000000009d03f5e0        0x8 c:/program files/microchip/xc32/v3.01/bin/bin/../../lib/gcc/pic32mx/8.3.1/../../../../pic32mx/lib\libpic32.a(vector31.o)
                0x000000009d03f5e0                __vector_dispatch_31
                0x0000000000000001                ASSERT (((_vector_spacing == 0x0) || (SIZEOF (.vector_31) <= (_vector_spacing << 0x5))), function at exception vector 31 too large)

.vector_32      0x000000009d03f600        0x8
 *(.vector_32)
 .vector_32     0x000000009d03f600        0x8 c:/program files/microchip/xc32/v3.01/bin/bin/../../lib/gcc/pic32mx/8.3.1/../../../../pic32mx/lib\libpic32.a(vector32.o)
                0x000000009d03f600                __vector_dispatch_32
                0x0000000000000001                ASSERT (((_vector_spacing == 0x0) || (SIZEOF (.vector_32) <= (_vector_spacing << 0x5))), function at exception vector 32 too large)

.vector_33      0x000000009d03f620        0x8
 *(.vector_33)
 .vector_33     0x000000009d03f620        0x8 c:/program files/microchip/xc32/v3.01/bin/bin/../../lib/gcc/pic32mx/8.3.1/../../../../pic32mx/lib\libpic32.a(vector33.o)
                0x000000009d03f620                __vector_dispatch_33
                0x0000000000000001                ASSERT (((_vector_spacing == 0x0) || (SIZEOF (.vector_33) <= (_vector_spacing << 0x5))), function at exception vector 33 too large)

.vector_34      0x000000009d03f640        0x8
 *(.vector_34)
 .vector_34     0x000000009d03f640        0x8 c:/program files/microchip/xc32/v3.01/bin/bin/../../lib/gcc/pic32mx/8.3.1/../../../../pic32mx/lib\libpic32.a(vector34.o)
                0x000000009d03f640                __vector_dispatch_34
                0x0000000000000001                ASSERT (((_vector_spacing == 0x0) || (SIZEOF (.vector_34) <= (_vector_spacing << 0x5))), function at exception vector 34 too large)

.vector_35      0x000000009d03f660        0x8
 *(.vector_35)
 .vector_35     0x000000009d03f660        0x8 c:/program files/microchip/xc32/v3.01/bin/bin/../../lib/gcc/pic32mx/8.3.1/../../../../pic32mx/lib\libpic32.a(vector35.o)
                0x000000009d03f660                __vector_dispatch_35
                0x0000000000000001                ASSERT (((_vector_spacing == 0x0) || (SIZEOF (.vector_35) <= (_vector_spacing << 0x5))), function at exception vector 35 too large)

.vector_36      0x000000009d03f680        0x8
 *(.vector_36)
 .vector_36     0x000000009d03f680        0x8 c:/program files/microchip/xc32/v3.01/bin/bin/../../lib/gcc/pic32mx/8.3.1/../../../../pic32mx/lib\libpic32.a(vector36.o)
                0x000000009d03f680                __vector_dispatch_36
                0x0000000000000001                ASSERT (((_vector_spacing == 0x0) || (SIZEOF (.vector_36) <= (_vector_spacing << 0x5))), function at exception vector 36 too large)

.vector_37      0x000000009d03f6a0        0x8
 *(.vector_37)
 .vector_37     0x000000009d03f6a0        0x8 c:/program files/microchip/xc32/v3.01/bin/bin/../../lib/gcc/pic32mx/8.3.1/../../../../pic32mx/lib\libpic32.a(vector37.o)
                0x000000009d03f6a0                __vector_dispatch_37
                0x0000000000000001                ASSERT (((_vector_spacing == 0x0) || (SIZEOF (.vector_37) <= (_vector_spacing << 0x5))), function at exception vector 37 too large)

.vector_38      0x000000009d03f6c0        0x8
 *(.vector_38)
 .vector_38     0x000000009d03f6c0        0x8 c:/program files/microchip/xc32/v3.01/bin/bin/../../lib/gcc/pic32mx/8.3.1/../../../../pic32mx/lib\libpic32.a(vector38.o)
                0x000000009d03f6c0                __vector_dispatch_38
                0x0000000000000001                ASSERT (((_vector_spacing == 0x0) || (SIZEOF (.vector_38) <= (_vector_spacing << 0x5))), function at exception vector 38 too large)

.vector_39      0x000000009d03f6e0        0x8
 *(.vector_39)
 .vector_39     0x000000009d03f6e0        0x8 c:/program files/microchip/xc32/v3.01/bin/bin/../../lib/gcc/pic32mx/8.3.1/../../../../pic32mx/lib\libpic32.a(vector39.o)
                0x000000009d03f6e0                __vector_dispatch_39
                0x0000000000000001                ASSERT (((_vector_spacing == 0x0) || (SIZEOF (.vector_39) <= (_vector_spacing << 0x5))), function at exception vector 39 too large)

.vector_40      0x000000009d03f700        0x8
 *(.vector_40)
 .vector_40     0x000000009d03f700        0x8 c:/program files/microchip/xc32/v3.01/bin/bin/../../lib/gcc/pic32mx/8.3.1/../../../../pic32mx/lib\libpic32.a(vector40.o)
                0x000000009d03f700                __vector_dispatch_40
                0x0000000000000001                ASSERT (((_vector_spacing == 0x0) || (SIZEOF (.vector_40) <= (_vector_spacing << 0x5))), function at exception vector 40 too large)

.vector_41      0x000000009d03f720        0x8
 *(.vector_41)
 .vector_41     0x000000009d03f720        0x8 c:/program files/microchip/xc32/v3.01/bin/bin/../../lib/gcc/pic32mx/8.3.1/../../../../pic32mx/lib\libpic32.a(vector41.o)
                0x000000009d03f720                __vector_dispatch_41
                0x0000000000000001                ASSERT (((_vector_spacing == 0x0) || (SIZEOF (.vector_41) <= (_vector_spacing << 0x5))), function at exception vector 41 too large)

.vector_42      0x000000009d03f740        0x8
 *(.vector_42)
 .vector_42     0x000000009d03f740        0x8 c:/program files/microchip/xc32/v3.01/bin/bin/../../lib/gcc/pic32mx/8.3.1/../../../../pic32mx/lib\libpic32.a(vector42.o)
                0x000000009d03f740                __vector_dispatch_42
                0x0000000000000001                ASSERT (((_vector_spacing == 0x0) || (SIZEOF (.vector_42) <= (_vector_spacing << 0x5))), function at exception vector 42 too large)

.vector_43      0x000000009d03f760        0x8
 *(.vector_43)
 .vector_43     0x000000009d03f760        0x8 c:/program files/microchip/xc32/v3.01/bin/bin/../../lib/gcc/pic32mx/8.3.1/../../../../pic32mx/lib\libpic32.a(vector43.o)
                0x000000009d03f760                __vector_dispatch_43
                0x0000000000000001                ASSERT (((_vector_spacing == 0x0) || (SIZEOF (.vector_43) <= (_vector_spacing << 0x5))), function at exception vector 43 too large)

.vector_44      0x000000009d03f780        0x0
 *(.vector_44)
                0x0000000000000001                ASSERT (((_vector_spacing == 0x0) || (SIZEOF (.vector_44) <= (_vector_spacing << 0x5))), function at exception vector 44 too large)

.vector_45      0x000000009d03f7a0        0x0
 *(.vector_45)
                0x0000000000000001                ASSERT (((_vector_spacing == 0x0) || (SIZEOF (.vector_45) <= (_vector_spacing << 0x5))), function at exception vector 45 too large)

.vector_46      0x000000009d03f7c0        0x0
 *(.vector_46)
                0x0000000000000001                ASSERT (((_vector_spacing == 0x0) || (SIZEOF (.vector_46) <= (_vector_spacing << 0x5))), function at exception vector 46 too large)

.vector_47      0x000000009d03f7e0        0x0
 *(.vector_47)
                0x0000000000000001                ASSERT (((_vector_spacing == 0x0) || (SIZEOF (.vector_47) <= (_vector_spacing << 0x5))), function at exception vector 47 too large)

.vector_48      0x000000009d03f800        0x0
 *(.vector_48)
                0x0000000000000001                ASSERT (((_vector_spacing == 0x0) || (SIZEOF (.vector_48) <= (_vector_spacing << 0x5))), function at exception vector 48 too large)

.vector_49      0x000000009d03f820        0x0
 *(.vector_49)
                0x0000000000000001                ASSERT (((_vector_spacing == 0x0) || (SIZEOF (.vector_49) <= (_vector_spacing << 0x5))), function at exception vector 49 too large)

.vector_50      0x000000009d03f840        0x0
 *(.vector_50)
                0x0000000000000001                ASSERT (((_vector_spacing == 0x0) || (SIZEOF (.vector_50) <= (_vector_spacing << 0x5))), function at exception vector 50 too large)

.vector_51      0x000000009d03f860        0x0
 *(.vector_51)
                0x0000000000000001                ASSERT (((_vector_spacing == 0x0) || (SIZEOF (.vector_51) <= (_vector_spacing << 0x5))), function at exception vector 51 too large)

.vector_52      0x000000009d03f880        0x0
 *(.vector_52)
                0x0000000000000001                ASSERT (((_vector_spacing == 0x0) || (SIZEOF (.vector_52) <= (_vector_spacing << 0x5))), function at exception vector 52 too large)

.vector_53      0x000000009d03f8a0        0x0
 *(.vector_53)
                0x0000000000000001                ASSERT (((_vector_spacing == 0x0) || (SIZEOF (.vector_53) <= (_vector_spacing << 0x5))), function at exception vector 53 too large)

.vector_54      0x000000009d03f8c0        0x0
 *(.vector_54)
                0x0000000000000001                ASSERT (((_vector_spacing == 0x0) || (SIZEOF (.vector_54) <= (_vector_spacing << 0x5))), function at exception vector 54 too large)

.vector_55      0x000000009d03f8e0        0x0
 *(.vector_55)
                0x0000000000000001                ASSERT (((_vector_spacing == 0x0) || (SIZEOF (.vector_55) <= (_vector_spacing << 0x5))), function at exception vector 55 too large)

.vector_56      0x000000009d03f900        0x0
 *(.vector_56)
                0x0000000000000001                ASSERT (((_vector_spacing == 0x0) || (SIZEOF (.vector_56) <= (_vector_spacing << 0x5))), function at exception vector 56 too large)

.vector_57      0x000000009d03f920        0x0
 *(.vector_57)
                0x0000000000000001                ASSERT (((_vector_spacing == 0x0) || (SIZEOF (.vector_57) <= (_vector_spacing << 0x5))), function at exception vector 57 too large)

.vector_58      0x000000009d03f940        0x0
 *(.vector_58)
                0x0000000000000001                ASSERT (((_vector_spacing == 0x0) || (SIZEOF (.vector_58) <= (_vector_spacing << 0x5))), function at exception vector 58 too large)

.vector_59      0x000000009d03f960        0x0
 *(.vector_59)
                0x0000000000000001                ASSERT (((_vector_spacing == 0x0) || (SIZEOF (.vector_59) <= (_vector_spacing << 0x5))), function at exception vector 59 too large)

.vector_60      0x000000009d03f980        0x0
 *(.vector_60)
                0x0000000000000001                ASSERT (((_vector_spacing == 0x0) || (SIZEOF (.vector_60) <= (_vector_spacing << 0x5))), function at exception vector 60 too large)

.vector_61      0x000000009d03f9a0        0x0
 *(.vector_61)
                0x0000000000000001                ASSERT (((_vector_spacing == 0x0) || (SIZEOF (.vector_61) <= (_vector_spacing << 0x5))), function at exception vector 61 too large)

.vector_62      0x000000009d03f9c0        0x0
 *(.vector_62)
                0x0000000000000001                ASSERT (((_vector_spacing == 0x0) || (SIZEOF (.vector_62) <= (_vector_spacing << 0x5))), function at exception vector 62 too large)

.vector_63      0x000000009d03f9e0        0x0
 *(.vector_63)
                0x0000000000000001                ASSERT (((_vector_spacing == 0x0) || (SIZEOF (.vector_63) <= (_vector_spacing << 0x5))), function at exception vector 63 too large)

.startup
 *(.startup)

.text           0x000000009d000000        0x0
 *(.stub .gnu.linkonce.t.*)
 *(.text.*personality*)
 *(.mips16.fn.*)
 *(.mips16.call.*)
 *(.gnu.warning)
                0x000000009d000000                . = ALIGN (0x4)

.init           0x000000009d000000        0x0
 *crti.o(.init)
 *crtbegin.o(.init)
 *(EXCLUDE_FILE(*crtn.o *crtend?.o *crtend.o) .init)
 *crtend.o(.init)
 *crtn.o(.init)
                0x000000009d000000                . = ALIGN (0x4)

.fini           0x000000009d000000        0x0
 *(.fini)
                0x000000009d000000                . = ALIGN (0x4)

.preinit_array  0x000000009d000000        0x0
                [!provide]                        PROVIDE (__preinit_array_start = .)
 *(.preinit_array)
                [!provide]                        PROVIDE (__preinit_array_end = .)
                0x000000009d000000                . = ALIGN (0x4)

.init_array     0x000000009d000000        0x0
                [!provide]                        PROVIDE (__init_array_start = .)
 *(SORT_BY_NAME(.init_array.*))
 *(.init_array)
                [!provide]                        PROVIDE (__init_array_end = .)
                0x000000009d000000                . = ALIGN (0x4)

.fini_array     0x000000009d000000        0x0
                [!provide]                        PROVIDE (__fini_array_start = .)
 *(SORT_BY_NAME(.fini_array.*))
 *(.fini_array)
                [!provide]                        PROVIDE (__fini_array_end = .)
                0x000000009d000000                . = ALIGN (0x4)

.ctors          0x000000009d000000        0x0
 *crtbegin.o(.ctors)
 *crtbegin?.o(.ctors)
 *(EXCLUDE_FILE(*crtend?.o *crtend.o) .ctors)
 *(SORT_BY_NAME(.ctors.*))
 *(.ctors)
                0x000000009d000000                . = ALIGN (0x4)

.dtors          0x000000009d000000        0x0
 *crtbegin.o(.dtors)
 *crtbegin?.o(.dtors)
 *(EXCLUDE_FILE(*crtend?.o *crtend.o) .dtors)
 *(SORT_BY_NAME(.dtors.*))
 *(.dtors)
                0x000000009d000000                . = ALIGN (0x4)

.rodata         0x000000009d000000        0x0
 *(.gnu.linkonce.r.*)
 *(.rodata1)
                0x000000009d000000                . = ALIGN (0x4)

.sdata2         0x000000009d000000        0x0
 *(.sdata2 .sdata2.* .gnu.linkonce.s2.*)
                0x000000009d000000                . = ALIGN (0x4)

.sbss2          0x000000009d000000        0x0
 *(.sbss2 .sbss2.* .gnu.linkonce.sb2.*)
                0x000000009d000000                . = ALIGN (0x4)

.eh_frame_hdr
 *(.eh_frame_hdr)
                0x000000009d000000                . = ALIGN (0x4)

.eh_frame
 *(.eh_frame)
                0x000000009d000000                . = ALIGN (0x4)

.gcc_except_table
 *(.gcc_except_table .gcc_except_table.*)
                0x000000009d000000                . = ALIGN (0x4)

.dbg_data       0x00000000a0000200        0x0
                0x00000000a0000200                . = (. + DEFINED (_DEBUGGER)?0x200:0x0)

.jcr            0x00000000a0000200        0x0
 *(.jcr)
                0x00000000a0000200                . = ALIGN (0x4)

.eh_frame
 *(.eh_frame)
                0x00000000a0000200                . = ALIGN (0x4)

.gcc_except_table
 *(.gcc_except_table .gcc_except_table.*)
                0x00000000a0000200                . = ALIGN (0x4)

.persist        0x00000000a0000200        0x0
                0x00000000a0000200                _persist_begin = .
 *(.persist .persist.*)
                0x00000000a0000200                . = ALIGN (0x4)
                0x00000000a0000200                _persist_end = .

.data           0x00000000a0000200        0x0
 *(.gnu.linkonce.d.*)
 *(.data1)
                0x00000000a0000200                . = ALIGN (0x4)
                0x00000000a0000200                . = .
                0x00000000a00081f0                _gp = (ALIGN (0x10) + 0x7ff0)

.got            0x00000000a0000200        0x0
 *(.got.plt)
 *(.got)
                0x00000000a0000200                . = ALIGN (0x4)

.sdata          0x00000000a0000200       0x20
                0x00000000a0000200                _sdata_begin = .
 *(.sdata .sdata.* .gnu.linkonce.s.*)
 .sdata         0x00000000a0000200        0x6 build/default/debug/ProjectSource/ServoService.o
 .sdata         0x00000000a0000206        0x1 build/default/debug/ProjectSource/PWM_PIC32.o
 *fill*         0x00000000a0000207        0x1 
 .sdata         0x00000000a0000208        0x4 build/default/debug/ProjectSource/GameService.o
                0x00000000a0000208                numMissiles
 .sdata         0x00000000a000020c        0x1 build/default/debug/ProjectSource/DCMotorService.o
 *fill*         0x00000000a000020d        0x3 
 .sdata         0x00000000a0000210        0x8 build/default/debug/ProjectSource/LEDMatrixService.o
                0x00000000a0000210                fuel
 .sdata         0x00000000a0000218        0x4 c:/program files/microchip/xc32/v3.01/bin/bin/../../lib/gcc/pic32mx/8.3.1/../../../../pic32mx/lib\libpic32.a(xc32_uart.o)
                0x00000000a0000218                __XC_UART
 .sdata         0x00000000a000021c        0x4 c:/program files/microchip/xc32/v3.01/bin/bin/../../lib/gcc/pic32mx/8.3.1/../../../../pic32mx/lib\liblega-c.a(_iobdata.o)
                0x00000000a000021c                _libc_data
                0x00000000a0000220                . = ALIGN (0x4)
                0x00000000a0000220                _sdata_end = .

.lit8
 *(.lit8)

.lit4
 *(.lit4)
                0x00000000a0000220                . = ALIGN (0x4)
                0x00000000a0000220                _data_end = .
                0x00000000a0000220                _bss_begin = .

.sbss           0x00000000a0000220       0xc0
                0x00000000a0000220                _sbss_begin = .
 *(.dynsbss)
 *(.sbss .sbss.* .gnu.linkonce.sb.*)
 .sbss          0x00000000a0000220        0xc build/default/debug/FrameworkSource/ES_Framework.o
                0x00000000a0000220                Ready
 .sbss          0x00000000a000022c        0xd build/default/debug/FrameworkSource/ES_Port.o
 *fill*         0x00000000a0000239        0x3 
 .sbss          0x00000000a000023c       0x10 build/default/debug/FrameworkSource/ES_Timers.o
 .sbss          0x00000000a000024c        0x4 build/default/debug/FrameworkSource/terminal.o
 .sbss          0x00000000a0000250        0x1 build/default/debug/FrameworkSource/circular_buffer_no_modulo_threadsafe.o
                0x00000000a0000250                numBuffersAllocated
 *fill*         0x00000000a0000251        0x3 
 .sbss          0x00000000a0000254        0xc build/default/debug/ProjectSource/ServoService.o
 .sbss          0x00000000a0000260        0x9 build/default/debug/ProjectSource/PWM_PIC32.o
 *fill*         0x00000000a0000269        0x3 
 .sbss          0x00000000a000026c        0x8 build/default/debug/ProjectSource/AudioService.o
 .sbss          0x00000000a0000274        0xa build/default/debug/ProjectSource/GameService.o
 *fill*         0x00000000a000027e        0x2 
 .sbss          0x00000000a0000280        0xb build/default/debug/ProjectSource/DCMotorService.o
 *fill*         0x00000000a000028b        0x1 
 .sbss          0x00000000a000028c        0x6 build/default/debug/ProjectSource/DM_DisplayStarter.o
 .sbss          0x00000000a0000292        0x1 build/default/debug/ProjectSource/IRService.o
 *fill*         0x00000000a0000293        0x1 
 .sbss          0x00000000a0000294       0x10 build/default/debug/ProjectSource/LEDMatrixService.o
                0x00000000a0000298                clrLEDs
                0x00000000a000029c                prev_rows
                0x00000000a00002a0                new_rows
 .sbss          0x00000000a00002a4       0x19 build/default/debug/ProjectSource/LEDMissileService.o
                0x00000000a00002a8                CurrentState
                0x00000000a00002ac                BlinkFlag
                0x00000000a00002b0                MissileFlag
                0x00000000a00002b4                temp
                0x00000000a00002b6                led1
                0x00000000a00002b8                led2
                0x00000000a00002ba                led3
                0x00000000a00002bc                EncoderFlag
 .sbss          0x00000000a00002bd        0x1 build/default/debug/ProjectSource/PIC32_AD_Lib.o
                0x00000000a00002bd                numChanInSet
 *fill*         0x00000000a00002be        0x2 
 .sbss          0x00000000a00002c0       0x10 build/default/debug/ProjectSource/PIC32_SPI_HAL.o
 .sbss          0x00000000a00002d0        0x4 build/default/debug/ProjectSource/ThrottleService.o
 .sbss          0x00000000a00002d4        0x5 build/default/debug/ProjectSource/OptoSensorService.o
 *fill*         0x00000000a00002d9        0x3 
 .sbss          0x00000000a00002dc        0x4 c:/program files/microchip/xc32/v3.01/bin/bin/../../lib/gcc/pic32mx/8.3.1/../../../../pic32mx/lib\liblega-c.a(errno.o)
                0x00000000a00002dc                errno
 *(.scommon)
                0x00000000a00002e0                _sbss_end = .
                0x00000000a00002e0                . = ALIGN (0x4)

.bss            0x00000000a00002e0        0x0
 *(.dynbss)
 *(COMMON)
                0x00000000a00002e0                . = ALIGN ((. != 0x0)?0x4:0x1)
                0x00000000a00002e0                . = ALIGN (0x4)
                0x00000000a00002e0                _end = .
                0x00000000a00002e0                _bss_end = .
                0x0000000000010000                _bmxdudba_address = LENGTH (kseg1_data_mem)
                0x0000000000010000                _bmxdupba_address = LENGTH (kseg1_data_mem)

/DISCARD/
 *(.pdr)
 *(.rel.dyn)
 *(.note.GNU-stack)
 *(.note.GNU-stack)
 *(.gnu_debuglink)
 *(.gnu.lto_*)
 *(.discard)

.gptab.sdata
 *(.gptab.data)
 *(.gptab.sdata)

.gptab.sbss
 *(.gptab.bss)
 *(.gptab.sbss)

.mdebug.abi32   0x0000000000000000        0x0
 *(.mdebug.abi32)
 .mdebug.abi32  0x0000000000000000        0x0 c:/program files/microchip/xc32/v3.01/bin/bin/../../lib/gcc/pic32mx/8.3.1/../../../../pic32mx/lib\software-debug-break.o
 .mdebug.abi32  0x0000000000000000        0x0 build/default/debug/FrameworkSource/ES_CheckEvents.o
 .mdebug.abi32  0x0000000000000000        0x0 build/default/debug/FrameworkSource/ES_DeferRecall.o
 .mdebug.abi32  0x0000000000000000        0x0 build/default/debug/FrameworkSource/ES_Framework.o
 .mdebug.abi32  0x0000000000000000        0x0 build/default/debug/FrameworkSource/ES_LookupTables.o
 .mdebug.abi32  0x0000000000000000        0x0 build/default/debug/FrameworkSource/ES_Port.o
 .mdebug.abi32  0x0000000000000000        0x0 build/default/debug/FrameworkSource/ES_PostList.o
 .mdebug.abi32  0x0000000000000000        0x0 build/default/debug/FrameworkSource/ES_Queue.o
 .mdebug.abi32  0x0000000000000000        0x0 build/default/debug/FrameworkSource/ES_Timers.o
 .mdebug.abi32  0x0000000000000000        0x0 build/default/debug/FrameworkSource/terminal.o
 .mdebug.abi32  0x0000000000000000        0x0 build/default/debug/FrameworkSource/circular_buffer_no_modulo_threadsafe.o
 .mdebug.abi32  0x0000000000000000        0x0 build/default/debug/FrameworkSource/dbprintf.o
 .mdebug.abi32  0x0000000000000000        0x0 build/default/debug/ProjectSource/EventCheckers.o
 .mdebug.abi32  0x0000000000000000        0x0 build/default/debug/ProjectSource/main.o
 .mdebug.abi32  0x0000000000000000        0x0 build/default/debug/ProjectSource/ServoService.o
 .mdebug.abi32  0x0000000000000000        0x0 build/default/debug/ProjectSource/PWM_PIC32.o
 .mdebug.abi32  0x0000000000000000        0x0 build/default/debug/ProjectSource/AudioService.o
 .mdebug.abi32  0x0000000000000000        0x0 build/default/debug/ProjectSource/GameService.o
 .mdebug.abi32  0x0000000000000000        0x0 build/default/debug/ProjectSource/DCMotorService.o
 .mdebug.abi32  0x0000000000000000        0x0 build/default/debug/ProjectSource/DM_DisplayStarter.o
 .mdebug.abi32  0x0000000000000000        0x0 build/default/debug/ProjectSource/FontStuff.o
 .mdebug.abi32  0x0000000000000000        0x0 build/default/debug/ProjectSource/IRService.o
 .mdebug.abi32  0x0000000000000000        0x0 build/default/debug/ProjectSource/LEDMatrixService.o
 .mdebug.abi32  0x0000000000000000        0x0 build/default/debug/ProjectSource/LEDMissileService.o
 .mdebug.abi32  0x0000000000000000        0x0 build/default/debug/ProjectSource/PIC32_AD_Lib.o
 .mdebug.abi32  0x0000000000000000        0x0 build/default/debug/ProjectSource/PIC32_PORT_HAL.o
 .mdebug.abi32  0x0000000000000000        0x0 build/default/debug/ProjectSource/PIC32_SPI_HAL.o
 .mdebug.abi32  0x0000000000000000        0x0 build/default/debug/ProjectSource/ThrottleService.o
 .mdebug.abi32  0x0000000000000000        0x0 build/default/debug/ProjectSource/OptoSensorService.o
 .mdebug.abi32  0x0000000000000000        0x0 c:/program files/microchip/xc32/v3.01/bin/bin/../../lib/gcc/pic32mx/8.3.1\libgcc.a(floatunsidf.o)
 .mdebug.abi32  0x0000000000000000        0x0 c:/program files/microchip/xc32/v3.01/bin/bin/../../lib/gcc/pic32mx/8.3.1/../../../../pic32mx/lib\libpic32.a(default-bootstrap-exception-handler.o)
 .mdebug.abi32  0x0000000000000000        0x0 c:/program files/microchip/xc32/v3.01/bin/bin/../../lib/gcc/pic32mx/8.3.1/../../../../pic32mx/lib\libpic32.a(default-on-reset.o)
 .mdebug.abi32  0x0000000000000000        0x0 c:/program files/microchip/xc32/v3.01/bin/bin/../../lib/gcc/pic32mx/8.3.1/../../../../pic32mx/lib\libpic32.a(default-on-bootstrap.o)
 .mdebug.abi32  0x0000000000000000        0x0 c:/program files/microchip/xc32/v3.01/bin/bin/../../lib/gcc/pic32mx/8.3.1/../../../../pic32mx/lib\libpic32.a(xc32_uart.o)
 .mdebug.abi32  0x0000000000000000        0x0 c:/program files/microchip/xc32/v3.01/bin/bin/../../lib/gcc/pic32mx/8.3.1/../../../../pic32mx/lib\libpic32.a(default-general-exception-handler.o)
 .mdebug.abi32  0x0000000000000000        0x0 c:/program files/microchip/xc32/v3.01/bin/bin/../../lib/gcc/pic32mx/8.3.1/../../../../pic32mx/lib\libpic32.a(defaultinterrupt.o)
 .mdebug.abi32  0x0000000000000000        0x0 c:/program files/microchip/xc32/v3.01/bin/bin/../../lib/gcc/pic32mx/8.3.1/../../../../pic32mx/lib\liblega-c.a(rand.o)
 .mdebug.abi32  0x0000000000000000        0x0 c:/program files/microchip/xc32/v3.01/bin/bin/../../lib/gcc/pic32mx/8.3.1/../../../../pic32mx/lib\liblega-c.a(_iobdata.o)
 .mdebug.abi32  0x0000000000000000        0x0 c:/program files/microchip/xc32/v3.01/bin/bin/../../lib/gcc/pic32mx/8.3.1/../../../../pic32mx/lib\liblega-c.a(_iobfuncs.o)
 .mdebug.abi32  0x0000000000000000        0x0 c:/program files/microchip/xc32/v3.01/bin/bin/../../lib/gcc/pic32mx/8.3.1/../../../../pic32mx/lib\liblega-c.a(fputc.o)
 .mdebug.abi32  0x0000000000000000        0x0 c:/program files/microchip/xc32/v3.01/bin/bin/../../lib/gcc/pic32mx/8.3.1/../../../../pic32mx/lib\liblega-c.a(fputs.o)
 .mdebug.abi32  0x0000000000000000        0x0 c:/program files/microchip/xc32/v3.01/bin/bin/../../lib/gcc/pic32mx/8.3.1/../../../../pic32mx/lib\liblega-c.a(printf_cdnopuxX.eo)
 .mdebug.abi32  0x0000000000000000        0x0 c:/program files/microchip/xc32/v3.01/bin/bin/../../lib/gcc/pic32mx/8.3.1/../../../../pic32mx/lib\liblega-c.a(printf_s.eo)
 .mdebug.abi32  0x0000000000000000        0x0 c:/program files/microchip/xc32/v3.01/bin/bin/../../lib/gcc/pic32mx/8.3.1/../../../../pic32mx/lib\liblega-c.a(stubs.o)
 .mdebug.abi32  0x0000000000000000        0x0 c:/program files/microchip/xc32/v3.01/bin/bin/../../lib/gcc/pic32mx/8.3.1/../../../../pic32mx/lib\liblega-c.a(strlen.o)
 .mdebug.abi32  0x0000000000000000        0x0 c:/program files/microchip/xc32/v3.01/bin/bin/../../lib/gcc/pic32mx/8.3.1/../../../../pic32mx/lib\liblega-c.a(errno.o)
 .mdebug.abi32  0x0000000000000000        0x0 c:/program files/microchip/xc32/v3.01/bin/bin/../../lib/gcc/pic32mx/8.3.1/../../../../pic32mx/lib\liblega-c.a(_doprnt_cdnopuxX.eo)
 .mdebug.abi32  0x0000000000000000        0x0 c:/program files/microchip/xc32/v3.01/bin/bin/../../lib/gcc/pic32mx/8.3.1/../../../../pic32mx/lib\liblega-c.a(_doprnt_s.eo)
 .mdebug.abi32  0x0000000000000000        0x0 c:/program files/microchip/xc32/v3.01/bin/bin/../../lib/gcc/pic32mx/8.3.1/../../../../pic32mx/lib\libm.a(w_pow.o)
 .mdebug.abi32  0x0000000000000000        0x0 c:/program files/microchip/xc32/v3.01/bin/bin/../../lib/gcc/pic32mx/8.3.1/../../../../pic32mx/lib\libm.a(s_lib_ver.o)
 .mdebug.abi32  0x0000000000000000        0x0 c:/program files/microchip/xc32/v3.01/bin/bin/../../lib/gcc/pic32mx/8.3.1\libgcc.a(_udivdi3.o)
 .mdebug.abi32  0x0000000000000000        0x0 c:/program files/microchip/xc32/v3.01/bin/bin/../../lib/gcc/pic32mx/8.3.1\libgcc.a(_umoddi3.o)
 .mdebug.abi32  0x0000000000000000        0x0 c:/program files/microchip/xc32/v3.01/bin/bin/../../lib/gcc/pic32mx/8.3.1/../../../../pic32mx/lib\libpic32.a(_mon_getc.o)
 .mdebug.abi32  0x0000000000000000        0x0 c:/program files/microchip/xc32/v3.01/bin/bin/../../lib/gcc/pic32mx/8.3.1/../../../../pic32mx/lib\libpic32.a(_mon_write.o)
 .mdebug.abi32  0x0000000000000000        0x0 c:/program files/microchip/xc32/v3.01/bin/bin/../../lib/gcc/pic32mx/8.3.1/../../../../pic32mx/lib\libpic32.a(isinf.o)
 .mdebug.abi32  0x0000000000000000        0x0 c:/program files/microchip/xc32/v3.01/bin/bin/../../lib/gcc/pic32mx/8.3.1/../../../../pic32mx/lib\libe.a(_unorddf2.o)

.mdebug.abiN32
 *(.mdebug.abiN32)

.mdebug.abi64
 *(.mdebug.abi64)

.mdebug.abiO64
 *(.mdebug.abiO64)

.mdebug.eabi32
 *(.mdebug.eabi32)

.mdebug.eabi64
 *(.mdebug.eabi64)

.gcc_compiled_long32
 *(.gcc_compiled_long32)

.gcc_compiled_long64
 *(.gcc_compiled_long64)

.stab
 *(.stab)

.stabstr
 *(.stabstr)

.stab.excl
 *(.stab.excl)

.stab.exclstr
 *(.stab.exclstr)

.stab.index
 *(.stab.index)

.stab.indexstr
 *(.stab.indexstr)

.comment        0x0000000000000000      0x3c3
 *(.comment)
 .comment       0x0000000000000000       0x53 c:/program files/microchip/xc32/v3.01/bin/bin/../../lib/gcc/pic32mx/8.3.1/../../../../pic32mx/lib\software-debug-break.o
                                         0x54 (size before relaxing)
 .comment       0x0000000000000053       0x54 build/default/debug/FrameworkSource/ES_CheckEvents.o
 .comment       0x0000000000000053       0x54 build/default/debug/FrameworkSource/ES_DeferRecall.o
 .comment       0x0000000000000053       0x54 build/default/debug/FrameworkSource/ES_Framework.o
 .comment       0x0000000000000053       0x54 build/default/debug/FrameworkSource/ES_LookupTables.o
 .comment       0x0000000000000053       0x54 build/default/debug/FrameworkSource/ES_Port.o
 .comment       0x0000000000000053       0x54 build/default/debug/FrameworkSource/ES_PostList.o
 .comment       0x0000000000000053       0x54 build/default/debug/FrameworkSource/ES_Queue.o
 .comment       0x0000000000000053       0x54 build/default/debug/FrameworkSource/ES_Timers.o
 .comment       0x0000000000000053       0x54 build/default/debug/FrameworkSource/terminal.o
 .comment       0x0000000000000053       0x54 build/default/debug/FrameworkSource/circular_buffer_no_modulo_threadsafe.o
 .comment       0x0000000000000053       0x54 build/default/debug/FrameworkSource/dbprintf.o
 .comment       0x0000000000000053       0x54 build/default/debug/ProjectSource/EventCheckers.o
 .comment       0x0000000000000053       0x54 build/default/debug/ProjectSource/main.o
 .comment       0x0000000000000053       0x54 build/default/debug/ProjectSource/ServoService.o
 .comment       0x0000000000000053       0x54 build/default/debug/ProjectSource/PWM_PIC32.o
 .comment       0x0000000000000053       0x54 build/default/debug/ProjectSource/AudioService.o
 .comment       0x0000000000000053       0x54 build/default/debug/ProjectSource/GameService.o
 .comment       0x0000000000000053       0x54 build/default/debug/ProjectSource/DCMotorService.o
 .comment       0x0000000000000053       0x54 build/default/debug/ProjectSource/DM_DisplayStarter.o
 .comment       0x0000000000000053       0x54 build/default/debug/ProjectSource/FontStuff.o
 .comment       0x0000000000000053       0x54 build/default/debug/ProjectSource/IRService.o
 .comment       0x0000000000000053       0x54 build/default/debug/ProjectSource/LEDMatrixService.o
 .comment       0x0000000000000053       0x54 build/default/debug/ProjectSource/LEDMissileService.o
 .comment       0x0000000000000053       0x54 build/default/debug/ProjectSource/PIC32_AD_Lib.o
 .comment       0x0000000000000053       0x54 build/default/debug/ProjectSource/PIC32_PORT_HAL.o
 .comment       0x0000000000000053       0x54 build/default/debug/ProjectSource/PIC32_SPI_HAL.o
 .comment       0x0000000000000053       0x54 build/default/debug/ProjectSource/ThrottleService.o
 .comment       0x0000000000000053       0x54 build/default/debug/ProjectSource/OptoSensorService.o
 .comment       0x0000000000000053       0x54 c:/program files/microchip/xc32/v3.01/bin/bin/../../lib/gcc/pic32mx/8.3.1\libgcc.a(floatunsidf.o)
 .comment       0x0000000000000053       0x54 c:/program files/microchip/xc32/v3.01/bin/bin/../../lib/gcc/pic32mx/8.3.1/../../../../pic32mx/lib\libpic32.a(default-bootstrap-exception-handler.o)
 .comment       0x0000000000000053       0x54 c:/program files/microchip/xc32/v3.01/bin/bin/../../lib/gcc/pic32mx/8.3.1/../../../../pic32mx/lib\libpic32.a(default-on-reset.o)
 .comment       0x0000000000000053       0x54 c:/program files/microchip/xc32/v3.01/bin/bin/../../lib/gcc/pic32mx/8.3.1/../../../../pic32mx/lib\libpic32.a(default-on-bootstrap.o)
 .comment       0x0000000000000053       0x54 c:/program files/microchip/xc32/v3.01/bin/bin/../../lib/gcc/pic32mx/8.3.1/../../../../pic32mx/lib\libpic32.a(xc32_uart.o)
 .comment       0x0000000000000053       0x54 c:/program files/microchip/xc32/v3.01/bin/bin/../../lib/gcc/pic32mx/8.3.1/../../../../pic32mx/lib\libpic32.a(default-general-exception-handler.o)
 .comment       0x0000000000000053       0x54 c:/program files/microchip/xc32/v3.01/bin/bin/../../lib/gcc/pic32mx/8.3.1/../../../../pic32mx/lib\libpic32.a(defaultinterrupt.o)
 .comment       0x0000000000000053       0x4d c:/program files/microchip/xc32/v3.01/bin/bin/../../lib/gcc/pic32mx/8.3.1/../../../../pic32mx/lib\liblega-c.a(rand.o)
                                         0xa1 (size before relaxing)
 .comment       0x00000000000000a0       0x53 c:/program files/microchip/xc32/v3.01/bin/bin/../../lib/gcc/pic32mx/8.3.1/../../../../pic32mx/lib\liblega-c.a(_iobdata.o)
                                         0xa7 (size before relaxing)
 .comment       0x00000000000000f3       0x54 c:/program files/microchip/xc32/v3.01/bin/bin/../../lib/gcc/pic32mx/8.3.1/../../../../pic32mx/lib\liblega-c.a(_iobfuncs.o)
                                         0xa8 (size before relaxing)
 .comment       0x0000000000000147       0x50 c:/program files/microchip/xc32/v3.01/bin/bin/../../lib/gcc/pic32mx/8.3.1/../../../../pic32mx/lib\liblega-c.a(fputc.o)
                                         0xa4 (size before relaxing)
 .comment       0x0000000000000197       0x50 c:/program files/microchip/xc32/v3.01/bin/bin/../../lib/gcc/pic32mx/8.3.1/../../../../pic32mx/lib\liblega-c.a(fputs.o)
                                         0xa4 (size before relaxing)
 .comment       0x00000000000001e7       0x51 c:/program files/microchip/xc32/v3.01/bin/bin/../../lib/gcc/pic32mx/8.3.1/../../../../pic32mx/lib\liblega-c.a(printf_cdnopuxX.eo)
                                         0xa5 (size before relaxing)
 .comment       0x0000000000000238       0xa5 c:/program files/microchip/xc32/v3.01/bin/bin/../../lib/gcc/pic32mx/8.3.1/../../../../pic32mx/lib\liblega-c.a(printf_s.eo)
 .comment       0x0000000000000238       0x4e c:/program files/microchip/xc32/v3.01/bin/bin/../../lib/gcc/pic32mx/8.3.1/../../../../pic32mx/lib\liblega-c.a(stubs.o)
                                         0xa2 (size before relaxing)
 .comment       0x0000000000000286       0x4f c:/program files/microchip/xc32/v3.01/bin/bin/../../lib/gcc/pic32mx/8.3.1/../../../../pic32mx/lib\liblega-c.a(strlen.o)
                                         0xa3 (size before relaxing)
 .comment       0x00000000000002d5       0x4e c:/program files/microchip/xc32/v3.01/bin/bin/../../lib/gcc/pic32mx/8.3.1/../../../../pic32mx/lib\liblega-c.a(errno.o)
                                         0xa2 (size before relaxing)
 .comment       0x0000000000000323       0x52 c:/program files/microchip/xc32/v3.01/bin/bin/../../lib/gcc/pic32mx/8.3.1/../../../../pic32mx/lib\liblega-c.a(_doprnt_cdnopuxX.eo)
                                         0xa6 (size before relaxing)
 .comment       0x0000000000000375       0xa6 c:/program files/microchip/xc32/v3.01/bin/bin/../../lib/gcc/pic32mx/8.3.1/../../../../pic32mx/lib\liblega-c.a(_doprnt_s.eo)
 .comment       0x0000000000000375       0x54 c:/program files/microchip/xc32/v3.01/bin/bin/../../lib/gcc/pic32mx/8.3.1/../../../../pic32mx/lib\libm.a(w_pow.o)
 .comment       0x0000000000000375       0x54 c:/program files/microchip/xc32/v3.01/bin/bin/../../lib/gcc/pic32mx/8.3.1/../../../../pic32mx/lib\libm.a(s_lib_ver.o)
 .comment       0x0000000000000375       0x54 c:/program files/microchip/xc32/v3.01/bin/bin/../../lib/gcc/pic32mx/8.3.1\libgcc.a(_udivdi3.o)
 .comment       0x0000000000000375       0x54 c:/program files/microchip/xc32/v3.01/bin/bin/../../lib/gcc/pic32mx/8.3.1\libgcc.a(_umoddi3.o)
 .comment       0x0000000000000375       0x54 c:/program files/microchip/xc32/v3.01/bin/bin/../../lib/gcc/pic32mx/8.3.1/../../../../pic32mx/lib\libpic32.a(_mon_getc.o)
 .comment       0x0000000000000375       0x54 c:/program files/microchip/xc32/v3.01/bin/bin/../../lib/gcc/pic32mx/8.3.1/../../../../pic32mx/lib\libpic32.a(_mon_write.o)
 .comment       0x0000000000000375       0x54 c:/program files/microchip/xc32/v3.01/bin/bin/../../lib/gcc/pic32mx/8.3.1/../../../../pic32mx/lib\libpic32.a(isinf.o)
 .comment       0x0000000000000375       0x4e c:/program files/microchip/xc32/v3.01/bin/bin/../../lib/gcc/pic32mx/8.3.1/../../../../pic32mx/lib\libe.a(_unorddf2.o)
                                         0xa2 (size before relaxing)

.debug
 *.elf(.debug)
 *(.debug)

.line
 *.elf(.line)
 *(.line)

.debug_srcinfo
 *.elf(.debug_srcinfo)
 *(.debug_srcinfo)

.debug_sfnames
 *.elf(.debug_sfnames)
 *(.debug_sfnames)

.debug_aranges  0x0000000000000000      0x5a0
 *.elf(.debug_aranges)
 *(.debug_aranges)
 .debug_aranges
                0x0000000000000000       0x20 c:/program files/microchip/xc32/v3.01/bin/bin/../../lib/gcc/pic32mx/8.3.1/../../../../pic32mx/lib\software-debug-break.o
 .debug_aranges
                0x0000000000000020       0x20 build/default/debug/FrameworkSource/ES_CheckEvents.o
 .debug_aranges
                0x0000000000000040       0x20 build/default/debug/FrameworkSource/ES_DeferRecall.o
 .debug_aranges
                0x0000000000000060       0x20 build/default/debug/FrameworkSource/ES_Framework.o
 .debug_aranges
                0x0000000000000080       0x20 build/default/debug/FrameworkSource/ES_LookupTables.o
 .debug_aranges
                0x00000000000000a0       0x20 build/default/debug/FrameworkSource/ES_Port.o
 .debug_aranges
                0x00000000000000c0       0x18 build/default/debug/FrameworkSource/ES_PostList.o
 .debug_aranges
                0x00000000000000d8       0x20 build/default/debug/FrameworkSource/ES_Queue.o
 .debug_aranges
                0x00000000000000f8       0x20 build/default/debug/FrameworkSource/ES_Timers.o
 .debug_aranges
                0x0000000000000118       0x20 build/default/debug/FrameworkSource/terminal.o
 .debug_aranges
                0x0000000000000138       0x20 build/default/debug/FrameworkSource/circular_buffer_no_modulo_threadsafe.o
 .debug_aranges
                0x0000000000000158       0x20 build/default/debug/FrameworkSource/dbprintf.o
 .debug_aranges
                0x0000000000000178       0x20 build/default/debug/ProjectSource/EventCheckers.o
 .debug_aranges
                0x0000000000000198       0x20 build/default/debug/ProjectSource/main.o
 .debug_aranges
                0x00000000000001b8       0x20 build/default/debug/ProjectSource/ServoService.o
 .debug_aranges
                0x00000000000001d8       0x20 build/default/debug/ProjectSource/PWM_PIC32.o
 .debug_aranges
                0x00000000000001f8       0x20 build/default/debug/ProjectSource/AudioService.o
 .debug_aranges
                0x0000000000000218       0x20 build/default/debug/ProjectSource/GameService.o
 .debug_aranges
                0x0000000000000238       0x20 build/default/debug/ProjectSource/DCMotorService.o
 .debug_aranges
                0x0000000000000258       0x20 build/default/debug/ProjectSource/DM_DisplayStarter.o
 .debug_aranges
                0x0000000000000278       0x20 build/default/debug/ProjectSource/FontStuff.o
 .debug_aranges
                0x0000000000000298       0x20 build/default/debug/ProjectSource/IRService.o
 .debug_aranges
                0x00000000000002b8       0x20 build/default/debug/ProjectSource/LEDMatrixService.o
 .debug_aranges
                0x00000000000002d8       0x20 build/default/debug/ProjectSource/LEDMissileService.o
 .debug_aranges
                0x00000000000002f8       0x20 build/default/debug/ProjectSource/PIC32_AD_Lib.o
 .debug_aranges
                0x0000000000000318       0x20 build/default/debug/ProjectSource/PIC32_PORT_HAL.o
 .debug_aranges
                0x0000000000000338       0x20 build/default/debug/ProjectSource/PIC32_SPI_HAL.o
 .debug_aranges
                0x0000000000000358       0x20 build/default/debug/ProjectSource/ThrottleService.o
 .debug_aranges
                0x0000000000000378       0x20 build/default/debug/ProjectSource/OptoSensorService.o
 .debug_aranges
                0x0000000000000398       0x40 C:\Users\DELL\AppData\Local\Temp\ccOn6uzn.o
 .debug_aranges
                0x00000000000003d8       0x20 c:/program files/microchip/xc32/v3.01/bin/bin/../../lib/gcc/pic32mx/8.3.1\libgcc.a(floatunsidf.o)
 .debug_aranges
                0x00000000000003f8       0x20 c:/program files/microchip/xc32/v3.01/bin/bin/../../lib/gcc/pic32mx/8.3.1/../../../../pic32mx/lib\libpic32.a(default-bootstrap-exception-handler.o)
 .debug_aranges
                0x0000000000000418       0x20 c:/program files/microchip/xc32/v3.01/bin/bin/../../lib/gcc/pic32mx/8.3.1/../../../../pic32mx/lib\libpic32.a(default-on-reset.o)
 .debug_aranges
                0x0000000000000438       0x20 c:/program files/microchip/xc32/v3.01/bin/bin/../../lib/gcc/pic32mx/8.3.1/../../../../pic32mx/lib\libpic32.a(default-on-bootstrap.o)
 .debug_aranges
                0x0000000000000458       0x20 c:/program files/microchip/xc32/v3.01/bin/bin/../../lib/gcc/pic32mx/8.3.1/../../../../pic32mx/lib\libpic32.a(default-general-exception-handler.o)
 .debug_aranges
                0x0000000000000478       0x20 c:/program files/microchip/xc32/v3.01/bin/bin/../../lib/gcc/pic32mx/8.3.1/../../../../pic32mx/lib\libpic32.a(defaultinterrupt.o)
 .debug_aranges
                0x0000000000000498       0x20 c:/program files/microchip/xc32/v3.01/bin/bin/../../lib/gcc/pic32mx/8.3.1/../../../../pic32mx/lib\libm.a(w_pow.o)
 .debug_aranges
                0x00000000000004b8       0x20 c:/program files/microchip/xc32/v3.01/bin/bin/../../lib/gcc/pic32mx/8.3.1\libgcc.a(_udivdi3.o)
 .debug_aranges
                0x00000000000004d8       0x20 c:/program files/microchip/xc32/v3.01/bin/bin/../../lib/gcc/pic32mx/8.3.1\libgcc.a(_umoddi3.o)
 .debug_aranges
                0x00000000000004f8       0x20 c:/program files/microchip/xc32/v3.01/bin/bin/../../lib/gcc/pic32mx/8.3.1/../../../../pic32mx/lib\libpic32.a(_mon_getc.o)
 .debug_aranges
                0x0000000000000518       0x20 c:/program files/microchip/xc32/v3.01/bin/bin/../../lib/gcc/pic32mx/8.3.1/../../../../pic32mx/lib\libpic32.a(_mon_write.o)
 .debug_aranges
                0x0000000000000538       0x48 c:/program files/microchip/xc32/v3.01/bin/bin/../../lib/gcc/pic32mx/8.3.1/../../../../pic32mx/lib\libpic32.a(isinf.o)
 .debug_aranges
                0x0000000000000580       0x20 c:/program files/microchip/xc32/v3.01/bin/bin/../../lib/gcc/pic32mx/8.3.1/../../../../pic32mx/lib\libe.a(_unorddf2.o)

.debug_pubnames
 *.elf(.debug_pubnames)
 *(.debug_pubnames)

.debug_info     0x0000000000000000   0x1c3c97
 *.elf(.debug_info .gnu.linkonce.wi.*)
 *(.debug_info .gnu.linkonce.wi.*)
 .debug_info    0x0000000000000000       0x3f c:/program files/microchip/xc32/v3.01/bin/bin/../../lib/gcc/pic32mx/8.3.1/../../../../pic32mx/lib\software-debug-break.o
 .debug_info    0x000000000000003f       0xf9 build/default/debug/FrameworkSource/ES_CheckEvents.o
 .debug_info    0x0000000000000138    0x11350 build/default/debug/FrameworkSource/ES_DeferRecall.o
 .debug_info    0x0000000000011488    0x1187a build/default/debug/FrameworkSource/ES_Framework.o
 .debug_info    0x0000000000022d02    0x1122f build/default/debug/FrameworkSource/ES_LookupTables.o
 .debug_info    0x0000000000033f31    0x11337 build/default/debug/FrameworkSource/ES_Port.o
 .debug_info    0x0000000000045268    0x11156 build/default/debug/FrameworkSource/ES_PostList.o
 .debug_info    0x00000000000563be    0x11497 build/default/debug/FrameworkSource/ES_Queue.o
 .debug_info    0x0000000000067855    0x115ca build/default/debug/FrameworkSource/ES_Timers.o
 .debug_info    0x0000000000078e1f    0x113e8 build/default/debug/FrameworkSource/terminal.o
 .debug_info    0x000000000008a207      0x477 build/default/debug/FrameworkSource/circular_buffer_no_modulo_threadsafe.o
 .debug_info    0x000000000008a67e    0x11347 build/default/debug/FrameworkSource/dbprintf.o
 .debug_info    0x000000000009b9c5    0x112fd build/default/debug/ProjectSource/EventCheckers.o
 .debug_info    0x00000000000accc2    0x1134b build/default/debug/ProjectSource/main.o
 .debug_info    0x00000000000be00d    0x11831 build/default/debug/ProjectSource/ServoService.o
 .debug_info    0x00000000000cf83e    0x11514 build/default/debug/ProjectSource/PWM_PIC32.o
 .debug_info    0x00000000000e0d52    0x115cd build/default/debug/ProjectSource/AudioService.o
 .debug_info    0x00000000000f231f    0x11a25 build/default/debug/ProjectSource/GameService.o
 .debug_info    0x0000000000103d44    0x11dad build/default/debug/ProjectSource/DCMotorService.o
 .debug_info    0x0000000000115af1    0x11386 build/default/debug/ProjectSource/DM_DisplayStarter.o
 .debug_info    0x0000000000126e77    0x10f42 build/default/debug/ProjectSource/FontStuff.o
 .debug_info    0x0000000000137db9    0x114af build/default/debug/ProjectSource/IRService.o
 .debug_info    0x0000000000149268    0x115b0 build/default/debug/ProjectSource/LEDMatrixService.o
 .debug_info    0x000000000015a818    0x118a4 build/default/debug/ProjectSource/LEDMissileService.o
 .debug_info    0x000000000016c0bc    0x10f72 build/default/debug/ProjectSource/PIC32_AD_Lib.o
 .debug_info    0x000000000017d02e    0x112dd build/default/debug/ProjectSource/PIC32_PORT_HAL.o
 .debug_info    0x000000000018e30b    0x11af4 build/default/debug/ProjectSource/PIC32_SPI_HAL.o
 .debug_info    0x000000000019fdff    0x11453 build/default/debug/ProjectSource/ThrottleService.o
 .debug_info    0x00000000001b1252    0x11517 build/default/debug/ProjectSource/OptoSensorService.o
 .debug_info    0x00000000001c2769       0x22 C:\Users\DELL\AppData\Local\Temp\ccOn6uzn.o
 .debug_info    0x00000000001c278b       0xaf c:/program files/microchip/xc32/v3.01/bin/bin/../../lib/gcc/pic32mx/8.3.1\libgcc.a(floatunsidf.o)
 .debug_info    0x00000000001c283a       0x41 c:/program files/microchip/xc32/v3.01/bin/bin/../../lib/gcc/pic32mx/8.3.1/../../../../pic32mx/lib\libpic32.a(default-bootstrap-exception-handler.o)
 .debug_info    0x00000000001c287b       0x3f c:/program files/microchip/xc32/v3.01/bin/bin/../../lib/gcc/pic32mx/8.3.1/../../../../pic32mx/lib\libpic32.a(default-on-reset.o)
 .debug_info    0x00000000001c28ba       0x3f c:/program files/microchip/xc32/v3.01/bin/bin/../../lib/gcc/pic32mx/8.3.1/../../../../pic32mx/lib\libpic32.a(default-on-bootstrap.o)
 .debug_info    0x00000000001c28f9       0x41 c:/program files/microchip/xc32/v3.01/bin/bin/../../lib/gcc/pic32mx/8.3.1/../../../../pic32mx/lib\libpic32.a(default-general-exception-handler.o)
 .debug_info    0x00000000001c293a       0x40 c:/program files/microchip/xc32/v3.01/bin/bin/../../lib/gcc/pic32mx/8.3.1/../../../../pic32mx/lib\libpic32.a(defaultinterrupt.o)
 .debug_info    0x00000000001c297a       0x4a c:/program files/microchip/xc32/v3.01/bin/bin/../../lib/gcc/pic32mx/8.3.1/../../../../pic32mx/lib\libm.a(w_pow.o)
 .debug_info    0x00000000001c29c4      0x85c c:/program files/microchip/xc32/v3.01/bin/bin/../../lib/gcc/pic32mx/8.3.1\libgcc.a(_udivdi3.o)
 .debug_info    0x00000000001c3220      0x8d4 c:/program files/microchip/xc32/v3.01/bin/bin/../../lib/gcc/pic32mx/8.3.1\libgcc.a(_umoddi3.o)
 .debug_info    0x00000000001c3af4       0x40 c:/program files/microchip/xc32/v3.01/bin/bin/../../lib/gcc/pic32mx/8.3.1/../../../../pic32mx/lib\libpic32.a(_mon_getc.o)
 .debug_info    0x00000000001c3b34       0x4a c:/program files/microchip/xc32/v3.01/bin/bin/../../lib/gcc/pic32mx/8.3.1/../../../../pic32mx/lib\libpic32.a(_mon_write.o)
 .debug_info    0x00000000001c3b7e       0xac c:/program files/microchip/xc32/v3.01/bin/bin/../../lib/gcc/pic32mx/8.3.1/../../../../pic32mx/lib\libpic32.a(isinf.o)
 .debug_info    0x00000000001c3c2a       0x6d c:/program files/microchip/xc32/v3.01/bin/bin/../../lib/gcc/pic32mx/8.3.1/../../../../pic32mx/lib\libe.a(_unorddf2.o)

.debug_abbrev   0x0000000000000000     0x5258
 *.elf(.debug_abbrev)
 *(.debug_abbrev)
 .debug_abbrev  0x0000000000000000       0x2e c:/program files/microchip/xc32/v3.01/bin/bin/../../lib/gcc/pic32mx/8.3.1/../../../../pic32mx/lib\software-debug-break.o
 .debug_abbrev  0x000000000000002e       0xb1 build/default/debug/FrameworkSource/ES_CheckEvents.o
 .debug_abbrev  0x00000000000000df      0x2a2 build/default/debug/FrameworkSource/ES_DeferRecall.o
 .debug_abbrev  0x0000000000000381      0x334 build/default/debug/FrameworkSource/ES_Framework.o
 .debug_abbrev  0x00000000000006b5      0x24b build/default/debug/FrameworkSource/ES_LookupTables.o
 .debug_abbrev  0x0000000000000900      0x2f8 build/default/debug/FrameworkSource/ES_Port.o
 .debug_abbrev  0x0000000000000bf8      0x1f3 build/default/debug/FrameworkSource/ES_PostList.o
 .debug_abbrev  0x0000000000000deb      0x286 build/default/debug/FrameworkSource/ES_Queue.o
 .debug_abbrev  0x0000000000001071      0x342 build/default/debug/FrameworkSource/ES_Timers.o
 .debug_abbrev  0x00000000000013b3      0x2fa build/default/debug/FrameworkSource/terminal.o
 .debug_abbrev  0x00000000000016ad      0x177 build/default/debug/FrameworkSource/circular_buffer_no_modulo_threadsafe.o
 .debug_abbrev  0x0000000000001824      0x301 build/default/debug/FrameworkSource/dbprintf.o
 .debug_abbrev  0x0000000000001b25      0x26a build/default/debug/ProjectSource/EventCheckers.o
 .debug_abbrev  0x0000000000001d8f      0x2a5 build/default/debug/ProjectSource/main.o
 .debug_abbrev  0x0000000000002034      0x31c build/default/debug/ProjectSource/ServoService.o
 .debug_abbrev  0x0000000000002350      0x2a6 build/default/debug/ProjectSource/PWM_PIC32.o
 .debug_abbrev  0x00000000000025f6      0x2d9 build/default/debug/ProjectSource/AudioService.o
 .debug_abbrev  0x00000000000028cf      0x375 build/default/debug/ProjectSource/GameService.o
 .debug_abbrev  0x0000000000002c44      0x384 build/default/debug/ProjectSource/DCMotorService.o
 .debug_abbrev  0x0000000000002fc8      0x363 build/default/debug/ProjectSource/DM_DisplayStarter.o
 .debug_abbrev  0x000000000000332b      0x1d6 build/default/debug/ProjectSource/FontStuff.o
 .debug_abbrev  0x0000000000003501      0x2c9 build/default/debug/ProjectSource/IRService.o
 .debug_abbrev  0x00000000000037ca      0x30c build/default/debug/ProjectSource/LEDMatrixService.o
 .debug_abbrev  0x0000000000003ad6      0x3c1 build/default/debug/ProjectSource/LEDMissileService.o
 .debug_abbrev  0x0000000000003e97      0x205 build/default/debug/ProjectSource/PIC32_AD_Lib.o
 .debug_abbrev  0x000000000000409c      0x258 build/default/debug/ProjectSource/PIC32_PORT_HAL.o
 .debug_abbrev  0x00000000000042f4      0x368 build/default/debug/ProjectSource/PIC32_SPI_HAL.o
 .debug_abbrev  0x000000000000465c      0x2c8 build/default/debug/ProjectSource/ThrottleService.o
 .debug_abbrev  0x0000000000004924      0x2be build/default/debug/ProjectSource/OptoSensorService.o
 .debug_abbrev  0x0000000000004be2       0x12 C:\Users\DELL\AppData\Local\Temp\ccOn6uzn.o
 .debug_abbrev  0x0000000000004bf4       0x7d c:/program files/microchip/xc32/v3.01/bin/bin/../../lib/gcc/pic32mx/8.3.1\libgcc.a(floatunsidf.o)
 .debug_abbrev  0x0000000000004c71       0x31 c:/program files/microchip/xc32/v3.01/bin/bin/../../lib/gcc/pic32mx/8.3.1/../../../../pic32mx/lib\libpic32.a(default-bootstrap-exception-handler.o)
 .debug_abbrev  0x0000000000004ca2       0x2e c:/program files/microchip/xc32/v3.01/bin/bin/../../lib/gcc/pic32mx/8.3.1/../../../../pic32mx/lib\libpic32.a(default-on-reset.o)
 .debug_abbrev  0x0000000000004cd0       0x2e c:/program files/microchip/xc32/v3.01/bin/bin/../../lib/gcc/pic32mx/8.3.1/../../../../pic32mx/lib\libpic32.a(default-on-bootstrap.o)
 .debug_abbrev  0x0000000000004cfe       0x31 c:/program files/microchip/xc32/v3.01/bin/bin/../../lib/gcc/pic32mx/8.3.1/../../../../pic32mx/lib\libpic32.a(default-general-exception-handler.o)
 .debug_abbrev  0x0000000000004d2f       0x31 c:/program files/microchip/xc32/v3.01/bin/bin/../../lib/gcc/pic32mx/8.3.1/../../../../pic32mx/lib\libpic32.a(defaultinterrupt.o)
 .debug_abbrev  0x0000000000004d60       0x37 c:/program files/microchip/xc32/v3.01/bin/bin/../../lib/gcc/pic32mx/8.3.1/../../../../pic32mx/lib\libm.a(w_pow.o)
 .debug_abbrev  0x0000000000004d97      0x1d8 c:/program files/microchip/xc32/v3.01/bin/bin/../../lib/gcc/pic32mx/8.3.1\libgcc.a(_udivdi3.o)
 .debug_abbrev  0x0000000000004f6f      0x1ee c:/program files/microchip/xc32/v3.01/bin/bin/../../lib/gcc/pic32mx/8.3.1\libgcc.a(_umoddi3.o)
 .debug_abbrev  0x000000000000515d       0x2e c:/program files/microchip/xc32/v3.01/bin/bin/../../lib/gcc/pic32mx/8.3.1/../../../../pic32mx/lib\libpic32.a(_mon_getc.o)
 .debug_abbrev  0x000000000000518b       0x37 c:/program files/microchip/xc32/v3.01/bin/bin/../../lib/gcc/pic32mx/8.3.1/../../../../pic32mx/lib\libpic32.a(_mon_write.o)
 .debug_abbrev  0x00000000000051c2       0x46 c:/program files/microchip/xc32/v3.01/bin/bin/../../lib/gcc/pic32mx/8.3.1/../../../../pic32mx/lib\libpic32.a(isinf.o)
 .debug_abbrev  0x0000000000005208       0x50 c:/program files/microchip/xc32/v3.01/bin/bin/../../lib/gcc/pic32mx/8.3.1/../../../../pic32mx/lib\libe.a(_unorddf2.o)

.debug_line     0x0000000000000000     0x7ef3
 *.elf(.debug_line)
 *(.debug_line)
 .debug_line    0x0000000000000000       0xb1 c:/program files/microchip/xc32/v3.01/bin/bin/../../lib/gcc/pic32mx/8.3.1/../../../../pic32mx/lib\software-debug-break.o
 .debug_line    0x00000000000000b1      0x154 build/default/debug/FrameworkSource/ES_CheckEvents.o
 .debug_line    0x0000000000000205      0x2c2 build/default/debug/FrameworkSource/ES_DeferRecall.o
 .debug_line    0x00000000000004c7      0x401 build/default/debug/FrameworkSource/ES_Framework.o
 .debug_line    0x00000000000008c8      0x2a5 build/default/debug/FrameworkSource/ES_LookupTables.o
 .debug_line    0x0000000000000b6d      0x32a build/default/debug/FrameworkSource/ES_Port.o
 .debug_line    0x0000000000000e97      0x1f4 build/default/debug/FrameworkSource/ES_PostList.o
 .debug_line    0x000000000000108b      0x38c build/default/debug/FrameworkSource/ES_Queue.o
 .debug_line    0x0000000000001417      0x3a1 build/default/debug/FrameworkSource/ES_Timers.o
 .debug_line    0x00000000000017b8      0x336 build/default/debug/FrameworkSource/terminal.o
 .debug_line    0x0000000000001aee      0x31c build/default/debug/FrameworkSource/circular_buffer_no_modulo_threadsafe.o
 .debug_line    0x0000000000001e0a      0x3f2 build/default/debug/FrameworkSource/dbprintf.o
 .debug_line    0x00000000000021fc      0x2b4 build/default/debug/ProjectSource/EventCheckers.o
 .debug_line    0x00000000000024b0      0x2b1 build/default/debug/ProjectSource/main.o
 .debug_line    0x0000000000002761      0x517 build/default/debug/ProjectSource/ServoService.o
 .debug_line    0x0000000000002c78      0x46d build/default/debug/ProjectSource/PWM_PIC32.o
 .debug_line    0x00000000000030e5      0x41f build/default/debug/ProjectSource/AudioService.o
 .debug_line    0x0000000000003504      0x6b9 build/default/debug/ProjectSource/GameService.o
 .debug_line    0x0000000000003bbd      0x79c build/default/debug/ProjectSource/DCMotorService.o
 .debug_line    0x0000000000004359      0x3ba build/default/debug/ProjectSource/DM_DisplayStarter.o
 .debug_line    0x0000000000004713      0x20f build/default/debug/ProjectSource/FontStuff.o
 .debug_line    0x0000000000004922      0x38f build/default/debug/ProjectSource/IRService.o
 .debug_line    0x0000000000004cb1      0x403 build/default/debug/ProjectSource/LEDMatrixService.o
 .debug_line    0x00000000000050b4      0x566 build/default/debug/ProjectSource/LEDMissileService.o
 .debug_line    0x000000000000561a      0x226 build/default/debug/ProjectSource/PIC32_AD_Lib.o
 .debug_line    0x0000000000005840      0x473 build/default/debug/ProjectSource/PIC32_PORT_HAL.o
 .debug_line    0x0000000000005cb3      0x6c0 build/default/debug/ProjectSource/PIC32_SPI_HAL.o
 .debug_line    0x0000000000006373      0x36b build/default/debug/ProjectSource/ThrottleService.o
 .debug_line    0x00000000000066de      0x3f0 build/default/debug/ProjectSource/OptoSensorService.o
 .debug_line    0x0000000000006ace      0x147 C:\Users\DELL\AppData\Local\Temp\ccOn6uzn.o
 .debug_line    0x0000000000006c15       0xbe c:/program files/microchip/xc32/v3.01/bin/bin/../../lib/gcc/pic32mx/8.3.1\libgcc.a(floatunsidf.o)
 .debug_line    0x0000000000006cd3       0xca c:/program files/microchip/xc32/v3.01/bin/bin/../../lib/gcc/pic32mx/8.3.1/../../../../pic32mx/lib\libpic32.a(default-bootstrap-exception-handler.o)
 .debug_line    0x0000000000006d9d       0xa6 c:/program files/microchip/xc32/v3.01/bin/bin/../../lib/gcc/pic32mx/8.3.1/../../../../pic32mx/lib\libpic32.a(default-on-reset.o)
 .debug_line    0x0000000000006e43       0xaa c:/program files/microchip/xc32/v3.01/bin/bin/../../lib/gcc/pic32mx/8.3.1/../../../../pic32mx/lib\libpic32.a(default-on-bootstrap.o)
 .debug_line    0x0000000000006eed        0x0 c:/program files/microchip/xc32/v3.01/bin/bin/../../lib/gcc/pic32mx/8.3.1/../../../../pic32mx/lib\libpic32.a(xc32_uart.o)
 .debug_line    0x0000000000006eed       0xc8 c:/program files/microchip/xc32/v3.01/bin/bin/../../lib/gcc/pic32mx/8.3.1/../../../../pic32mx/lib\libpic32.a(default-general-exception-handler.o)
 .debug_line    0x0000000000006fb5       0xc9 c:/program files/microchip/xc32/v3.01/bin/bin/../../lib/gcc/pic32mx/8.3.1/../../../../pic32mx/lib\libpic32.a(defaultinterrupt.o)
 .debug_line    0x000000000000707e      0x10c c:/program files/microchip/xc32/v3.01/bin/bin/../../lib/gcc/pic32mx/8.3.1/../../../../pic32mx/lib\libm.a(w_pow.o)
 .debug_line    0x000000000000718a        0x0 c:/program files/microchip/xc32/v3.01/bin/bin/../../lib/gcc/pic32mx/8.3.1/../../../../pic32mx/lib\libm.a(s_lib_ver.o)
 .debug_line    0x000000000000718a      0x490 c:/program files/microchip/xc32/v3.01/bin/bin/../../lib/gcc/pic32mx/8.3.1\libgcc.a(_udivdi3.o)
 .debug_line    0x000000000000761a      0x4d9 c:/program files/microchip/xc32/v3.01/bin/bin/../../lib/gcc/pic32mx/8.3.1\libgcc.a(_umoddi3.o)
 .debug_line    0x0000000000007af3      0x12d c:/program files/microchip/xc32/v3.01/bin/bin/../../lib/gcc/pic32mx/8.3.1/../../../../pic32mx/lib\libpic32.a(_mon_getc.o)
 .debug_line    0x0000000000007c20       0xb0 c:/program files/microchip/xc32/v3.01/bin/bin/../../lib/gcc/pic32mx/8.3.1/../../../../pic32mx/lib\libpic32.a(_mon_write.o)
 .debug_line    0x0000000000007cd0      0x153 c:/program files/microchip/xc32/v3.01/bin/bin/../../lib/gcc/pic32mx/8.3.1/../../../../pic32mx/lib\libpic32.a(isinf.o)
 .debug_line    0x0000000000007e23       0xd0 c:/program files/microchip/xc32/v3.01/bin/bin/../../lib/gcc/pic32mx/8.3.1/../../../../pic32mx/lib\libe.a(_unorddf2.o)

.debug_frame    0x0000000000000000     0x1848
 *.elf(.debug_frame)
 *(.debug_frame)
 .debug_frame   0x0000000000000000       0x20 c:/program files/microchip/xc32/v3.01/bin/bin/../../lib/gcc/pic32mx/8.3.1/../../../../pic32mx/lib\software-debug-break.o
 .debug_frame   0x0000000000000020       0x34 build/default/debug/FrameworkSource/ES_CheckEvents.o
 .debug_frame   0x0000000000000054       0x34 build/default/debug/FrameworkSource/ES_DeferRecall.o
 .debug_frame   0x0000000000000088       0xc4 build/default/debug/FrameworkSource/ES_Framework.o
 .debug_frame   0x000000000000014c       0x30 build/default/debug/FrameworkSource/ES_LookupTables.o
 .debug_frame   0x000000000000017c      0x108 build/default/debug/FrameworkSource/ES_Port.o
 .debug_frame   0x0000000000000284       0xbc build/default/debug/FrameworkSource/ES_Queue.o
 .debug_frame   0x0000000000000340       0xfc build/default/debug/FrameworkSource/ES_Timers.o
 .debug_frame   0x000000000000043c       0xfc build/default/debug/FrameworkSource/terminal.o
 .debug_frame   0x0000000000000538      0x188 build/default/debug/FrameworkSource/circular_buffer_no_modulo_threadsafe.o
 .debug_frame   0x00000000000006c0       0x58 build/default/debug/FrameworkSource/dbprintf.o
 .debug_frame   0x0000000000000718       0x34 build/default/debug/ProjectSource/EventCheckers.o
 .debug_frame   0x000000000000074c       0x2c build/default/debug/ProjectSource/main.o
 .debug_frame   0x0000000000000778       0xc4 build/default/debug/ProjectSource/ServoService.o
 .debug_frame   0x000000000000083c      0x148 build/default/debug/ProjectSource/PWM_PIC32.o
 .debug_frame   0x0000000000000984       0x7c build/default/debug/ProjectSource/AudioService.o
 .debug_frame   0x0000000000000a00       0xa4 build/default/debug/ProjectSource/GameService.o
 .debug_frame   0x0000000000000aa4      0x168 build/default/debug/ProjectSource/DCMotorService.o
 .debug_frame   0x0000000000000c0c      0x164 build/default/debug/ProjectSource/DM_DisplayStarter.o
 .debug_frame   0x0000000000000d70       0x34 build/default/debug/ProjectSource/FontStuff.o
 .debug_frame   0x0000000000000da4       0x7c build/default/debug/ProjectSource/IRService.o
 .debug_frame   0x0000000000000e20       0x9c build/default/debug/ProjectSource/LEDMatrixService.o
 .debug_frame   0x0000000000000ebc      0x100 build/default/debug/ProjectSource/LEDMissileService.o
 .debug_frame   0x0000000000000fbc       0x50 build/default/debug/ProjectSource/PIC32_AD_Lib.o
 .debug_frame   0x000000000000100c      0x100 build/default/debug/ProjectSource/PIC32_PORT_HAL.o
 .debug_frame   0x000000000000110c      0x3a4 build/default/debug/ProjectSource/PIC32_SPI_HAL.o
 .debug_frame   0x00000000000014b0       0x7c build/default/debug/ProjectSource/ThrottleService.o
 .debug_frame   0x000000000000152c       0x7c build/default/debug/ProjectSource/OptoSensorService.o
 .debug_frame   0x00000000000015a8       0x2c c:/program files/microchip/xc32/v3.01/bin/bin/../../lib/gcc/pic32mx/8.3.1\libgcc.a(floatunsidf.o)
 .debug_frame   0x00000000000015d4       0x2c c:/program files/microchip/xc32/v3.01/bin/bin/../../lib/gcc/pic32mx/8.3.1/../../../../pic32mx/lib\libpic32.a(default-bootstrap-exception-handler.o)
 .debug_frame   0x0000000000001600       0x20 c:/program files/microchip/xc32/v3.01/bin/bin/../../lib/gcc/pic32mx/8.3.1/../../../../pic32mx/lib\libpic32.a(default-on-reset.o)
 .debug_frame   0x0000000000001620       0x20 c:/program files/microchip/xc32/v3.01/bin/bin/../../lib/gcc/pic32mx/8.3.1/../../../../pic32mx/lib\libpic32.a(default-on-bootstrap.o)
 .debug_frame   0x0000000000001640       0x2c c:/program files/microchip/xc32/v3.01/bin/bin/../../lib/gcc/pic32mx/8.3.1/../../../../pic32mx/lib\libpic32.a(default-general-exception-handler.o)
 .debug_frame   0x000000000000166c       0x20 c:/program files/microchip/xc32/v3.01/bin/bin/../../lib/gcc/pic32mx/8.3.1/../../../../pic32mx/lib\libpic32.a(defaultinterrupt.o)
 .debug_frame   0x000000000000168c       0x3c c:/program files/microchip/xc32/v3.01/bin/bin/../../lib/gcc/pic32mx/8.3.1/../../../../pic32mx/lib\libm.a(w_pow.o)
 .debug_frame   0x00000000000016c8       0x20 c:/program files/microchip/xc32/v3.01/bin/bin/../../lib/gcc/pic32mx/8.3.1\libgcc.a(_udivdi3.o)
 .debug_frame   0x00000000000016e8       0x20 c:/program files/microchip/xc32/v3.01/bin/bin/../../lib/gcc/pic32mx/8.3.1\libgcc.a(_umoddi3.o)
 .debug_frame   0x0000000000001708       0x38 c:/program files/microchip/xc32/v3.01/bin/bin/../../lib/gcc/pic32mx/8.3.1/../../../../pic32mx/lib\libpic32.a(_mon_getc.o)
 .debug_frame   0x0000000000001740       0x38 c:/program files/microchip/xc32/v3.01/bin/bin/../../lib/gcc/pic32mx/8.3.1/../../../../pic32mx/lib\libpic32.a(_mon_write.o)
 .debug_frame   0x0000000000001778       0xb0 c:/program files/microchip/xc32/v3.01/bin/bin/../../lib/gcc/pic32mx/8.3.1/../../../../pic32mx/lib\libpic32.a(isinf.o)
 .debug_frame   0x0000000000001828       0x20 c:/program files/microchip/xc32/v3.01/bin/bin/../../lib/gcc/pic32mx/8.3.1/../../../../pic32mx/lib\libe.a(_unorddf2.o)

.debug_str      0x0000000000000000    0xa02ea
 *.elf(.debug_str)
 *(.debug_str)
 .debug_str     0x0000000000000000      0x3a3 c:/program files/microchip/xc32/v3.01/bin/bin/../../lib/gcc/pic32mx/8.3.1/../../../../pic32mx/lib\software-debug-break.o
 .debug_str     0x00000000000003a3      0x336 build/default/debug/FrameworkSource/ES_CheckEvents.o
 .debug_str     0x00000000000006d9     0x600e build/default/debug/FrameworkSource/ES_DeferRecall.o
 .debug_str     0x00000000000066e7     0x626c build/default/debug/FrameworkSource/ES_Framework.o
 .debug_str     0x000000000000c953     0x5e12 build/default/debug/FrameworkSource/ES_LookupTables.o
 .debug_str     0x0000000000012765     0x5f10 build/default/debug/FrameworkSource/ES_Port.o
 .debug_str     0x0000000000018675     0x5da9 build/default/debug/FrameworkSource/ES_PostList.o
 .debug_str     0x000000000001e41e     0x605c build/default/debug/FrameworkSource/ES_Queue.o
 .debug_str     0x000000000002447a     0x61c4 build/default/debug/FrameworkSource/ES_Timers.o
 .debug_str     0x000000000002a63e     0x5ee6 build/default/debug/FrameworkSource/terminal.o
 .debug_str     0x0000000000030524      0x46e build/default/debug/FrameworkSource/circular_buffer_no_modulo_threadsafe.o
 .debug_str     0x0000000000030992     0x5e26 build/default/debug/FrameworkSource/dbprintf.o
 .debug_str     0x00000000000367b8     0x5fdf build/default/debug/ProjectSource/EventCheckers.o
 .debug_str     0x000000000003c797     0x5eab build/default/debug/ProjectSource/main.o
 .debug_str     0x0000000000042642     0x6282 build/default/debug/ProjectSource/ServoService.o
 .debug_str     0x00000000000488c4     0x5fbf build/default/debug/ProjectSource/PWM_PIC32.o
 .debug_str     0x000000000004e883     0x613d build/default/debug/ProjectSource/AudioService.o
 .debug_str     0x00000000000549c0     0x61f6 build/default/debug/ProjectSource/GameService.o
 .debug_str     0x000000000005abb6     0x6367 build/default/debug/ProjectSource/DCMotorService.o
 .debug_str     0x0000000000060f1d     0x5ecf build/default/debug/ProjectSource/DM_DisplayStarter.o
 .debug_str     0x0000000000066dec     0x5c80 build/default/debug/ProjectSource/FontStuff.o
 .debug_str     0x000000000006ca6c     0x6065 build/default/debug/ProjectSource/IRService.o
 .debug_str     0x0000000000072ad1     0x614f build/default/debug/ProjectSource/LEDMatrixService.o
 .debug_str     0x0000000000078c20     0x61ed build/default/debug/ProjectSource/LEDMissileService.o
 .debug_str     0x000000000007ee0d     0x5cc1 build/default/debug/ProjectSource/PIC32_AD_Lib.o
 .debug_str     0x0000000000084ace     0x5df3 build/default/debug/ProjectSource/PIC32_PORT_HAL.o
 .debug_str     0x000000000008a8c1     0x6182 build/default/debug/ProjectSource/PIC32_SPI_HAL.o
 .debug_str     0x0000000000090a43     0x608c build/default/debug/ProjectSource/ThrottleService.o
 .debug_str     0x0000000000096acf     0x60bb build/default/debug/ProjectSource/OptoSensorService.o
 .debug_str     0x000000000009cb8a       0x9f C:\Users\DELL\AppData\Local\Temp\ccOn6uzn.o
 .debug_str     0x000000000009cc29      0x31d c:/program files/microchip/xc32/v3.01/bin/bin/../../lib/gcc/pic32mx/8.3.1\libgcc.a(floatunsidf.o)
 .debug_str     0x000000000009cf46      0x3b3 c:/program files/microchip/xc32/v3.01/bin/bin/../../lib/gcc/pic32mx/8.3.1/../../../../pic32mx/lib\libpic32.a(default-bootstrap-exception-handler.o)
 .debug_str     0x000000000009d2f9      0x38d c:/program files/microchip/xc32/v3.01/bin/bin/../../lib/gcc/pic32mx/8.3.1/../../../../pic32mx/lib\libpic32.a(default-on-reset.o)
 .debug_str     0x000000000009d686      0x395 c:/program files/microchip/xc32/v3.01/bin/bin/../../lib/gcc/pic32mx/8.3.1/../../../../pic32mx/lib\libpic32.a(default-on-bootstrap.o)
 .debug_str     0x000000000009da1b      0x37c c:/program files/microchip/xc32/v3.01/bin/bin/../../lib/gcc/pic32mx/8.3.1/../../../../pic32mx/lib\libpic32.a(xc32_uart.o)
 .debug_str     0x000000000009dd97      0x3af c:/program files/microchip/xc32/v3.01/bin/bin/../../lib/gcc/pic32mx/8.3.1/../../../../pic32mx/lib\libpic32.a(default-general-exception-handler.o)
 .debug_str     0x000000000009e146      0x3a7 c:/program files/microchip/xc32/v3.01/bin/bin/../../lib/gcc/pic32mx/8.3.1/../../../../pic32mx/lib\libpic32.a(defaultinterrupt.o)
 .debug_str     0x000000000009e4ed      0x32c c:/program files/microchip/xc32/v3.01/bin/bin/../../lib/gcc/pic32mx/8.3.1/../../../../pic32mx/lib\libm.a(w_pow.o)
 .debug_str     0x000000000009e819      0x324 c:/program files/microchip/xc32/v3.01/bin/bin/../../lib/gcc/pic32mx/8.3.1/../../../../pic32mx/lib\libm.a(s_lib_ver.o)
 .debug_str     0x000000000009eb3d      0x4e3 c:/program files/microchip/xc32/v3.01/bin/bin/../../lib/gcc/pic32mx/8.3.1\libgcc.a(_udivdi3.o)
 .debug_str     0x000000000009f020      0x4e3 c:/program files/microchip/xc32/v3.01/bin/bin/../../lib/gcc/pic32mx/8.3.1\libgcc.a(_umoddi3.o)
 .debug_str     0x000000000009f503      0x386 c:/program files/microchip/xc32/v3.01/bin/bin/../../lib/gcc/pic32mx/8.3.1/../../../../pic32mx/lib\libpic32.a(_mon_getc.o)
 .debug_str     0x000000000009f889      0x388 c:/program files/microchip/xc32/v3.01/bin/bin/../../lib/gcc/pic32mx/8.3.1/../../../../pic32mx/lib\libpic32.a(_mon_write.o)
 .debug_str     0x000000000009fc11      0x3a0 c:/program files/microchip/xc32/v3.01/bin/bin/../../lib/gcc/pic32mx/8.3.1/../../../../pic32mx/lib\libpic32.a(isinf.o)
 .debug_str     0x000000000009ffb1      0x339 c:/program files/microchip/xc32/v3.01/bin/bin/../../lib/gcc/pic32mx/8.3.1/../../../../pic32mx/lib\libe.a(_unorddf2.o)

.debug_loc      0x0000000000000000     0x6e29
 *.elf(.debug_loc)
 *(.debug_loc)
 .debug_loc     0x0000000000000000       0x76 build/default/debug/FrameworkSource/ES_CheckEvents.o
 .debug_loc     0x0000000000000076       0xda build/default/debug/FrameworkSource/ES_DeferRecall.o
 .debug_loc     0x0000000000000150      0x28e build/default/debug/FrameworkSource/ES_Framework.o
 .debug_loc     0x00000000000003de       0xf2 build/default/debug/FrameworkSource/ES_LookupTables.o
 .debug_loc     0x00000000000004d0      0x207 build/default/debug/FrameworkSource/ES_Port.o
 .debug_loc     0x00000000000006d7      0x3f2 build/default/debug/FrameworkSource/ES_Queue.o
 .debug_loc     0x0000000000000ac9      0x21b build/default/debug/FrameworkSource/ES_Timers.o
 .debug_loc     0x0000000000000ce4      0x2c1 build/default/debug/FrameworkSource/terminal.o
 .debug_loc     0x0000000000000fa5      0x648 build/default/debug/FrameworkSource/circular_buffer_no_modulo_threadsafe.o
 .debug_loc     0x00000000000015ed      0x23a build/default/debug/FrameworkSource/dbprintf.o
 .debug_loc     0x0000000000001827       0x44 build/default/debug/ProjectSource/EventCheckers.o
 .debug_loc     0x000000000000186b       0xbb build/default/debug/ProjectSource/main.o
 .debug_loc     0x0000000000001926      0x217 build/default/debug/ProjectSource/ServoService.o
 .debug_loc     0x0000000000001b3d      0x81f build/default/debug/ProjectSource/PWM_PIC32.o
 .debug_loc     0x000000000000235c      0x130 build/default/debug/ProjectSource/AudioService.o
 .debug_loc     0x000000000000248c      0x2f4 build/default/debug/ProjectSource/GameService.o
 .debug_loc     0x0000000000002780      0x847 build/default/debug/ProjectSource/DCMotorService.o
 .debug_loc     0x0000000000002fc7      0x5c3 build/default/debug/ProjectSource/DM_DisplayStarter.o